Archive member included because of file (symbol)

c:/dave_4-4-2_64bit/dave-ide-4.4.2-64bit/eclipse/arm-gcc-49/bin/../lib/gcc/arm-none-eabi/4.9.3/armv6-m\libgcc.a(_thumb1_case_uqi.o)
                              ./optiga-trust-m-lib/optiga/comms/ifx_i2c/ifx_i2c_physical_layer.o (__gnu_thumb1_case_uqi)
c:/dave_4-4-2_64bit/dave-ide-4.4.2-64bit/eclipse/arm-gcc-49/bin/../lib/gcc/arm-none-eabi/4.9.3/armv6-m\libgcc.a(_thumb1_case_uhi.o)
                              ./optiga-trust-m-lib/optiga/comms/ifx_i2c/ifx_i2c_data_link_layer.o (__gnu_thumb1_case_uhi)
c:/dave_4-4-2_64bit/dave-ide-4.4.2-64bit/eclipse/arm-gcc-49/bin/../lib/gcc/arm-none-eabi/4.9.3/armv6-m\libgcc.a(_lshrdi3.o)
                              ./Libraries/XMCLib/src/xmc1_scu.o (__aeabi_llsr)
c:/dave_4-4-2_64bit/dave-ide-4.4.2-64bit/eclipse/arm-gcc-49/bin/../lib/gcc/arm-none-eabi/4.9.3/armv6-m\libgcc.a(_ashldi3.o)
                              ./Libraries/XMCLib/src/xmc1_scu.o (__aeabi_llsl)
c:/dave_4-4-2_64bit/dave-ide-4.4.2-64bit/eclipse/arm-gcc-49/bin/../lib/gcc/arm-none-eabi/4.9.3/armv6-m\libgcc.a(_aeabi_uldivmod.o)
                              ./optiga-trust-m-lib/externals/mbedtls/library/bignum.o (__aeabi_uldivmod)
c:/dave_4-4-2_64bit/dave-ide-4.4.2-64bit/eclipse/arm-gcc-49/bin/../lib/gcc/arm-none-eabi/4.9.3/armv6-m\libgcc.a(_muldi3.o)
                              ./optiga-trust-m-lib/externals/mbedtls/library/bignum.o (__aeabi_lmul)
c:/dave_4-4-2_64bit/dave-ide-4.4.2-64bit/eclipse/arm-gcc-49/bin/../lib/gcc/arm-none-eabi/4.9.3/armv6-m\libgcc.a(_fixunssfsi.o)
                              ./Libraries/XMCLib/src/xmc_usic.o (__aeabi_f2uiz)
c:/dave_4-4-2_64bit/dave-ide-4.4.2-64bit/eclipse/arm-gcc-49/bin/../lib/gcc/arm-none-eabi/4.9.3/armv6-m\libgcc.a(bpabi.o)
                              c:/dave_4-4-2_64bit/dave-ide-4.4.2-64bit/eclipse/arm-gcc-49/bin/../lib/gcc/arm-none-eabi/4.9.3/armv6-m\libgcc.a(_aeabi_uldivmod.o) (__gnu_uldivmod_helper)
c:/dave_4-4-2_64bit/dave-ide-4.4.2-64bit/eclipse/arm-gcc-49/bin/../lib/gcc/arm-none-eabi/4.9.3/armv6-m\libgcc.a(divsf3.o)
                              ./Libraries/XMCLib/src/xmc_usic.o (__aeabi_fdiv)
c:/dave_4-4-2_64bit/dave-ide-4.4.2-64bit/eclipse/arm-gcc-49/bin/../lib/gcc/arm-none-eabi/4.9.3/armv6-m\libgcc.a(mulsf3.o)
                              ./Libraries/XMCLib/src/xmc_usic.o (__aeabi_fmul)
c:/dave_4-4-2_64bit/dave-ide-4.4.2-64bit/eclipse/arm-gcc-49/bin/../lib/gcc/arm-none-eabi/4.9.3/armv6-m\libgcc.a(subsf3.o)
                              c:/dave_4-4-2_64bit/dave-ide-4.4.2-64bit/eclipse/arm-gcc-49/bin/../lib/gcc/arm-none-eabi/4.9.3/armv6-m\libgcc.a(_fixunssfsi.o) (__aeabi_fsub)
c:/dave_4-4-2_64bit/dave-ide-4.4.2-64bit/eclipse/arm-gcc-49/bin/../lib/gcc/arm-none-eabi/4.9.3/armv6-m\libgcc.a(fixsfsi.o)
                              c:/dave_4-4-2_64bit/dave-ide-4.4.2-64bit/eclipse/arm-gcc-49/bin/../lib/gcc/arm-none-eabi/4.9.3/armv6-m\libgcc.a(_fixunssfsi.o) (__aeabi_f2iz)
c:/dave_4-4-2_64bit/dave-ide-4.4.2-64bit/eclipse/arm-gcc-49/bin/../lib/gcc/arm-none-eabi/4.9.3/armv6-m\libgcc.a(floatunsisf.o)
                              ./Libraries/XMCLib/src/xmc_usic.o (__aeabi_ui2f)
c:/dave_4-4-2_64bit/dave-ide-4.4.2-64bit/eclipse/arm-gcc-49/bin/../lib/gcc/arm-none-eabi/4.9.3/armv6-m\libgcc.a(_dvmd_tls.o)
                              c:/dave_4-4-2_64bit/dave-ide-4.4.2-64bit/eclipse/arm-gcc-49/bin/../lib/gcc/arm-none-eabi/4.9.3/armv6-m\libgcc.a(_aeabi_uldivmod.o) (__aeabi_ldiv0)
c:/dave_4-4-2_64bit/dave-ide-4.4.2-64bit/eclipse/arm-gcc-49/bin/../lib/gcc/arm-none-eabi/4.9.3/armv6-m\libgcc.a(_arm_cmpsf2.o)
                              c:/dave_4-4-2_64bit/dave-ide-4.4.2-64bit/eclipse/arm-gcc-49/bin/../lib/gcc/arm-none-eabi/4.9.3/armv6-m\libgcc.a(_fixunssfsi.o) (__aeabi_fcmpge)
c:/dave_4-4-2_64bit/dave-ide-4.4.2-64bit/eclipse/arm-gcc-49/bin/../lib/gcc/arm-none-eabi/4.9.3/armv6-m\libgcc.a(_clzsi2.o)
                              c:/dave_4-4-2_64bit/dave-ide-4.4.2-64bit/eclipse/arm-gcc-49/bin/../lib/gcc/arm-none-eabi/4.9.3/armv6-m\libgcc.a(divsf3.o) (__clzsi2)
c:/dave_4-4-2_64bit/dave-ide-4.4.2-64bit/eclipse/arm-gcc-49/bin/../lib/gcc/arm-none-eabi/4.9.3/armv6-m\libgcc.a(_divdi3.o)
                              c:/dave_4-4-2_64bit/dave-ide-4.4.2-64bit/eclipse/arm-gcc-49/bin/../lib/gcc/arm-none-eabi/4.9.3/armv6-m\libgcc.a(bpabi.o) (__divdi3)
c:/dave_4-4-2_64bit/dave-ide-4.4.2-64bit/eclipse/arm-gcc-49/bin/../lib/gcc/arm-none-eabi/4.9.3/armv6-m\libgcc.a(_udivdi3.o)
                              c:/dave_4-4-2_64bit/dave-ide-4.4.2-64bit/eclipse/arm-gcc-49/bin/../lib/gcc/arm-none-eabi/4.9.3/armv6-m\libgcc.a(bpabi.o) (__udivdi3)
c:/dave_4-4-2_64bit/dave-ide-4.4.2-64bit/eclipse/arm-gcc-49/bin/../lib/gcc/arm-none-eabi/4.9.3/armv6-m\libgcc.a(eqsf2.o)
                              c:/dave_4-4-2_64bit/dave-ide-4.4.2-64bit/eclipse/arm-gcc-49/bin/../lib/gcc/arm-none-eabi/4.9.3/armv6-m\libgcc.a(_arm_cmpsf2.o) (__eqsf2)
[...]
Memory Configuration

Name             Origin             Length             Attributes
FLASH            0x10001000         0x00032000         xr
SRAM             0x20000000         0x00004000         !xr
*default*        0x00000000         0xffffffff

Linker script and memory map

LOAD ./optiga-trust-m-lib/xmc-dave/pal.o
LOAD ./optiga-trust-m-lib/xmc-dave/pal_crypt_mbedtls.o
LOAD ./optiga-trust-m-lib/xmc-dave/pal_gpio.o
LOAD ./optiga-trust-m-lib/xmc-dave/pal_i2c.o
LOAD ./optiga-trust-m-lib/xmc-dave/pal_ifx_i2c_config.o
LOAD ./optiga-trust-m-lib/xmc-dave/pal_logger.o
LOAD ./optiga-trust-m-lib/xmc-dave/pal_os_datastore.o
LOAD ./optiga-trust-m-lib/xmc-dave/pal_os_event.o
LOAD ./optiga-trust-m-lib/xmc-dave/pal_os_lock.o
LOAD ./optiga-trust-m-lib/xmc-dave/pal_os_timer.o
LOAD ./optiga-trust-m-lib/optiga/util/optiga_util.o
LOAD ./optiga-trust-m-lib/optiga/crypt/optiga_crypt.o
LOAD ./optiga-trust-m-lib/optiga/comms/ifx_i2c/ifx_i2c.o
LOAD ./optiga-trust-m-lib/optiga/comms/ifx_i2c/ifx_i2c_config.o
LOAD ./optiga-trust-m-lib/optiga/comms/ifx_i2c/ifx_i2c_data_link_layer.o
LOAD ./optiga-trust-m-lib/optiga/comms/ifx_i2c/ifx_i2c_physical_layer.o
LOAD ./optiga-trust-m-lib/optiga/comms/ifx_i2c/ifx_i2c_presentation_layer.o
LOAD ./optiga-trust-m-lib/optiga/comms/ifx_i2c/ifx_i2c_transport_layer.o
LOAD ./optiga-trust-m-lib/optiga/comms/optiga_comms_ifx_i2c.o
LOAD ./optiga-trust-m-lib/optiga/common/optiga_lib_common.o
LOAD ./optiga-trust-m-lib/optiga/common/optiga_lib_logger.o
LOAD ./optiga-trust-m-lib/optiga/cmd/optiga_cmd.o
LOAD ./optiga-trust-m-lib/externals/mbedtls/library/aes.o
LOAD ./optiga-trust-m-lib/externals/mbedtls/library/aesni.o
LOAD ./optiga-trust-m-lib/externals/mbedtls/library/arc4.o
LOAD ./optiga-trust-m-lib/externals/mbedtls/library/aria.o
LOAD ./optiga-trust-m-lib/externals/mbedtls/library/asn1parse.o
LOAD ./optiga-trust-m-lib/externals/mbedtls/library/asn1write.o
LOAD ./optiga-trust-m-lib/externals/mbedtls/library/base64.o
LOAD ./optiga-trust-m-lib/externals/mbedtls/library/bignum.o
LOAD ./optiga-trust-m-lib/externals/mbedtls/library/blowfish.o
LOAD ./optiga-trust-m-lib/externals/mbedtls/library/camellia.o
LOAD ./optiga-trust-m-lib/externals/mbedtls/library/ccm.o
LOAD ./optiga-trust-m-lib/externals/mbedtls/library/certs.o
LOAD ./optiga-trust-m-lib/externals/mbedtls/library/chacha20.o
LOAD ./optiga-trust-m-lib/externals/mbedtls/library/chachapoly.o
LOAD ./optiga-trust-m-lib/externals/mbedtls/library/cipher.o
LOAD ./optiga-trust-m-lib/externals/mbedtls/library/cipher_wrap.o
LOAD ./optiga-trust-m-lib/externals/mbedtls/library/cmac.o
LOAD ./optiga-trust-m-lib/externals/mbedtls/library/ctr_drbg.o
LOAD ./optiga-trust-m-lib/externals/mbedtls/library/debug.o
LOAD ./optiga-trust-m-lib/externals/mbedtls/library/des.o
LOAD ./optiga-trust-m-lib/externals/mbedtls/library/dhm.o
LOAD ./optiga-trust-m-lib/externals/mbedtls/library/ecdh.o
LOAD ./optiga-trust-m-lib/externals/mbedtls/library/ecdsa.o
LOAD ./optiga-trust-m-lib/externals/mbedtls/library/ecjpake.o
LOAD ./optiga-trust-m-lib/externals/mbedtls/library/ecp.o
LOAD ./optiga-trust-m-lib/externals/mbedtls/library/ecp_curves.o
LOAD ./optiga-trust-m-lib/externals/mbedtls/library/entropy.o
LOAD ./optiga-trust-m-lib/externals/mbedtls/library/entropy_poll.o
LOAD ./optiga-trust-m-lib/externals/mbedtls/library/error.o
LOAD ./optiga-trust-m-lib/externals/mbedtls/library/gcm.o
LOAD ./optiga-trust-m-lib/externals/mbedtls/library/havege.o
LOAD ./optiga-trust-m-lib/externals/mbedtls/library/hkdf.o
LOAD ./optiga-trust-m-lib/externals/mbedtls/library/hmac_drbg.o
LOAD ./optiga-trust-m-lib/externals/mbedtls/library/md.o
LOAD ./optiga-trust-m-lib/externals/mbedtls/library/md2.o
LOAD ./optiga-trust-m-lib/externals/mbedtls/library/md4.o
LOAD ./optiga-trust-m-lib/externals/mbedtls/library/md5.o
LOAD ./optiga-trust-m-lib/externals/mbedtls/library/md_wrap.o
LOAD ./optiga-trust-m-lib/externals/mbedtls/library/memory_buffer_alloc.o
LOAD ./optiga-trust-m-lib/externals/mbedtls/library/net_sockets.o
LOAD ./optiga-trust-m-lib/externals/mbedtls/library/nist_kw.o
LOAD ./optiga-trust-m-lib/externals/mbedtls/library/oid.o
LOAD ./optiga-trust-m-lib/externals/mbedtls/library/padlock.o
LOAD ./optiga-trust-m-lib/externals/mbedtls/library/pem.o
LOAD ./optiga-trust-m-lib/externals/mbedtls/library/pk.o
LOAD ./optiga-trust-m-lib/externals/mbedtls/library/pk_wrap.o
LOAD ./optiga-trust-m-lib/externals/mbedtls/library/pkcs11.o
LOAD ./optiga-trust-m-lib/externals/mbedtls/library/pkcs12.o
LOAD ./optiga-trust-m-lib/externals/mbedtls/library/pkcs5.o
LOAD ./optiga-trust-m-lib/externals/mbedtls/library/pkparse.o
LOAD ./optiga-trust-m-lib/externals/mbedtls/library/pkwrite.o
LOAD ./optiga-trust-m-lib/externals/mbedtls/library/platform.o
LOAD ./optiga-trust-m-lib/externals/mbedtls/library/platform_util.o
LOAD ./optiga-trust-m-lib/externals/mbedtls/library/poly1305.o
LOAD ./optiga-trust-m-lib/externals/mbedtls/library/ripemd160.o
LOAD ./optiga-trust-m-lib/externals/mbedtls/library/rsa.o
LOAD ./optiga-trust-m-lib/externals/mbedtls/library/rsa_internal.o
LOAD ./optiga-trust-m-lib/externals/mbedtls/library/sha1.o
LOAD ./optiga-trust-m-lib/externals/mbedtls/library/sha256.o
LOAD ./optiga-trust-m-lib/externals/mbedtls/library/sha512.o
LOAD ./optiga-trust-m-lib/externals/mbedtls/library/ssl_cache.o
LOAD ./optiga-trust-m-lib/externals/mbedtls/library/ssl_ciphersuites.o
LOAD ./optiga-trust-m-lib/externals/mbedtls/library/ssl_cli.o
LOAD ./optiga-trust-m-lib/externals/mbedtls/library/ssl_cookie.o
LOAD ./optiga-trust-m-lib/externals/mbedtls/library/ssl_srv.o
LOAD ./optiga-trust-m-lib/externals/mbedtls/library/ssl_ticket.o
LOAD ./optiga-trust-m-lib/externals/mbedtls/library/ssl_tls.o
LOAD ./optiga-trust-m-lib/externals/mbedtls/library/threading.o
LOAD ./optiga-trust-m-lib/externals/mbedtls/library/timing.o
LOAD ./optiga-trust-m-lib/externals/mbedtls/library/version.o
LOAD ./optiga-trust-m-lib/externals/mbedtls/library/version_features.o
LOAD ./optiga-trust-m-lib/externals/mbedtls/library/x509.o
LOAD ./optiga-trust-m-lib/externals/mbedtls/library/x509_create.o
LOAD ./optiga-trust-m-lib/externals/mbedtls/library/x509_crl.o
LOAD ./optiga-trust-m-lib/externals/mbedtls/library/x509_crt.o
LOAD ./optiga-trust-m-lib/externals/mbedtls/library/x509_csr.o
LOAD ./optiga-trust-m-lib/externals/mbedtls/library/x509write_crt.o
LOAD ./optiga-trust-m-lib/externals/mbedtls/library/x509write_csr.o
LOAD ./optiga-trust-m-lib/externals/mbedtls/library/xtea.o
LOAD ./optiga-trust-m-lib/examples/example_optiga_crypt_ecc_generate_keypair.o
LOAD ./optiga-trust-m-lib/examples/example_optiga_crypt_ecdh.o
LOAD ./optiga-trust-m-lib/examples/example_optiga_crypt_ecdsa_sign.o
LOAD ./optiga-trust-m-lib/examples/example_optiga_crypt_ecdsa_verify.o
LOAD ./optiga-trust-m-lib/examples/example_optiga_crypt_hash.o
LOAD ./optiga-trust-m-lib/examples/example_optiga_crypt_random.o
LOAD ./optiga-trust-m-lib/examples/example_optiga_crypt_rsa_decrypt.o
LOAD ./optiga-trust-m-lib/examples/example_optiga_crypt_rsa_encrypt_message.o
LOAD ./optiga-trust-m-lib/examples/example_optiga_crypt_rsa_encrypt_session.o
LOAD ./optiga-trust-m-lib/examples/example_optiga_crypt_rsa_generate_keypair.o
LOAD ./optiga-trust-m-lib/examples/example_optiga_crypt_rsa_sign.o
LOAD ./optiga-trust-m-lib/examples/example_optiga_crypt_rsa_verify.o
LOAD ./optiga-trust-m-lib/examples/example_optiga_crypt_tls_prf_sha256.o
LOAD ./optiga-trust-m-lib/examples/example_optiga_hibernate_restore.o
LOAD ./optiga-trust-m-lib/examples/example_optiga_util_protected_update.o
LOAD ./optiga-trust-m-lib/examples/example_optiga_util_read_data.o
LOAD ./optiga-trust-m-lib/examples/example_optiga_util_read_uid.o
LOAD ./optiga-trust-m-lib/examples/example_optiga_util_update_count.o
LOAD ./optiga-trust-m-lib/examples/example_optiga_util_write_data.o
LOAD ./optiga-trust-m-lib/examples/example_pair_host_and_optiga_using_pre_shared_secret.o
LOAD ./Startup/startup_XMC1400.o
LOAD ./Startup/system_XMC1400.o
LOAD ./Libraries/XMCLib/src/xmc1_eru.o
LOAD ./Libraries/XMCLib/src/xmc1_flash.o
LOAD ./Libraries/XMCLib/src/xmc1_gpio.o
LOAD ./Libraries/XMCLib/src/xmc1_rtc.o
LOAD ./Libraries/XMCLib/src/xmc1_scu.o
LOAD ./Libraries/XMCLib/src/xmc_acmp.o
LOAD ./Libraries/XMCLib/src/xmc_bccu.o
LOAD ./Libraries/XMCLib/src/xmc_can.o
LOAD ./Libraries/XMCLib/src/xmc_ccu4.o
LOAD ./Libraries/XMCLib/src/xmc_ccu8.o
LOAD ./Libraries/XMCLib/src/xmc_common.o
LOAD ./Libraries/XMCLib/src/xmc_eru.o
LOAD ./Libraries/XMCLib/src/xmc_gpio.o
LOAD ./Libraries/XMCLib/src/xmc_i2c.o
LOAD ./Libraries/XMCLib/src/xmc_i2s.o
LOAD ./Libraries/XMCLib/src/xmc_ledts.o
LOAD ./Libraries/XMCLib/src/xmc_math.o
LOAD ./Libraries/XMCLib/src/xmc_pau.o
LOAD ./Libraries/XMCLib/src/xmc_posif.o
LOAD ./Libraries/XMCLib/src/xmc_prng.o
LOAD ./Libraries/XMCLib/src/xmc_rtc.o
LOAD ./Libraries/XMCLib/src/xmc_spi.o
LOAD ./Libraries/XMCLib/src/xmc_uart.o
LOAD ./Libraries/XMCLib/src/xmc_usic.o
LOAD ./Libraries/XMCLib/src/xmc_vadc.o
LOAD ./Libraries/XMCLib/src/xmc_wdt.o
LOAD ./Libraries/Newlib/syscalls.o
LOAD ./Dave/Generated/UART/uart.o
LOAD ./Dave/Generated/UART/uart_conf.o
LOAD ./Dave/Generated/TIMER/timer.o
LOAD ./Dave/Generated/TIMER/timer_conf.o
LOAD ./Dave/Generated/INTERRUPT/interrupt.o
LOAD ./Dave/Generated/INTERRUPT/interrupt_conf.o
LOAD ./Dave/Generated/I2C_MASTER/i2c_master.o
LOAD ./Dave/Generated/I2C_MASTER/i2c_master_conf.o
LOAD ./Dave/Generated/GLOBAL_CCU4/global_ccu4.o
LOAD ./Dave/Generated/GLOBAL_CCU4/global_ccu4_conf.o
LOAD ./Dave/Generated/DIGITAL_IO/digital_io.o
LOAD ./Dave/Generated/DIGITAL_IO/digital_io_conf.o
LOAD ./Dave/Generated/CPU_CTRL_XMC1/cpu_ctrl_xmc1.o
LOAD ./Dave/Generated/CPU_CTRL_XMC1/cpu_ctrl_xmc1_conf.o
LOAD ./Dave/Generated/CLOCK_XMC1/clock_xmc1.o
LOAD ./Dave/Generated/CLOCK_XMC1/clock_xmc1_conf.o
LOAD ./Dave/Generated/DAVE.o
LOAD ./main.o
LOAD ./optiga_shell.o
LOAD c:/dave_4-4-2_64bit/dave-ide-4.4.2-64bit/eclipse/arm-gcc-49/bin/../lib/gcc/arm-none-eabi/4.9.3/../../../../arm-none-eabi/lib/armv6-m\libm.a
START GROUP
LOAD c:/dave_4-4-2_64bit/dave-ide-4.4.2-64bit/eclipse/arm-gcc-49/bin/../lib/gcc/arm-none-eabi/4.9.3/armv6-m\libgcc.a
LOAD c:/dave_4-4-2_64bit/dave-ide-4.4.2-64bit/eclipse/arm-gcc-49/bin/../lib/gcc/arm-none-eabi/4.9.3/../../../../arm-none-eabi/lib/armv6-m\libg_nano.a
LOAD c:/dave_4-4-2_64bit/dave-ide-4.4.2-64bit/eclipse/arm-gcc-49/bin/../lib/gcc/arm-none-eabi/4.9.3/../../../../arm-none-eabi/lib/armv6-m\libc_nano.a
END GROUP
START GROUP
LOAD c:/dave_4-4-2_64bit/dave-ide-4.4.2-64bit/eclipse/arm-gcc-49/bin/../lib/gcc/arm-none-eabi/4.9.3/armv6-m\libgcc.a
LOAD c:/dave_4-4-2_64bit/dave-ide-4.4.2-64bit/eclipse/arm-gcc-49/bin/../lib/gcc/arm-none-eabi/4.9.3/../../../../arm-none-eabi/lib/armv6-m\libc_nano.a
LOAD c:/dave_4-4-2_64bit/dave-ide-4.4.2-64bit/eclipse/arm-gcc-49/bin/../lib/gcc/arm-none-eabi/4.9.3/../../../../arm-none-eabi/lib/armv6-m\libnosys.a
END GROUP
START GROUP
LOAD c:/dave_4-4-2_64bit/dave-ide-4.4.2-64bit/eclipse/arm-gcc-49/bin/../lib/gcc/arm-none-eabi/4.9.3/armv6-m\libgcc.a
LOAD c:/dave_4-4-2_64bit/dave-ide-4.4.2-64bit/eclipse/arm-gcc-49/bin/../lib/gcc/arm-none-eabi/4.9.3/../../../../arm-none-eabi/lib/armv6-m\libc_nano.a
LOAD c:/dave_4-4-2_64bit/dave-ide-4.4.2-64bit/eclipse/arm-gcc-49/bin/../lib/gcc/arm-none-eabi/4.9.3/../../../../arm-none-eabi/lib/armv6-m\libnosys.a
END GROUP
                0x00001400                stack_size = DEFINED (stack_size)?stack_size:0x1400
                0x00000004                no_init_size = 0x4

.text           0x10001000    0x10d88
                0x10001000                sText = .
 *(.reset)
 .reset         0x10001000       0xa0 ./Startup/startup_XMC1400.o
                0x10001000                __Vectors
                0x1000101c                Reset_Handler
                0x1000109c                IRQ5_Handler
                0x1000109c                PendSV_Handler
                0x1000109c                IRQ16_Handler
                0x1000109c                IRQ4_Handler
                0x1000109c                HardFault_Handler
                0x1000109c                IRQ23_Handler
                0x1000109c                IRQ22_Handler
                0x1000109c                IRQ29_Handler
                0x1000109c                IRQ20_Handler
                0x1000109c                IRQ13_Handler
                0x1000109c                IRQ25_Handler
                0x1000109c                IRQ30_Handler
                0x1000109c                IRQ21_Handler
                0x1000109c                IRQ31_Handler
                0x1000109c                IRQ28_Handler
                0x1000109c                IRQ2_Handler
                0x1000109c                IRQ24_Handler
                0x1000109c                SVC_Handler
                0x1000109c                IRQ1_Handler
                0x1000109c                IRQ19_Handler
                0x1000109c                IRQ6_Handler
                0x1000109c                IRQ15_Handler
                0x1000109c                IRQ18_Handler
                0x1000109c                IRQ14_Handler
                0x1000109c                IRQ12_Handler
                0x1000109c                IRQ8_Handler
                0x1000109c                IRQ3_Handler
                0x1000109c                IRQ27_Handler
                0x1000109c                IRQ26_Handler
                0x1000109c                IRQ17_Handler
 *(.text .text.* .gnu.linkonce.t.*)
 .text.pal_init
                0x100010a0        0x4 ./optiga-trust-m-lib/xmc-dave/pal.o
                0x100010a0                pal_init
 .text.pal_crypt_tls_prf_sha256
                0x100010a4      0x14a ./optiga-trust-m-lib/xmc-dave/pal_crypt_mbedtls.o
                0x100010a4                pal_crypt_tls_prf_sha256
 .text.pal_crypt_encrypt_aes128_ccm
                0x100011ee       0x8e ./optiga-trust-m-lib/xmc-dave/pal_crypt_mbedtls.o
                0x100011ee                pal_crypt_encrypt_aes128_ccm
 .text.pal_crypt_decrypt_aes128_ccm
                0x1000127c       0x82 ./optiga-trust-m-lib/xmc-dave/pal_crypt_mbedtls.o
                0x1000127c                pal_crypt_decrypt_aes128_ccm
 .text.pal_gpio_set_high
                0x100012fe       0x16 ./optiga-trust-m-lib/xmc-dave/pal_gpio.o
                0x100012fe                pal_gpio_set_high
 .text.pal_gpio_set_low
                0x10001314       0x18 ./optiga-trust-m-lib/xmc-dave/pal_gpio.o
                0x10001314                pal_gpio_set_low
 .text.pal_i2c_acquire.isra.2
                0x1000132c       0x20 ./optiga-trust-m-lib/xmc-dave/pal_i2c.o
 .text.invoke_upper_layer_callback
                0x1000134c       0x14 ./optiga-trust-m-lib/xmc-dave/pal_i2c.o
                0x1000134c                invoke_upper_layer_callback
 .text.i2c_master_end_of_transmit_callback
                0x10001360       0x14 ./optiga-trust-m-lib/xmc-dave/pal_i2c.o
                0x10001360                i2c_master_end_of_transmit_callback
 .text.i2c_master_end_of_receive_callback
                0x10001374       0x14 ./optiga-trust-m-lib/xmc-dave/pal_i2c.o
                0x10001374                i2c_master_end_of_receive_callback
 .text.i2c_master_error_detected_callback
                0x10001388       0x54 ./optiga-trust-m-lib/xmc-dave/pal_i2c.o
                0x10001388                i2c_master_error_detected_callback
 .text.i2c_master_nack_received_callback
                0x100013dc        0x8 ./optiga-trust-m-lib/xmc-dave/pal_i2c.o
                0x100013dc                i2c_master_nack_received_callback
 .text.i2c_master_arbitration_lost_callback
                0x100013e4        0x8 ./optiga-trust-m-lib/xmc-dave/pal_i2c.o
                0x100013e4                i2c_master_arbitration_lost_callback
 .text.pal_i2c_init
                0x100013ec       0x10 ./optiga-trust-m-lib/xmc-dave/pal_i2c.o
                0x100013ec                pal_i2c_init
 .text.pal_i2c_deinit
                0x100013fc        0x4 ./optiga-trust-m-lib/xmc-dave/pal_i2c.o
                0x100013fc                pal_i2c_deinit
 .text.pal_i2c_write
                0x10001400       0x54 ./optiga-trust-m-lib/xmc-dave/pal_i2c.o
                0x10001400                pal_i2c_write
 .text.pal_i2c_read
                0x10001454       0x58 ./optiga-trust-m-lib/xmc-dave/pal_i2c.o
                0x10001454                pal_i2c_read
 .text.pal_i2c_set_bitrate
                0x100014ac       0x50 ./optiga-trust-m-lib/xmc-dave/pal_i2c.o
                0x100014ac                pal_i2c_set_bitrate
 .text.cunit_console_uart_end_of_receive_callback
                0x100014fc        0xc ./optiga-trust-m-lib/xmc-dave/pal_logger.o
                0x100014fc                cunit_console_uart_end_of_receive_callback
 .text.pal_logger_init
                0x10001508       0x10 ./optiga-trust-m-lib/xmc-dave/pal_logger.o
                0x10001508                pal_logger_init
 .text.pal_logger_write
                0x10001518       0x44 ./optiga-trust-m-lib/xmc-dave/pal_logger.o
                0x10001518                pal_logger_write
 .text.pal_logger_read
                0x1000155c       0x28 ./optiga-trust-m-lib/xmc-dave/pal_logger.o
                0x1000155c                pal_logger_read
 .text.pal_os_datastore_write
                0x10001584       0x38 ./optiga-trust-m-lib/xmc-dave/pal_os_datastore.o
                0x10001584                pal_os_datastore_write
 .text.pal_os_datastore_read
                0x100015bc       0x50 ./optiga-trust-m-lib/xmc-dave/pal_os_datastore.o
                0x100015bc                pal_os_datastore_read
 .text.pal_os_event_stop
                0x1000160c        0x6 ./optiga-trust-m-lib/xmc-dave/pal_os_event.o
                0x1000160c                pal_os_event_stop
 *fill*         0x10001612        0x2 
 .text.IRQ7_Handler
                0x10001614       0x2c ./optiga-trust-m-lib/xmc-dave/pal_os_event.o
                0x10001614                IRQ7_Handler
 .text.pal_os_event_register_callback_oneshot
                0x10001640       0x20 ./optiga-trust-m-lib/xmc-dave/pal_os_event.o
                0x10001640                pal_os_event_register_callback_oneshot
 .text.pal_os_event_start
                0x10001660       0x16 ./optiga-trust-m-lib/xmc-dave/pal_os_event.o
                0x10001660                pal_os_event_start
 *fill*         0x10001676        0x2 
 .text.pal_os_event_create
                0x10001678       0x20 ./optiga-trust-m-lib/xmc-dave/pal_os_event.o
                0x10001678                pal_os_event_create
 .text.pal_os_lock_enter_critical_section
                0x10001698        0x2 ./optiga-trust-m-lib/xmc-dave/pal_os_lock.o
                0x10001698                pal_os_lock_enter_critical_section
 .text.pal_os_lock_exit_critical_section
                0x1000169a        0x2 ./optiga-trust-m-lib/xmc-dave/pal_os_lock.o
                0x1000169a                pal_os_lock_exit_critical_section
 .text.SysTick_Handler
                0x1000169c       0x10 ./optiga-trust-m-lib/xmc-dave/pal_os_timer.o
                0x1000169c                SysTick_Handler
 .text.IRQ0_Handler
                0x100016ac       0x24 ./optiga-trust-m-lib/xmc-dave/pal_os_timer.o
                0x100016ac                IRQ0_Handler
 .text.pal_os_timer_get_time_in_microseconds
                0x100016d0       0x10 ./optiga-trust-m-lib/xmc-dave/pal_os_timer.o
                0x100016d0                pal_os_timer_get_time_in_microseconds
 .text.pal_os_timer_get_time_in_milliseconds
                0x100016e0        0xc ./optiga-trust-m-lib/xmc-dave/pal_os_timer.o
                0x100016e0                pal_os_timer_get_time_in_milliseconds
 .text.pal_os_timer_delay_in_milliseconds
                0x100016ec       0x18 ./optiga-trust-m-lib/xmc-dave/pal_os_timer.o
                0x100016ec                pal_os_timer_delay_in_milliseconds
 .text.optiga_util_generic_event_handler
                0x10001704       0x10 ./optiga-trust-m-lib/optiga/util/optiga_util.o
 .text.optiga_util_reset_protection_level
                0x10001714        0xc ./optiga-trust-m-lib/optiga/util/optiga_util.o
 .text.optiga_util_write_data_wrapper
                0x10001720       0xa8 ./optiga-trust-m-lib/optiga/util/optiga_util.o
 .text.optiga_util_set_comms_params
                0x100017c8       0x12 ./optiga-trust-m-lib/optiga/util/optiga_util.o
                0x100017c8                optiga_util_set_comms_params
 *fill*         0x100017da        0x2 
 .text.optiga_util_create
                0x100017dc       0x50 ./optiga-trust-m-lib/optiga/util/optiga_util.o
                0x100017dc                optiga_util_create
 .text.optiga_util_destroy
                0x1000182c       0x30 ./optiga-trust-m-lib/optiga/util/optiga_util.o
                0x1000182c                optiga_util_destroy
 .text.optiga_util_open_application
                0x1000185c       0x84 ./optiga-trust-m-lib/optiga/util/optiga_util.o
                0x1000185c                optiga_util_open_application
 .text.optiga_util_close_application
                0x100018e0       0x84 ./optiga-trust-m-lib/optiga/util/optiga_util.o
                0x100018e0                optiga_util_close_application
 .text.optiga_util_read_data
                0x10001964       0xac ./optiga-trust-m-lib/optiga/util/optiga_util.o
                0x10001964                optiga_util_read_data
 .text.optiga_util_read_metadata
                0x10001a10       0xa4 ./optiga-trust-m-lib/optiga/util/optiga_util.o
                0x10001a10                optiga_util_read_metadata
 .text.optiga_util_write_data
                0x10001ab4       0x50 ./optiga-trust-m-lib/optiga/util/optiga_util.o
                0x10001ab4                optiga_util_write_data
 .text.optiga_util_write_metadata
                0x10001b04       0x9c ./optiga-trust-m-lib/optiga/util/optiga_util.o
                0x10001b04                optiga_util_write_metadata
 .text.optiga_util_protected_update_start
                0x10001ba0       0x98 ./optiga-trust-m-lib/optiga/util/optiga_util.o
                0x10001ba0                optiga_util_protected_update_start
 .text.optiga_util_protected_update_continue
                0x10001c38       0x60 ./optiga-trust-m-lib/optiga/util/optiga_util.o
                0x10001c38                optiga_util_protected_update_continue
 .text.optiga_util_protected_update_final
                0x10001c98       0x5c ./optiga-trust-m-lib/optiga/util/optiga_util.o
                0x10001c98                optiga_util_protected_update_final
 .text.optiga_util_update_count
                0x10001cf4       0x38 ./optiga-trust-m-lib/optiga/util/optiga_util.o
                0x10001cf4                optiga_util_update_count
 .text.optiga_crypt_generic_event_handler
                0x10001d2c       0x10 ./optiga-trust-m-lib/optiga/crypt/optiga_crypt.o
 .text.optiga_crypt_reset_protection_level
                0x10001d3c        0xc ./optiga-trust-m-lib/optiga/crypt/optiga_crypt.o
 .text.optiga_crypt_get_random
                0x10001d48       0x78 ./optiga-trust-m-lib/optiga/crypt/optiga_crypt.o
 .text.optiga_crypt_generate_keypair
                0x10001dc0       0x9c ./optiga-trust-m-lib/optiga/crypt/optiga_crypt.o
 .text.optiga_crypt_sign.isra.0
                0x10001e5c       0xa0 ./optiga-trust-m-lib/optiga/crypt/optiga_crypt.o
 .text.optiga_crypt_verify.isra.1
                0x10001efc       0xb4 ./optiga-trust-m-lib/optiga/crypt/optiga_crypt.o
 .text.optiga_crypt_rsa_enc_dec.isra.2
                0x10001fb0       0xa4 ./optiga-trust-m-lib/optiga/crypt/optiga_crypt.o
 .text.optiga_crypt_set_comms_params
                0x10002054       0x12 ./optiga-trust-m-lib/optiga/crypt/optiga_crypt.o
                0x10002054                optiga_crypt_set_comms_params
 *fill*         0x10002066        0x2 
 .text.optiga_crypt_create
                0x10002068       0x50 ./optiga-trust-m-lib/optiga/crypt/optiga_crypt.o
                0x10002068                optiga_crypt_create
 .text.optiga_crypt_destroy
                0x100020b8       0x30 ./optiga-trust-m-lib/optiga/crypt/optiga_crypt.o
                0x100020b8                optiga_crypt_destroy
 .text.optiga_crypt_random
                0x100020e8       0x4c ./optiga-trust-m-lib/optiga/crypt/optiga_crypt.o
                0x100020e8                optiga_crypt_random
 .text.optiga_crypt_hash_start
                0x10002134       0x94 ./optiga-trust-m-lib/optiga/crypt/optiga_crypt.o
                0x10002134                optiga_crypt_hash_start
 .text.optiga_crypt_hash_update
                0x100021c8       0xb4 ./optiga-trust-m-lib/optiga/crypt/optiga_crypt.o
                0x100021c8                optiga_crypt_hash_update
 .text.optiga_crypt_hash_finalize
                0x1000227c       0xa4 ./optiga-trust-m-lib/optiga/crypt/optiga_crypt.o
                0x1000227c                optiga_crypt_hash_finalize
 .text.optiga_crypt_ecc_generate_keypair
                0x10002320       0x40 ./optiga-trust-m-lib/optiga/crypt/optiga_crypt.o
                0x10002320                optiga_crypt_ecc_generate_keypair
 .text.optiga_crypt_ecdsa_sign
                0x10002360       0x3c ./optiga-trust-m-lib/optiga/crypt/optiga_crypt.o
                0x10002360                optiga_crypt_ecdsa_sign
 .text.optiga_crypt_ecdsa_verify
                0x1000239c       0x4c ./optiga-trust-m-lib/optiga/crypt/optiga_crypt.o
                0x1000239c                optiga_crypt_ecdsa_verify
 .text.optiga_crypt_ecdh
                0x100023e8       0xb0 ./optiga-trust-m-lib/optiga/crypt/optiga_crypt.o
                0x100023e8                optiga_crypt_ecdh
 .text.optiga_crypt_tls_prf_sha256
                0x10002498       0xd8 ./optiga-trust-m-lib/optiga/crypt/optiga_crypt.o
                0x10002498                optiga_crypt_tls_prf_sha256
 .text.optiga_crypt_rsa_generate_keypair
                0x10002570       0x40 ./optiga-trust-m-lib/optiga/crypt/optiga_crypt.o
                0x10002570                optiga_crypt_rsa_generate_keypair
 .text.optiga_crypt_rsa_sign
                0x100025b0       0x40 ./optiga-trust-m-lib/optiga/crypt/optiga_crypt.o
                0x100025b0                optiga_crypt_rsa_sign
 .text.optiga_crypt_rsa_verify
                0x100025f0       0x4c ./optiga-trust-m-lib/optiga/crypt/optiga_crypt.o
                0x100025f0                optiga_crypt_rsa_verify
 .text.optiga_crypt_rsa_encrypt_message
                0x1000263c       0x70 ./optiga-trust-m-lib/optiga/crypt/optiga_crypt.o
                0x1000263c                optiga_crypt_rsa_encrypt_message
 .text.optiga_crypt_rsa_encrypt_session
                0x100026ac       0x70 ./optiga-trust-m-lib/optiga/crypt/optiga_crypt.o
                0x100026ac                optiga_crypt_rsa_encrypt_session
 .text.optiga_crypt_rsa_decrypt_and_export
                0x1000271c       0x7c ./optiga-trust-m-lib/optiga/crypt/optiga_crypt.o
                0x1000271c                optiga_crypt_rsa_decrypt_and_export
 .text.optiga_crypt_rsa_decrypt_and_store
                0x10002798       0x60 ./optiga-trust-m-lib/optiga/crypt/optiga_crypt.o
                0x10002798                optiga_crypt_rsa_decrypt_and_store
 .text.optiga_crypt_rsa_generate_pre_master_secret
                0x100027f8       0x50 ./optiga-trust-m-lib/optiga/crypt/optiga_crypt.o
                0x100027f8                optiga_crypt_rsa_generate_pre_master_secret
 .text.ifx_i2c_tl_event_handler
                0x10002848       0x2c ./optiga-trust-m-lib/optiga/comms/ifx_i2c/ifx_i2c.o
                0x10002848                ifx_i2c_tl_event_handler
 .text.ifx_i2c_init
                0x10002874       0x94 ./optiga-trust-m-lib/optiga/comms/ifx_i2c/ifx_i2c.o
 .text.ifx_i2c_prl_close_event_handler
                0x10002908       0x36 ./optiga-trust-m-lib/optiga/comms/ifx_i2c/ifx_i2c.o
                0x10002908                ifx_i2c_prl_close_event_handler
 .text.ifx_i2c_open
                0x1000293e       0x3e ./optiga-trust-m-lib/optiga/comms/ifx_i2c/ifx_i2c.o
                0x1000293e                ifx_i2c_open
 .text.ifx_i2c_transceive
                0x1000297c       0x3a ./optiga-trust-m-lib/optiga/comms/ifx_i2c/ifx_i2c.o
                0x1000297c                ifx_i2c_transceive
 *fill*         0x100029b6        0x2 
 .text.ifx_i2c_close
                0x100029b8       0x48 ./optiga-trust-m-lib/optiga/comms/ifx_i2c/ifx_i2c.o
                0x100029b8                ifx_i2c_close
 .text.ifx_i2c_dl_calc_crc
                0x10002a00       0x3a ./optiga-trust-m-lib/optiga/comms/ifx_i2c/ifx_i2c_data_link_layer.o
 *fill*         0x10002a3a        0x2 
 .text.ifx_i2c_dl_send_frame_internal
                0x10002a3c       0xd4 ./optiga-trust-m-lib/optiga/comms/ifx_i2c/ifx_i2c_data_link_layer.o
 .text.ifx_i2c_pl_event_handler
                0x10002b10      0x370 ./optiga-trust-m-lib/optiga/comms/ifx_i2c/ifx_i2c_data_link_layer.o
 .text.ifx_i2c_dl_init
                0x10002e80       0x50 ./optiga-trust-m-lib/optiga/comms/ifx_i2c/ifx_i2c_data_link_layer.o
                0x10002e80                ifx_i2c_dl_init
 .text.ifx_i2c_dl_send_frame
                0x10002ed0       0x36 ./optiga-trust-m-lib/optiga/comms/ifx_i2c/ifx_i2c_data_link_layer.o
                0x10002ed0                ifx_i2c_dl_send_frame
 *fill*         0x10002f06        0x2 
 .text.ifx_i2c_dl_receive_frame
                0x10002f08       0x34 ./optiga-trust-m-lib/optiga/comms/ifx_i2c/ifx_i2c_data_link_layer.o
                0x10002f08                ifx_i2c_dl_receive_frame
 .text.ifx_i2c_pl_read_register
                0x10002f3c       0x32 ./optiga-trust-m-lib/optiga/comms/ifx_i2c/ifx_i2c_physical_layer.o
 .text.ifx_i2c_pl_status_poll_callback
                0x10002f6e        0xc ./optiga-trust-m-lib/optiga/comms/ifx_i2c/ifx_i2c_physical_layer.o
 .text.ifx_i2c_pl_write_register
                0x10002f7a       0x3c ./optiga-trust-m-lib/optiga/comms/ifx_i2c/ifx_i2c_physical_layer.o
 .text.ifx_i2c_pal_poll_callback
                0x10002fb6       0x34 ./optiga-trust-m-lib/optiga/comms/ifx_i2c/ifx_i2c_physical_layer.o
 *fill*         0x10002fea        0x2 
 .text.ifx_i2c_pl_set_bit_rate
                0x10002fec       0x44 ./optiga-trust-m-lib/optiga/comms/ifx_i2c/ifx_i2c_physical_layer.o
 .text.ifx_i2c_pl_negotiation_event_handler
                0x10003030      0x18c ./optiga-trust-m-lib/optiga/comms/ifx_i2c/ifx_i2c_physical_layer.o
 .text.ifx_i2c_pl_frame_event_handler
                0x100031bc      0x114 ./optiga-trust-m-lib/optiga/comms/ifx_i2c/ifx_i2c_physical_layer.o
 .text.ifx_i2c_pl_soft_reset
                0x100032d0       0x98 ./optiga-trust-m-lib/optiga/comms/ifx_i2c/ifx_i2c_physical_layer.o
 .text.ifx_i2c_pl_pal_event_handler
                0x10003368       0x4c ./optiga-trust-m-lib/optiga/comms/ifx_i2c/ifx_i2c_physical_layer.o
 .text.ifx_i2c_pl_guard_time_callback
                0x100033b4       0x38 ./optiga-trust-m-lib/optiga/comms/ifx_i2c/ifx_i2c_physical_layer.o
 .text.ifx_i2c_pl_init
                0x100033ec       0x6c ./optiga-trust-m-lib/optiga/comms/ifx_i2c/ifx_i2c_physical_layer.o
                0x100033ec                ifx_i2c_pl_init
 .text.ifx_i2c_pl_send_frame
                0x10003458       0x30 ./optiga-trust-m-lib/optiga/comms/ifx_i2c/ifx_i2c_physical_layer.o
                0x10003458                ifx_i2c_pl_send_frame
 .text.ifx_i2c_pl_receive_frame
                0x10003488       0x28 ./optiga-trust-m-lib/optiga/comms/ifx_i2c/ifx_i2c_physical_layer.o
                0x10003488                ifx_i2c_pl_receive_frame
 .text.ifx_i2c_prl_decrypt_msg
                0x100034b0       0xa0 ./optiga-trust-m-lib/optiga/comms/ifx_i2c/ifx_i2c_presentation_layer.o
 .text.ifx_i2c_prl_encrypt_msg
                0x10003550       0x88 ./optiga-trust-m-lib/optiga/comms/ifx_i2c/ifx_i2c_presentation_layer.o
 .text.ifx_i2c_prl_event_handler
                0x100035d8      0xa94 ./optiga-trust-m-lib/optiga/comms/ifx_i2c/ifx_i2c_presentation_layer.o
 .text.ifx_i2c_prl_init
                0x1000406c       0x68 ./optiga-trust-m-lib/optiga/comms/ifx_i2c/ifx_i2c_presentation_layer.o
                0x1000406c                ifx_i2c_prl_init
 .text.ifx_i2c_prl_close
                0x100040d4       0x54 ./optiga-trust-m-lib/optiga/comms/ifx_i2c/ifx_i2c_presentation_layer.o
                0x100040d4                ifx_i2c_prl_close
 .text.ifx_i2c_prl_transceive
                0x10004128       0xa0 ./optiga-trust-m-lib/optiga/comms/ifx_i2c/ifx_i2c_presentation_layer.o
                0x10004128                ifx_i2c_prl_transceive
 .text.ifx_i2c_tl_send_next_fragment
                0x100041c8       0x58 ./optiga-trust-m-lib/optiga/comms/ifx_i2c/ifx_i2c_transport_layer.o
 .text.ifx_i2c_dl_event_handler
                0x10004220      0x28c ./optiga-trust-m-lib/optiga/comms/ifx_i2c/ifx_i2c_transport_layer.o
 .text.ifx_i2c_tl_init
                0x100044ac       0x38 ./optiga-trust-m-lib/optiga/comms/ifx_i2c/ifx_i2c_transport_layer.o
                0x100044ac                ifx_i2c_tl_init
 .text.ifx_i2c_tl_transceive
                0x100044e4       0x60 ./optiga-trust-m-lib/optiga/comms/ifx_i2c/ifx_i2c_transport_layer.o
                0x100044e4                ifx_i2c_tl_transceive
 .text.ifx_i2c_event_handler
                0x10004544       0x10 ./optiga-trust-m-lib/optiga/comms/optiga_comms_ifx_i2c.o
 .text.optiga_comms_create
                0x10004554       0x1c ./optiga-trust-m-lib/optiga/comms/optiga_comms_ifx_i2c.o
                0x10004554                optiga_comms_create
 .text.optiga_comms_set_callback_context
                0x10004570        0x6 ./optiga-trust-m-lib/optiga/comms/optiga_comms_ifx_i2c.o
                0x10004570                optiga_comms_set_callback_context
 *fill*         0x10004576        0x2 
 .text.optiga_comms_open
                0x10004578       0x48 ./optiga-trust-m-lib/optiga/comms/optiga_comms_ifx_i2c.o
                0x10004578                optiga_comms_open
 .text.optiga_comms_transceive
                0x100045c0       0x50 ./optiga-trust-m-lib/optiga/comms/optiga_comms_ifx_i2c.o
                0x100045c0                optiga_comms_transceive
 .text.optiga_comms_close
                0x10004610       0x3c ./optiga-trust-m-lib/optiga/comms/optiga_comms_ifx_i2c.o
                0x10004610                optiga_comms_close
 .text.optiga_common_get_uint32
                0x1000464c       0x18 ./optiga-trust-m-lib/optiga/common/optiga_lib_common.o
                0x1000464c                optiga_common_get_uint32
 .text.optiga_common_set_uint16
                0x10004664        0x8 ./optiga-trust-m-lib/optiga/common/optiga_lib_common.o
                0x10004664                optiga_common_set_uint16
 .text.optiga_common_set_uint32
                0x1000466c       0x10 ./optiga-trust-m-lib/optiga/common/optiga_lib_common.o
                0x1000466c                optiga_common_set_uint32
 .text.optiga_common_get_uint16
                0x1000467c        0xe ./optiga-trust-m-lib/optiga/common/optiga_lib_common.o
                0x1000467c                optiga_common_get_uint16
 .text.optiga_lib_word_to_hex_string
                0x1000468a       0x58 ./optiga-trust-m-lib/optiga/common/optiga_lib_logger.o
 *fill*         0x100046e2        0x2 
 .text.optiga_lib_print_string
                0x100046e4       0x1c ./optiga-trust-m-lib/optiga/common/optiga_lib_logger.o
                0x100046e4                optiga_lib_print_string
 .text.optiga_lib_print_string_with_newline
                0x10004700       0x38 ./optiga-trust-m-lib/optiga/common/optiga_lib_logger.o
                0x10004700                optiga_lib_print_string_with_newline
 .text.optiga_lib_print_message
                0x10004738       0x64 ./optiga-trust-m-lib/optiga/common/optiga_lib_logger.o
                0x10004738                optiga_lib_print_message
 .text.optiga_lib_print_status
                0x1000479c       0xc0 ./optiga-trust-m-lib/optiga/common/optiga_lib_logger.o
                0x1000479c                optiga_lib_print_status
 .text.optiga_lib_print_array_hex_format
                0x1000485c      0x124 ./optiga-trust-m-lib/optiga/common/optiga_lib_logger.o
                0x1000485c                optiga_lib_print_array_hex_format
 .text.optiga_cmd_prepare_tag_header
                0x10004980       0x1a ./optiga-trust-m-lib/optiga/cmd/optiga_cmd.o
 .text.optiga_cmd_queue_update_slot
                0x1000499a       0x88 ./optiga-trust-m-lib/optiga/cmd/optiga_cmd.o
 *fill*         0x10004a22        0x2 
 .text.optiga_cmd_queue_reset_slot
                0x10004a24       0x58 ./optiga-trust-m-lib/optiga/cmd/optiga_cmd.o
 .text.optiga_cmd_execute_handler
                0x10004a7c      0x37c ./optiga-trust-m-lib/optiga/cmd/optiga_cmd.o
 .text.optiga_cmd_event_trigger_execute
                0x10004df8        0xa ./optiga-trust-m-lib/optiga/cmd/optiga_cmd.o
 *fill*         0x10004e02        0x2 
 .text.optiga_cmd_get_data_object_handler
                0x10004e04      0x164 ./optiga-trust-m-lib/optiga/cmd/optiga_cmd.o
 .text.optiga_cmd_set_data_object_handler
                0x10004f68      0x110 ./optiga-trust-m-lib/optiga/cmd/optiga_cmd.o
 .text.optiga_cmd_get_random_handler
                0x10005078      0x12c ./optiga-trust-m-lib/optiga/cmd/optiga_cmd.o
 .text.optiga_cmd_calc_sign_handler
                0x100051a4      0x120 ./optiga-trust-m-lib/optiga/cmd/optiga_cmd.o
 .text.optiga_cmd_verify_sign_handler
                0x100052c4      0x18c ./optiga-trust-m-lib/optiga/cmd/optiga_cmd.o
 .text.optiga_cmd_calc_ssec_handler
                0x10005450      0x17c ./optiga-trust-m-lib/optiga/cmd/optiga_cmd.o
 .text.optiga_cmd_derive_key_handler
                0x100055cc      0x1d8 ./optiga-trust-m-lib/optiga/cmd/optiga_cmd.o
 .text.optiga_cmd_set_object_protected_handler
                0x100057a4       0xfc ./optiga-trust-m-lib/optiga/cmd/optiga_cmd.o
 .text.optiga_cmd_gen_keypair_handler
                0x100058a0      0x188 ./optiga-trust-m-lib/optiga/cmd/optiga_cmd.o
 .text.optiga_cmd_encrypt_asym_handler
                0x10005a28      0x1d8 ./optiga-trust-m-lib/optiga/cmd/optiga_cmd.o
 .text.optiga_cmd_decrypt_asym_handler
                0x10005c00      0x194 ./optiga-trust-m-lib/optiga/cmd/optiga_cmd.o
 .text.optiga_cmd_calc_hash_handler
                0x10005d94      0x254 ./optiga-trust-m-lib/optiga/cmd/optiga_cmd.o
 .text.optiga_cmd_close_application_handler
                0x10005fe8       0xcc ./optiga-trust-m-lib/optiga/cmd/optiga_cmd.o
 .text.optiga_cmd_open_application_handler
                0x100060b4      0x13c ./optiga-trust-m-lib/optiga/cmd/optiga_cmd.o
 .text.optiga_cmd_queue_scheduler
                0x100061f0      0x200 ./optiga-trust-m-lib/optiga/cmd/optiga_cmd.o
 .text.optiga_cmd_set_shielded_connection_option
                0x100063f0       0x18 ./optiga-trust-m-lib/optiga/cmd/optiga_cmd.o
                0x100063f0                optiga_cmd_set_shielded_connection_option
 .text.optiga_cmd_create
                0x10006408       0xb4 ./optiga-trust-m-lib/optiga/cmd/optiga_cmd.o
                0x10006408                optiga_cmd_create
 .text.optiga_cmd_destroy
                0x100064bc       0x4c ./optiga-trust-m-lib/optiga/cmd/optiga_cmd.o
                0x100064bc                optiga_cmd_destroy
 .text.optiga_cmd_open_application
                0x10006508       0x3c ./optiga-trust-m-lib/optiga/cmd/optiga_cmd.o
                0x10006508                optiga_cmd_open_application
 .text.optiga_cmd_close_application
                0x10006544       0x40 ./optiga-trust-m-lib/optiga/cmd/optiga_cmd.o
                0x10006544                optiga_cmd_close_application
 .text.optiga_cmd_get_data_object
                0x10006584       0x40 ./optiga-trust-m-lib/optiga/cmd/optiga_cmd.o
                0x10006584                optiga_cmd_get_data_object
 .text.optiga_cmd_set_data_object
                0x100065c4       0x40 ./optiga-trust-m-lib/optiga/cmd/optiga_cmd.o
                0x100065c4                optiga_cmd_set_data_object
 .text.optiga_cmd_get_random
                0x10006604       0x44 ./optiga-trust-m-lib/optiga/cmd/optiga_cmd.o
                0x10006604                optiga_cmd_get_random
 .text.optiga_cmd_calc_sign
                0x10006648       0x58 ./optiga-trust-m-lib/optiga/cmd/optiga_cmd.o
                0x10006648                optiga_cmd_calc_sign
 .text.optiga_cmd_verify_sign
                0x100066a0       0x40 ./optiga-trust-m-lib/optiga/cmd/optiga_cmd.o
                0x100066a0                optiga_cmd_verify_sign
 .text.optiga_cmd_calc_ssec
                0x100066e0       0x60 ./optiga-trust-m-lib/optiga/cmd/optiga_cmd.o
                0x100066e0                optiga_cmd_calc_ssec
 .text.optiga_cmd_derive_key
                0x10006740       0x64 ./optiga-trust-m-lib/optiga/cmd/optiga_cmd.o
                0x10006740                optiga_cmd_derive_key
 .text.optiga_cmd_gen_keypair
                0x100067a4       0x4c ./optiga-trust-m-lib/optiga/cmd/optiga_cmd.o
                0x100067a4                optiga_cmd_gen_keypair
 .text.optiga_cmd_encrypt_asym
                0x100067f0       0x58 ./optiga-trust-m-lib/optiga/cmd/optiga_cmd.o
                0x100067f0                optiga_cmd_encrypt_asym
 .text.optiga_cmd_decrypt_asym
                0x10006848       0x4c ./optiga-trust-m-lib/optiga/cmd/optiga_cmd.o
                0x10006848                optiga_cmd_decrypt_asym
 .text.optiga_cmd_calc_hash
                0x10006894       0x40 ./optiga-trust-m-lib/optiga/cmd/optiga_cmd.o
                0x10006894                optiga_cmd_calc_hash
 .text.optiga_cmd_set_object_protected
                0x100068d4       0x78 ./optiga-trust-m-lib/optiga/cmd/optiga_cmd.o
                0x100068d4                optiga_cmd_set_object_protected
 .text.mbedtls_aes_init
                0x1000694c        0xe ./optiga-trust-m-lib/externals/mbedtls/library/aes.o
                0x1000694c                mbedtls_aes_init
 .text.mbedtls_aes_free
                0x1000695a       0x10 ./optiga-trust-m-lib/externals/mbedtls/library/aes.o
                0x1000695a                mbedtls_aes_free
 *fill*         0x1000696a        0x2 
 .text.mbedtls_aes_setkey_enc
                0x1000696c      0x1b4 ./optiga-trust-m-lib/externals/mbedtls/library/aes.o
                0x1000696c                mbedtls_aes_setkey_enc
 .text.mbedtls_aes_setkey_dec
                0x10006b20       0xcc ./optiga-trust-m-lib/externals/mbedtls/library/aes.o
                0x10006b20                mbedtls_aes_setkey_dec
 .text.mbedtls_internal_aes_encrypt
                0x10006bec      0x3f8 ./optiga-trust-m-lib/externals/mbedtls/library/aes.o
                0x10006bec                mbedtls_internal_aes_encrypt
 .text.mbedtls_internal_aes_decrypt
                0x10006fe4      0x418 ./optiga-trust-m-lib/externals/mbedtls/library/aes.o
                0x10006fe4                mbedtls_internal_aes_decrypt
 .text.mbedtls_aes_crypt_ecb
                0x100073fc       0x1a ./optiga-trust-m-lib/externals/mbedtls/library/aes.o
                0x100073fc                mbedtls_aes_crypt_ecb
 .text.ccm_auth_crypt
                0x10007416      0x2be ./optiga-trust-m-lib/externals/mbedtls/library/ccm.o
 .text.mbedtls_ccm_init
                0x100076d4        0xc ./optiga-trust-m-lib/externals/mbedtls/library/ccm.o
                0x100076d4                mbedtls_ccm_init
 .text.mbedtls_ccm_setkey
                0x100076e0       0x42 ./optiga-trust-m-lib/externals/mbedtls/library/ccm.o
                0x100076e0                mbedtls_ccm_setkey
 .text.mbedtls_ccm_free
                0x10007722       0x16 ./optiga-trust-m-lib/externals/mbedtls/library/ccm.o
                0x10007722                mbedtls_ccm_free
 .text.mbedtls_ccm_star_encrypt_and_tag
                0x10007738       0x30 ./optiga-trust-m-lib/externals/mbedtls/library/ccm.o
                0x10007738                mbedtls_ccm_star_encrypt_and_tag
 .text.mbedtls_ccm_encrypt_and_tag
                0x10007768       0x2e ./optiga-trust-m-lib/externals/mbedtls/library/ccm.o
                0x10007768                mbedtls_ccm_encrypt_and_tag
 .text.mbedtls_ccm_star_auth_decrypt
                0x10007796       0x5e ./optiga-trust-m-lib/externals/mbedtls/library/ccm.o
                0x10007796                mbedtls_ccm_star_auth_decrypt
 .text.mbedtls_ccm_auth_decrypt
                0x100077f4       0x2e ./optiga-trust-m-lib/externals/mbedtls/library/ccm.o
                0x100077f4                mbedtls_ccm_auth_decrypt
 *fill*         0x10007822        0x2 
 .text.mbedtls_cipher_info_from_values
                0x10007824       0x2c ./optiga-trust-m-lib/externals/mbedtls/library/cipher.o
                0x10007824                mbedtls_cipher_info_from_values
 .text.mbedtls_cipher_free
                0x10007850       0x20 ./optiga-trust-m-lib/externals/mbedtls/library/cipher.o
                0x10007850                mbedtls_cipher_free
 .text.mbedtls_cipher_setup
                0x10007870       0x34 ./optiga-trust-m-lib/externals/mbedtls/library/cipher.o
                0x10007870                mbedtls_cipher_setup
 .text.mbedtls_cipher_setkey
                0x100078a4       0x40 ./optiga-trust-m-lib/externals/mbedtls/library/cipher.o
                0x100078a4                mbedtls_cipher_setkey
 .text.mbedtls_cipher_update
                0x100078e4       0x6c ./optiga-trust-m-lib/externals/mbedtls/library/cipher.o
                0x100078e4                mbedtls_cipher_update
 .text.ccm_ctx_free
                0x10007950       0x10 ./optiga-trust-m-lib/externals/mbedtls/library/cipher_wrap.o
 .text.ccm_ctx_alloc
                0x10007960       0x16 ./optiga-trust-m-lib/externals/mbedtls/library/cipher_wrap.o
 .text.ccm_aes_setkey_wrap
                0x10007976       0x10 ./optiga-trust-m-lib/externals/mbedtls/library/cipher_wrap.o
 .text.aes_ctx_free
                0x10007986       0x10 ./optiga-trust-m-lib/externals/mbedtls/library/cipher_wrap.o
 .text.aes_ctx_alloc
                0x10007996       0x18 ./optiga-trust-m-lib/externals/mbedtls/library/cipher_wrap.o
 .text.aes_setkey_dec_wrap
                0x100079ae        0x8 ./optiga-trust-m-lib/externals/mbedtls/library/cipher_wrap.o
 .text.aes_setkey_enc_wrap
                0x100079b6        0x8 ./optiga-trust-m-lib/externals/mbedtls/library/cipher_wrap.o
 .text.aes_crypt_ecb_wrap
                0x100079be        0x8 ./optiga-trust-m-lib/externals/mbedtls/library/cipher_wrap.o
 *fill*         0x100079c6        0x2 
 .text.mbedtls_md_info_from_type
                0x100079c8       0x20 ./optiga-trust-m-lib/externals/mbedtls/library/md.o
                0x100079c8                mbedtls_md_info_from_type
 .text.mbedtls_md_init
                0x100079e8        0xc ./optiga-trust-m-lib/externals/mbedtls/library/md.o
                0x100079e8                mbedtls_md_init
 .text.mbedtls_md_free
                0x100079f4       0x38 ./optiga-trust-m-lib/externals/mbedtls/library/md.o
                0x100079f4                mbedtls_md_free
 .text.mbedtls_md_setup
                0x10007a2c       0x4c ./optiga-trust-m-lib/externals/mbedtls/library/md.o
                0x10007a2c                mbedtls_md_setup
 .text.mbedtls_md_hmac_starts
                0x10007a78       0xbc ./optiga-trust-m-lib/externals/mbedtls/library/md.o
                0x10007a78                mbedtls_md_hmac_starts
 .text.mbedtls_md_hmac_update
                0x10007b34       0x24 ./optiga-trust-m-lib/externals/mbedtls/library/md.o
                0x10007b34                mbedtls_md_hmac_update
 .text.mbedtls_md_hmac_finish
                0x10007b58       0x68 ./optiga-trust-m-lib/externals/mbedtls/library/md.o
                0x10007b58                mbedtls_md_hmac_finish
 .text.mbedtls_md_hmac_reset
                0x10007bc0       0x34 ./optiga-trust-m-lib/externals/mbedtls/library/md.o
                0x10007bc0                mbedtls_md_hmac_reset
 .text.sha224_process_wrap
                0x10007bf4        0x8 ./optiga-trust-m-lib/externals/mbedtls/library/md_wrap.o
 .text.sha224_clone_wrap
                0x10007bfc        0x8 ./optiga-trust-m-lib/externals/mbedtls/library/md_wrap.o
 .text.sha224_ctx_free
                0x10007c04       0x10 ./optiga-trust-m-lib/externals/mbedtls/library/md_wrap.o
 .text.sha224_ctx_alloc
                0x10007c14       0x16 ./optiga-trust-m-lib/externals/mbedtls/library/md_wrap.o
 .text.sha224_wrap
                0x10007c2a        0xa ./optiga-trust-m-lib/externals/mbedtls/library/md_wrap.o
 .text.sha256_wrap
                0x10007c34        0xa ./optiga-trust-m-lib/externals/mbedtls/library/md_wrap.o
 .text.sha224_finish_wrap
                0x10007c3e        0x8 ./optiga-trust-m-lib/externals/mbedtls/library/md_wrap.o
 .text.sha224_update_wrap
                0x10007c46        0x8 ./optiga-trust-m-lib/externals/mbedtls/library/md_wrap.o
 .text.sha224_starts_wrap
                0x10007c4e        0xa ./optiga-trust-m-lib/externals/mbedtls/library/md_wrap.o
 .text.sha256_starts_wrap
                0x10007c58        0xa ./optiga-trust-m-lib/externals/mbedtls/library/md_wrap.o
 *fill*         0x10007c62        0x2 
 .text.mbedtls_platform_zeroize
                0x10007c64       0x14 ./optiga-trust-m-lib/externals/mbedtls/library/platform_util.o
                0x10007c64                mbedtls_platform_zeroize
 .text.mbedtls_sha256_init
                0x10007c78        0xc ./optiga-trust-m-lib/externals/mbedtls/library/sha256.o
                0x10007c78                mbedtls_sha256_init
 .text.mbedtls_sha256_free
                0x10007c84        0xe ./optiga-trust-m-lib/externals/mbedtls/library/sha256.o
                0x10007c84                mbedtls_sha256_free
 .text.mbedtls_sha256_clone
                0x10007c92        0xa ./optiga-trust-m-lib/externals/mbedtls/library/sha256.o
                0x10007c92                mbedtls_sha256_clone
 .text.mbedtls_sha256_starts_ret
                0x10007c9c       0x90 ./optiga-trust-m-lib/externals/mbedtls/library/sha256.o
                0x10007c9c                mbedtls_sha256_starts_ret
 .text.mbedtls_internal_sha256_process
                0x10007d2c      0x920 ./optiga-trust-m-lib/externals/mbedtls/library/sha256.o
                0x10007d2c                mbedtls_internal_sha256_process
 .text.mbedtls_sha256_update_ret
                0x1000864c       0x80 ./optiga-trust-m-lib/externals/mbedtls/library/sha256.o
                0x1000864c                mbedtls_sha256_update_ret
 .text.mbedtls_sha256_finish_ret
                0x100086cc      0x142 ./optiga-trust-m-lib/externals/mbedtls/library/sha256.o
                0x100086cc                mbedtls_sha256_finish_ret
 .text.mbedtls_sha256_ret
                0x1000880e       0x42 ./optiga-trust-m-lib/externals/mbedtls/library/sha256.o
                0x1000880e                mbedtls_sha256_ret
 .text.optiga_crypt_callback
                0x10008850        0xc ./optiga-trust-m-lib/examples/example_optiga_crypt_ecc_generate_keypair.o
 .text.example_optiga_crypt_ecc_generate_keypair
                0x1000885c       0xac ./optiga-trust-m-lib/examples/example_optiga_crypt_ecc_generate_keypair.o
                0x1000885c                example_optiga_crypt_ecc_generate_keypair
 .text.optiga_crypt_callback
                0x10008908        0xc ./optiga-trust-m-lib/examples/example_optiga_crypt_ecdh.o
 .text.example_optiga_crypt_ecdh
                0x10008914       0xfc ./optiga-trust-m-lib/examples/example_optiga_crypt_ecdh.o
                0x10008914                example_optiga_crypt_ecdh
 .text.optiga_crypt_callback
                0x10008a10        0xc ./optiga-trust-m-lib/examples/example_optiga_crypt_ecdsa_sign.o
 .text.example_optiga_crypt_ecdsa_sign
                0x10008a1c       0xa8 ./optiga-trust-m-lib/examples/example_optiga_crypt_ecdsa_sign.o
                0x10008a1c                example_optiga_crypt_ecdsa_sign
 .text.optiga_crypt_callback
                0x10008ac4        0xc ./optiga-trust-m-lib/examples/example_optiga_crypt_ecdsa_verify.o
 .text.example_optiga_crypt_ecdsa_verify
                0x10008ad0       0xb0 ./optiga-trust-m-lib/examples/example_optiga_crypt_ecdsa_verify.o
                0x10008ad0                example_optiga_crypt_ecdsa_verify
 .text.optiga_crypt_callback
                0x10008b80        0xc ./optiga-trust-m-lib/examples/example_optiga_crypt_hash.o
 .text.example_optiga_crypt_hash
                0x10008b8c       0xf4 ./optiga-trust-m-lib/examples/example_optiga_crypt_hash.o
                0x10008b8c                example_optiga_crypt_hash
 .text.optiga_crypt_callback
                0x10008c80        0xc ./optiga-trust-m-lib/examples/example_optiga_crypt_random.o
 .text.example_optiga_crypt_random
                0x10008c8c       0xa0 ./optiga-trust-m-lib/examples/example_optiga_crypt_random.o
                0x10008c8c                example_optiga_crypt_random
 .text.optiga_crypt_callback
                0x10008d2c        0xc ./optiga-trust-m-lib/examples/example_optiga_crypt_rsa_decrypt.o
 .text.example_optiga_crypt_rsa_decrypt_and_export
                0x10008d38      0x150 ./optiga-trust-m-lib/examples/example_optiga_crypt_rsa_decrypt.o
                0x10008d38                example_optiga_crypt_rsa_decrypt_and_export
 .text.example_optiga_crypt_rsa_decrypt_and_store
                0x10008e88      0x16c ./optiga-trust-m-lib/examples/example_optiga_crypt_rsa_decrypt.o
                0x10008e88                example_optiga_crypt_rsa_decrypt_and_store
 .text.optiga_crypt_callback
                0x10008ff4        0xc ./optiga-trust-m-lib/examples/example_optiga_crypt_rsa_encrypt_message.o
 .text.example_optiga_crypt_rsa_encrypt_message
                0x10009000       0xc0 ./optiga-trust-m-lib/examples/example_optiga_crypt_rsa_encrypt_message.o
                0x10009000                example_optiga_crypt_rsa_encrypt_message
 .text.optiga_crypt_callback
                0x100090c0        0xc ./optiga-trust-m-lib/examples/example_optiga_crypt_rsa_encrypt_session.o
 .text.example_optiga_crypt_rsa_encrypt_session
                0x100090cc      0x134 ./optiga-trust-m-lib/examples/example_optiga_crypt_rsa_encrypt_session.o
                0x100090cc                example_optiga_crypt_rsa_encrypt_session
 .text.optiga_crypt_callback
                0x10009200        0xc ./optiga-trust-m-lib/examples/example_optiga_crypt_rsa_generate_keypair.o
 .text.example_optiga_crypt_rsa_generate_keypair
                0x1000920c       0xac ./optiga-trust-m-lib/examples/example_optiga_crypt_rsa_generate_keypair.o
                0x1000920c                example_optiga_crypt_rsa_generate_keypair
 .text.optiga_crypt_callback
                0x100092b8        0xc ./optiga-trust-m-lib/examples/example_optiga_crypt_rsa_sign.o
 .text.example_optiga_crypt_rsa_sign
                0x100092c4       0xb0 ./optiga-trust-m-lib/examples/example_optiga_crypt_rsa_sign.o
                0x100092c4                example_optiga_crypt_rsa_sign
 .text.optiga_crypt_callback
                0x10009374        0xc ./optiga-trust-m-lib/examples/example_optiga_crypt_rsa_verify.o
 .text.example_optiga_crypt_rsa_verify
                0x10009380       0xb4 ./optiga-trust-m-lib/examples/example_optiga_crypt_rsa_verify.o
                0x10009380                example_optiga_crypt_rsa_verify
 .text.optiga_lib_callback
                0x10009434        0xc ./optiga-trust-m-lib/examples/example_optiga_crypt_tls_prf_sha256.o
 .text.example_optiga_crypt_tls_prf_sha256
                0x10009440      0x19c ./optiga-trust-m-lib/examples/example_optiga_crypt_tls_prf_sha256.o
                0x10009440                example_optiga_crypt_tls_prf_sha256
 .text.optiga_lib_callback
                0x100095dc        0xc ./optiga-trust-m-lib/examples/example_optiga_hibernate_restore.o
 .text.example_optiga_util_hibernate_restore
                0x100095e8      0x224 ./optiga-trust-m-lib/examples/example_optiga_hibernate_restore.o
                0x100095e8                example_optiga_util_hibernate_restore
 .text.optiga_util_callback
                0x1000980c        0xc ./optiga-trust-m-lib/examples/example_optiga_util_protected_update.o
 .text.example_optiga_util_protected_update
                0x10009818      0x14c ./optiga-trust-m-lib/examples/example_optiga_util_protected_update.o
                0x10009818                example_optiga_util_protected_update
 .text.optiga_util_callback
                0x10009964        0xc ./optiga-trust-m-lib/examples/example_optiga_util_read_data.o
 .text.example_optiga_util_read_data
                0x10009970       0xe8 ./optiga-trust-m-lib/examples/example_optiga_util_read_data.o
                0x10009970                example_optiga_util_read_data
 .text.optiga_util_callback
                0x10009a58        0xc ./optiga-trust-m-lib/examples/example_optiga_util_update_count.o
 .text.example_optiga_util_update_count
                0x10009a64       0xb8 ./optiga-trust-m-lib/examples/example_optiga_util_update_count.o
                0x10009a64                example_optiga_util_update_count
 .text.optiga_util_callback
                0x10009b1c        0xc ./optiga-trust-m-lib/examples/example_optiga_util_write_data.o
 .text.example_optiga_util_write_data
                0x10009b28       0xcc ./optiga-trust-m-lib/examples/example_optiga_util_write_data.o
                0x10009b28                example_optiga_util_write_data
 .text.optiga_lib_callback
                0x10009bf4        0xc ./optiga-trust-m-lib/examples/example_pair_host_and_optiga_using_pre_shared_secret.o
 .text.example_pair_host_and_optiga_using_pre_shared_secret
                0x10009c00      0x188 ./optiga-trust-m-lib/examples/example_pair_host_and_optiga_using_pre_shared_secret.o
                0x10009c00                example_pair_host_and_optiga_using_pre_shared_secret
 .text.OSCHP_GetFrequency
                0x10009d88        0x8 ./Startup/system_XMC1400.o
                0x10009d88                OSCHP_GetFrequency
 .text.SystemCoreClockUpdate
                0x10009d90       0x74 ./Startup/system_XMC1400.o
                0x10009d90                SystemCoreClockUpdate
 .text.SystemInit
                0x10009e04        0xc ./Startup/system_XMC1400.o
                0x10009e04                SystemInit
 .text.XMC_GPIO_Init
                0x10009e10       0x78 ./Libraries/XMCLib/src/xmc1_gpio.o
                0x10009e10                XMC_GPIO_Init
 .text.XMC_SCU_UnlockProtectedBits
                0x10009e88       0x14 ./Libraries/XMCLib/src/xmc1_scu.o
                0x10009e88                XMC_SCU_UnlockProtectedBits
 .text.XMC_SCU_CLOCK_UngatePeripheralClock
                0x10009e9c       0x28 ./Libraries/XMCLib/src/xmc1_scu.o
                0x10009e9c                XMC_SCU_CLOCK_UngatePeripheralClock
 .text.XMC_SCU_CLOCK_IsPeripheralClockGated
                0x10009ec4       0x14 ./Libraries/XMCLib/src/xmc1_scu.o
                0x10009ec4                XMC_SCU_CLOCK_IsPeripheralClockGated
 .text.XMC_SCU_CLOCK_ScaleMCLKFrequency
                0x10009ed8       0xac ./Libraries/XMCLib/src/xmc1_scu.o
                0x10009ed8                XMC_SCU_CLOCK_ScaleMCLKFrequency
 .text.XMC_SCU_CLOCK_Init
                0x10009f84       0xec ./Libraries/XMCLib/src/xmc1_scu.o
                0x10009f84                XMC_SCU_CLOCK_Init
 .text.XMC_SCU_CLOCK_GetPeripheralClockFrequency
                0x1000a070        0xc ./Libraries/XMCLib/src/xmc1_scu.o
                0x1000a070                XMC_SCU_CLOCK_GetPeripheralClockFrequency
 .text.XMC_SCU_SetInterruptControl
                0x1000a07c       0x38 ./Libraries/XMCLib/src/xmc1_scu.o
                0x1000a07c                XMC_SCU_SetInterruptControl
 .text.XMC_CCU4_lUngateClock
                0x1000a0b4       0x24 ./Libraries/XMCLib/src/xmc_ccu4.o
 .text.XMC_CCU4_Init
                0x1000a0d8       0x24 ./Libraries/XMCLib/src/xmc_ccu4.o
                0x1000a0d8                XMC_CCU4_Init
 .text.XMC_CCU4_SLICE_CompareInit
                0x1000a0fc       0x2e ./Libraries/XMCLib/src/xmc_ccu4.o
                0x1000a0fc                XMC_CCU4_SLICE_CompareInit
 *fill*         0x1000a12a        0x2 
 .text.XMC_CCU4_SLICE_SetPrescaler
                0x1000a12c       0x14 ./Libraries/XMCLib/src/xmc_ccu4.o
                0x1000a12c                XMC_CCU4_SLICE_SetPrescaler
 .text.XMC_CCU4_SLICE_SetInterruptNode
                0x1000a140       0x30 ./Libraries/XMCLib/src/xmc_ccu4.o
                0x1000a140                XMC_CCU4_SLICE_SetInterruptNode
 .text.XMC_GPIO_SetMode
                0x1000a170       0x24 ./Libraries/XMCLib/src/xmc_gpio.o
                0x1000a170                XMC_GPIO_SetMode
 .text.XMC_GPIO_SetHardwareControl
                0x1000a194       0x1a ./Libraries/XMCLib/src/xmc_gpio.o
                0x1000a194                XMC_GPIO_SetHardwareControl
 .text.XMC_I2C_CH_SetSlaveAddress
                0x1000a1ae       0x24 ./Libraries/XMCLib/src/xmc_i2c.o
                0x1000a1ae                XMC_I2C_CH_SetSlaveAddress
 *fill*         0x1000a1d2        0x2 
 .text.XMC_I2C_CH_SetBaudrate
                0x1000a1d4       0x44 ./Libraries/XMCLib/src/xmc_i2c.o
                0x1000a1d4                XMC_I2C_CH_SetBaudrate
 .text.XMC_I2C_CH_SetBaudrateEx
                0x1000a218       0x54 ./Libraries/XMCLib/src/xmc_i2c.o
                0x1000a218                XMC_I2C_CH_SetBaudrateEx
 .text.XMC_I2C_CH_Init
                0x1000a26c       0x38 ./Libraries/XMCLib/src/xmc_i2c.o
                0x1000a26c                XMC_I2C_CH_Init
 .text.XMC_I2C_CH_MasterStart
                0x1000a2a4       0x44 ./Libraries/XMCLib/src/xmc_i2c.o
                0x1000a2a4                XMC_I2C_CH_MasterStart
 .text.XMC_I2C_CH_MasterRepeatedStart
                0x1000a2e8       0x44 ./Libraries/XMCLib/src/xmc_i2c.o
                0x1000a2e8                XMC_I2C_CH_MasterRepeatedStart
 .text.XMC_I2C_CH_MasterStop
                0x1000a32c       0x3a ./Libraries/XMCLib/src/xmc_i2c.o
                0x1000a32c                XMC_I2C_CH_MasterStop
 .text.XMC_I2C_CH_MasterTransmit
                0x1000a366       0x32 ./Libraries/XMCLib/src/xmc_i2c.o
                0x1000a366                XMC_I2C_CH_MasterTransmit
 .text.XMC_I2C_CH_MasterReceiveAck
                0x1000a398       0x3a ./Libraries/XMCLib/src/xmc_i2c.o
                0x1000a398                XMC_I2C_CH_MasterReceiveAck
 .text.XMC_I2C_CH_MasterReceiveNack
                0x1000a3d2       0x3a ./Libraries/XMCLib/src/xmc_i2c.o
                0x1000a3d2                XMC_I2C_CH_MasterReceiveNack
 .text.XMC_I2C_CH_GetReceivedData
                0x1000a40c       0x18 ./Libraries/XMCLib/src/xmc_i2c.o
                0x1000a40c                XMC_I2C_CH_GetReceivedData
 .text.XMC_I2C_CH_EnableEvent
                0x1000a424       0x1c ./Libraries/XMCLib/src/xmc_i2c.o
                0x1000a424                XMC_I2C_CH_EnableEvent
 .text.XMC_I2C_CH_DisableEvent
                0x1000a440       0x1c ./Libraries/XMCLib/src/xmc_i2c.o
                0x1000a440                XMC_I2C_CH_DisableEvent
 .text.__aeabi_uidiv
                0x1000a45c       0x20 ./Libraries/XMCLib/src/xmc_math.o
                0x1000a45c                __aeabi_uidiv
 .text.__aeabi_idiv
                0x1000a47c       0x20 ./Libraries/XMCLib/src/xmc_math.o
                0x1000a47c                __aeabi_idiv
 .text.__aeabi_uidivmod
                0x1000a49c       0x20 ./Libraries/XMCLib/src/xmc_math.o
                0x1000a49c                __aeabi_uidivmod
 .text.XMC_UART_CH_Init
                0x1000a4bc       0x80 ./Libraries/XMCLib/src/xmc_uart.o
                0x1000a4bc                XMC_UART_CH_Init
 .text.XMC_UART_CH_Transmit
                0x1000a53c       0x2e ./Libraries/XMCLib/src/xmc_uart.o
                0x1000a53c                XMC_UART_CH_Transmit
 .text.XMC_UART_CH_GetReceivedData
                0x1000a56a       0x18 ./Libraries/XMCLib/src/xmc_uart.o
                0x1000a56a                XMC_UART_CH_GetReceivedData
 .text.XMC_USIC_Enable.part.0
                0x1000a582       0x14 ./Libraries/XMCLib/src/xmc_usic.o
 *fill*         0x1000a596        0x2 
 .text.XMC_USIC_CH_SetBaudrate
                0x1000a598       0x98 ./Libraries/XMCLib/src/xmc_usic.o
                0x1000a598                XMC_USIC_CH_SetBaudrate
 .text.XMC_USIC_CH_SetBaudrateEx
                0x1000a630       0xb8 ./Libraries/XMCLib/src/xmc_usic.o
                0x1000a630                XMC_USIC_CH_SetBaudrateEx
 .text.XMC_USIC_CH_TXFIFO_Configure
                0x1000a6e8       0x28 ./Libraries/XMCLib/src/xmc_usic.o
                0x1000a6e8                XMC_USIC_CH_TXFIFO_Configure
 .text.XMC_USIC_CH_RXFIFO_Configure
                0x1000a710       0x30 ./Libraries/XMCLib/src/xmc_usic.o
                0x1000a710                XMC_USIC_CH_RXFIFO_Configure
 .text.XMC_USIC_CH_RXFIFO_SetSizeTriggerLimit
                0x1000a740       0x28 ./Libraries/XMCLib/src/xmc_usic.o
                0x1000a740                XMC_USIC_CH_RXFIFO_SetSizeTriggerLimit
 .text.XMC_USIC_CH_SetInterruptNodePointer
                0x1000a768       0x12 ./Libraries/XMCLib/src/xmc_usic.o
                0x1000a768                XMC_USIC_CH_SetInterruptNodePointer
 .text.XMC_USIC_CH_TXFIFO_SetInterruptNodePointer
                0x1000a77a       0x14 ./Libraries/XMCLib/src/xmc_usic.o
                0x1000a77a                XMC_USIC_CH_TXFIFO_SetInterruptNodePointer
 .text.XMC_USIC_CH_RXFIFO_SetInterruptNodePointer
                0x1000a78e       0x14 ./Libraries/XMCLib/src/xmc_usic.o
                0x1000a78e                XMC_USIC_CH_RXFIFO_SetInterruptNodePointer
 *fill*         0x1000a7a2        0x2 
 .text.XMC_USIC_Enable
                0x1000a7a4       0x34 ./Libraries/XMCLib/src/xmc_usic.o
                0x1000a7a4                XMC_USIC_Enable
 .text.XMC_USIC_CH_Enable
                0x1000a7d8       0x50 ./Libraries/XMCLib/src/xmc_usic.o
                0x1000a7d8                XMC_USIC_CH_Enable
 .text._sbrk    0x1000a828       0x40 ./Libraries/Newlib/syscalls.o
                0x1000a828                _sbrk
 .text._init    0x1000a868        0x2 ./Libraries/Newlib/syscalls.o
                0x1000a868                _init
 .text.UART_lReconfigureRxFIFO
                0x1000a86a       0x1e ./Dave/Generated/UART/uart.o
 .text.UART_Init
                0x1000a888        0xa ./Dave/Generated/UART/uart.o
                0x1000a888                UART_Init
 .text.UART_StartReceiveIRQ
                0x1000a892       0x68 ./Dave/Generated/UART/uart.o
                0x1000a892                UART_StartReceiveIRQ
 .text.UART_Receive
                0x1000a8fa       0x16 ./Dave/Generated/UART/uart.o
                0x1000a8fa                UART_Receive
 .text.UART_lReceiveHandler
                0x1000a910       0xac ./Dave/Generated/UART/uart.o
                0x1000a910                UART_lReceiveHandler
 .text.cunit_logger_init
                0x1000a9bc       0xb8 ./Dave/Generated/UART/uart_conf.o
                0x1000a9bc                cunit_logger_init
 .text.IRQ11_Handler
                0x1000aa74       0x10 ./Dave/Generated/UART/uart_conf.o
                0x1000aa74                IRQ11_Handler
 .text.TIMER_Start
                0x1000aa84       0x1e ./Dave/Generated/TIMER/timer.o
                0x1000aa84                TIMER_Start
 .text.TIMER_GetTimerStatus
                0x1000aaa2       0x16 ./Dave/Generated/TIMER/timer.o
                0x1000aaa2                TIMER_GetTimerStatus
 .text.TIMER_Stop
                0x1000aab8       0x2a ./Dave/Generated/TIMER/timer.o
                0x1000aab8                TIMER_Stop
 .text.TIMER_ClearEvent
                0x1000aae2       0x12 ./Dave/Generated/TIMER/timer.o
                0x1000aae2                TIMER_ClearEvent
 .text.TIMER_Clear
                0x1000aaf4       0x1e ./Dave/Generated/TIMER/timer.o
                0x1000aaf4                TIMER_Clear
 .text.TIMER_CCU4_lShadowTransfer
                0x1000ab12       0x14 ./Dave/Generated/TIMER/timer.o
                0x1000ab12                TIMER_CCU4_lShadowTransfer
 *fill*         0x1000ab26        0x2 
 .text.TIMER_SetTimeInterval
                0x1000ab28       0x8c ./Dave/Generated/TIMER/timer.o
                0x1000ab28                TIMER_SetTimeInterval
 .text.TIMER_CCU4_lInit
                0x1000abb4       0x60 ./Dave/Generated/TIMER/timer.o
                0x1000abb4                TIMER_CCU4_lInit
 .text.TIMER_Init
                0x1000ac14       0x1e ./Dave/Generated/TIMER/timer.o
                0x1000ac14                TIMER_Init
 *fill*         0x1000ac32        0x2 
 .text.INTERRUPT_Init
                0x1000ac34       0xa8 ./Dave/Generated/INTERRUPT/interrupt.o
                0x1000ac34                INTERRUPT_Init
 .text.I2C_MASTER_lReconfigureRxFIFO
                0x1000acdc       0x36 ./Dave/Generated/I2C_MASTER/i2c_master.o
 .text.I2C_MASTER_lSendStop_JumpTo_TxCallback
                0x1000ad12       0x4c ./Dave/Generated/I2C_MASTER/i2c_master.o
 .text.I2C_MASTER_lSendStart_Or_RepeatedStart
                0x1000ad5e       0x30 ./Dave/Generated/I2C_MASTER/i2c_master.o
 .text.I2C_MASTER_lSendStop_JumpTo_RxCallback
                0x1000ad8e       0x54 ./Dave/Generated/I2C_MASTER/i2c_master.o
 .text.I2C_MASTER_Init
                0x1000ade2       0x14 ./Dave/Generated/I2C_MASTER/i2c_master.o
                0x1000ade2                I2C_MASTER_Init
 .text.I2C_MASTER_ClearFlag
                0x1000adf6        0xa ./Dave/Generated/I2C_MASTER/i2c_master.o
                0x1000adf6                I2C_MASTER_ClearFlag
 .text.I2C_MASTER_StartTransmitIRQ
                0x1000ae00       0x82 ./Dave/Generated/I2C_MASTER/i2c_master.o
                0x1000ae00                I2C_MASTER_StartTransmitIRQ
 .text.I2C_MASTER_Transmit
                0x1000ae82       0x22 ./Dave/Generated/I2C_MASTER/i2c_master.o
                0x1000ae82                I2C_MASTER_Transmit
 .text.I2C_MASTER_StartReceiveIRQ
                0x1000aea4      0x240 ./Dave/Generated/I2C_MASTER/i2c_master.o
                0x1000aea4                I2C_MASTER_StartReceiveIRQ
 .text.I2C_MASTER_Receive
                0x1000b0e4       0x34 ./Dave/Generated/I2C_MASTER/i2c_master.o
                0x1000b0e4                I2C_MASTER_Receive
 .text.I2C_MASTER_ReceiveHandler
                0x1000b118      0x174 ./Dave/Generated/I2C_MASTER/i2c_master.o
                0x1000b118                I2C_MASTER_ReceiveHandler
 .text.I2C_MASTER_ProtocolHandler
                0x1000b28c       0x5c ./Dave/Generated/I2C_MASTER/i2c_master.o
                0x1000b28c                I2C_MASTER_ProtocolHandler
 .text.I2C_MASTER_TransmitHandler
                0x1000b2e8      0x180 ./Dave/Generated/I2C_MASTER/i2c_master.o
                0x1000b2e8                I2C_MASTER_TransmitHandler
 .text.I2C_MASTER_AbortTransmit
                0x1000b468       0x5c ./Dave/Generated/I2C_MASTER/i2c_master.o
                0x1000b468                I2C_MASTER_AbortTransmit
 .text.I2C_MASTER_AbortReceive
                0x1000b4c4       0x60 ./Dave/Generated/I2C_MASTER/i2c_master.o
                0x1000b4c4                I2C_MASTER_AbortReceive
 .text.i2c_master_0_disable_io
                0x1000b524       0x20 ./Dave/Generated/I2C_MASTER/i2c_master_conf.o
 .text.i2c_master_0_enable_io
                0x1000b544       0x20 ./Dave/Generated/I2C_MASTER/i2c_master_conf.o
 .text.i2c_master_0_init
                0x1000b564      0x118 ./Dave/Generated/I2C_MASTER/i2c_master_conf.o
                0x1000b564                i2c_master_0_init
 .text.IRQ10_Handler
                0x1000b67c       0x10 ./Dave/Generated/I2C_MASTER/i2c_master_conf.o
                0x1000b67c                IRQ10_Handler
 .text.IRQ9_Handler
                0x1000b68c       0x10 ./Dave/Generated/I2C_MASTER/i2c_master_conf.o
                0x1000b68c                IRQ9_Handler
 .text.GLOBAL_CCU4_Init
                0x1000b69c       0x22 ./Dave/Generated/GLOBAL_CCU4/global_ccu4.o
                0x1000b69c                GLOBAL_CCU4_Init
 .text.DIGITAL_IO_Init
                0x1000b6be       0x1c ./Dave/Generated/DIGITAL_IO/digital_io.o
                0x1000b6be                DIGITAL_IO_Init
 *fill*         0x1000b6da        0x2 
 .text.SystemCoreSetup
                0x1000b6dc       0x10 ./Dave/Generated/CPU_CTRL_XMC1/cpu_ctrl_xmc1_conf.o
                0x1000b6dc                SystemCoreSetup
 .text.CLOCK_XMC1_Init
                0x1000b6ec        0xe ./Dave/Generated/CLOCK_XMC1/clock_xmc1.o
                0x1000b6ec                CLOCK_XMC1_Init
 *fill*         0x1000b6fa        0x2 
 .text.SystemCoreClockSetup
                0x1000b6fc       0x20 ./Dave/Generated/CLOCK_XMC1/clock_xmc1_conf.o
                0x1000b6fc                SystemCoreClockSetup
 .text.DAVE_Init
                0x1000b71c       0x8c ./Dave/Generated/DAVE.o
                0x1000b71c                DAVE_Init
 .text.startup.main
                0x1000b7a8       0x6c ./main.o
                0x1000b7a8                main
 .text.optiga_util_callback
                0x1000b814        0xc ./optiga_shell.o
 .text.optiga_shell_crypt_rsa_decrypt_and_export
                0x1000b820       0x5c ./optiga_shell.o
 .text.optiga_shell_crypt_rsa_decrypt_and_store
                0x1000b87c       0x68 ./optiga_shell.o
 .text.optiga_shell_crypt_rsa_encrypt_session
                0x1000b8e4       0x30 ./optiga_shell.o
 .text.optiga_shell_crypt_rsa_encrypt_message
                0x1000b914       0x30 ./optiga_shell.o
 .text.optiga_shell_crypt_rsa_verify
                0x1000b944       0x30 ./optiga_shell.o
 .text.optiga_shell_crypt_rsa_sign
                0x1000b974       0x30 ./optiga_shell.o
 .text.optiga_shell_crypt_generate_keypair
                0x1000b9a4       0x30 ./optiga_shell.o
 .text.optiga_shell_crypt_ecdh
                0x1000b9d4       0x5c ./optiga_shell.o
 .text.optiga_shell_crypt_ecdsa_verify
                0x1000ba30       0x30 ./optiga_shell.o
 .text.optiga_shell_crypt_ecdsa_sign
                0x1000ba60       0x30 ./optiga_shell.o
 .text.optiga_shell_crypt_ecc_generate_keypair
                0x1000ba90       0x30 ./optiga_shell.o
 .text.optiga_shell_crypt_random
                0x1000bac0       0x30 ./optiga_shell.o
 .text.optiga_shell_crypt_tls_prf_sha256
                0x1000baf0       0x5c ./optiga_shell.o
 .text.optiga_shell_crypt_hash
                0x1000bb4c       0x30 ./optiga_shell.o
 .text.optiga_shell_util_protected_update
                0x1000bb7c       0x4c ./optiga_shell.o
 .text.optiga_shell_util_update_count
                0x1000bbc8       0x40 ./optiga_shell.o
 .text.optiga_shell_util_hibernate_restore
                0x1000bc08       0xbc ./optiga_shell.o
 .text.optiga_shell_pair_host_optiga
                0x1000bcc4       0x5c ./optiga_shell.o
 .text.optiga_shell_util_write_data
                0x1000bd20       0x40 ./optiga_shell.o
 .text.optiga_shell_util_read_data
                0x1000bd60       0x40 ./optiga_shell.o
 .text.optiga_shell_init
                0x1000bda0       0xe0 ./optiga_shell.o
 .text.optiga_shell_selftest
                0x1000be80      0x3e4 ./optiga_shell.o
 .text.optiga_shell_show_usage
                0x1000c264       0x4c ./optiga_shell.o
 .text.optiga_shell_deinit
                0x1000c2b0       0x34 ./optiga_shell.o
 .text.optiga_shell_begin
                0x1000c2e4      0x108 ./optiga_shell.o
                0x1000c2e4                optiga_shell_begin
 .text.optiga_shell_wait_for_user
                0x1000c3ec       0x3c ./optiga_shell.o
                0x1000c3ec                optiga_shell_wait_for_user
 .text          0x1000c428       0x14 c:/dave_4-4-2_64bit/dave-ide-4.4.2-64bit/eclipse/arm-gcc-49/bin/../lib/gcc/arm-none-eabi/4.9.3/armv6-m\libgcc.a(_thumb1_case_uqi.o)
                0x1000c428                __gnu_thumb1_case_uqi
 .text          0x1000c43c       0x14 c:/dave_4-4-2_64bit/dave-ide-4.4.2-64bit/eclipse/arm-gcc-49/bin/../lib/gcc/arm-none-eabi/4.9.3/armv6-m\libgcc.a(_thumb1_case_uhi.o)
                0x1000c43c                __gnu_thumb1_case_uhi
 .text          0x1000c450       0x18 c:/dave_4-4-2_64bit/dave-ide-4.4.2-64bit/eclipse/arm-gcc-49/bin/../lib/gcc/arm-none-eabi/4.9.3/armv6-m\libgcc.a(_lshrdi3.o)
                0x1000c450                __lshrdi3
                0x1000c450                __aeabi_llsr
 .text          0x1000c468       0x40 c:/dave_4-4-2_64bit/dave-ide-4.4.2-64bit/eclipse/arm-gcc-49/bin/../lib/gcc/arm-none-eabi/4.9.3/armv6-m\libgcc.a(_aeabi_uldivmod.o)
                0x1000c468                __aeabi_uldivmod
 .text          0x1000c4a8       0x54 c:/dave_4-4-2_64bit/dave-ide-4.4.2-64bit/eclipse/arm-gcc-49/bin/../lib/gcc/arm-none-eabi/4.9.3/armv6-m\libgcc.a(_muldi3.o)
                0x1000c4a8                __muldi3
                0x1000c4a8                __aeabi_lmul
 .text          0x1000c4fc       0x6c c:/dave_4-4-2_64bit/dave-ide-4.4.2-64bit/eclipse/arm-gcc-49/bin/../lib/gcc/arm-none-eabi/4.9.3/armv6-m\libgcc.a(bpabi.o)
                0x1000c4fc                __gnu_ldivmod_helper
                0x1000c534                __gnu_uldivmod_helper
 .text          0x1000c568        0x4 c:/dave_4-4-2_64bit/dave-ide-4.4.2-64bit/eclipse/arm-gcc-49/bin/../lib/gcc/arm-none-eabi/4.9.3/armv6-m\libgcc.a(_dvmd_tls.o)
                0x1000c568                __aeabi_idiv0
                0x1000c568                __aeabi_ldiv0
 .text          0x1000c56c       0x3c c:/dave_4-4-2_64bit/dave-ide-4.4.2-64bit/eclipse/arm-gcc-49/bin/../lib/gcc/arm-none-eabi/4.9.3/armv6-m\libgcc.a(_clzsi2.o)
                0x1000c56c                __clzsi2
 .text          0x1000c5a8      0x1f0 c:/dave_4-4-2_64bit/dave-ide-4.4.2-64bit/eclipse/arm-gcc-49/bin/../lib/gcc/arm-none-eabi/4.9.3/armv6-m\libgcc.a(_divdi3.o)
                0x1000c5a8                __divdi3
 .text          0x1000c798      0x158 c:/dave_4-4-2_64bit/dave-ide-4.4.2-64bit/eclipse/arm-gcc-49/bin/../lib/gcc/arm-none-eabi/4.9.3/armv6-m\libgcc.a(_udivdi3.o)
                0x1000c798                __udivdi3
 .text          0x1000c8f0       0x18 c:/dave_4-4-2_64bit/dave-ide-4.4.2-64bit/eclipse/arm-gcc-49/bin/../lib/gcc/arm-none-eabi/4.9.3/armv6-m\libgcc.a(_clzdi2.o)
                0x1000c8f0                __clzdi2
 .text.calloc   0x1000c908       0x18 c:/dave_4-4-2_64bit/dave-ide-4.4.2-64bit/eclipse/arm-gcc-49/bin/../lib/gcc/arm-none-eabi/4.9.3/../../../../arm-none-eabi/lib/armv6-m\libg_nano.a(lib_a-calloc.o)
                0x1000c908                calloc
 .text.__errno  0x1000c920        0xc c:/dave_4-4-2_64bit/dave-ide-4.4.2-64bit/eclipse/arm-gcc-49/bin/../lib/gcc/arm-none-eabi/4.9.3/../../../../arm-none-eabi/lib/armv6-m\libg_nano.a(lib_a-errno.o)
                0x1000c920                __errno
 .text.__libc_init_array
                0x1000c92c       0x4c c:/dave_4-4-2_64bit/dave-ide-4.4.2-64bit/eclipse/arm-gcc-49/bin/../lib/gcc/arm-none-eabi/4.9.3/../../../../arm-none-eabi/lib/armv6-m\libg_nano.a(lib_a-init.o)
                0x1000c92c                __libc_init_array
 .text.free     0x1000c978       0x14 c:/dave_4-4-2_64bit/dave-ide-4.4.2-64bit/eclipse/arm-gcc-49/bin/../lib/gcc/arm-none-eabi/4.9.3/../../../../arm-none-eabi/lib/armv6-m\libg_nano.a(lib_a-malloc.o)
                0x1000c978                free
 .text.memcmp   0x1000c98c       0x1e c:/dave_4-4-2_64bit/dave-ide-4.4.2-64bit/eclipse/arm-gcc-49/bin/../lib/gcc/arm-none-eabi/4.9.3/../../../../arm-none-eabi/lib/armv6-m\libg_nano.a(lib_a-memcmp.o)
                0x1000c98c                memcmp
 .text.memcpy   0x1000c9aa       0x12 c:/dave_4-4-2_64bit/dave-ide-4.4.2-64bit/eclipse/arm-gcc-49/bin/../lib/gcc/arm-none-eabi/4.9.3/../../../../arm-none-eabi/lib/armv6-m\libg_nano.a(lib_a-memcpy.o)
                0x1000c9aa                memcpy
 .text.memset   0x1000c9bc       0x10 c:/dave_4-4-2_64bit/dave-ide-4.4.2-64bit/eclipse/arm-gcc-49/bin/../lib/gcc/arm-none-eabi/4.9.3/../../../../arm-none-eabi/lib/armv6-m\libg_nano.a(lib_a-memset.o)
                0x1000c9bc                memset
 .text._calloc_r
                0x1000c9cc       0x1c c:/dave_4-4-2_64bit/dave-ide-4.4.2-64bit/eclipse/arm-gcc-49/bin/../lib/gcc/arm-none-eabi/4.9.3/../../../../arm-none-eabi/lib/armv6-m\libg_nano.a(lib_a-nano-callocr.o)
                0x1000c9cc                _calloc_r
 .text._free_r  0x1000c9e8       0x8c c:/dave_4-4-2_64bit/dave-ide-4.4.2-64bit/eclipse/arm-gcc-49/bin/../lib/gcc/arm-none-eabi/4.9.3/../../../../arm-none-eabi/lib/armv6-m\libg_nano.a(lib_a-nano-freer.o)
                0x1000c9e8                _free_r
 .text._malloc_r
                0x1000ca74       0xb0 c:/dave_4-4-2_64bit/dave-ide-4.4.2-64bit/eclipse/arm-gcc-49/bin/../lib/gcc/arm-none-eabi/4.9.3/../../../../arm-none-eabi/lib/armv6-m\libg_nano.a(lib_a-nano-mallocr.o)
                0x1000ca74                _malloc_r
 .text._sbrk_r  0x1000cb24       0x24 c:/dave_4-4-2_64bit/dave-ide-4.4.2-64bit/eclipse/arm-gcc-49/bin/../lib/gcc/arm-none-eabi/4.9.3/../../../../arm-none-eabi/lib/armv6-m\libg_nano.a(lib_a-sbrkr.o)
                0x1000cb24                _sbrk_r
 .text.sprintf  0x1000cb48       0x44 c:/dave_4-4-2_64bit/dave-ide-4.4.2-64bit/eclipse/arm-gcc-49/bin/../lib/gcc/arm-none-eabi/4.9.3/../../../../arm-none-eabi/lib/armv6-m\libg_nano.a(lib_a-sprintf.o)
                0x1000cb48                siprintf
                0x1000cb48                sprintf
 .text.strcat   0x1000cb8c       0x1a c:/dave_4-4-2_64bit/dave-ide-4.4.2-64bit/eclipse/arm-gcc-49/bin/../lib/gcc/arm-none-eabi/4.9.3/../../../../arm-none-eabi/lib/armv6-m\libg_nano.a(lib_a-strcat.o)
                0x1000cb8c                strcat
 .text          0x1000cba6       0x14 c:/dave_4-4-2_64bit/dave-ide-4.4.2-64bit/eclipse/arm-gcc-49/bin/../lib/gcc/arm-none-eabi/4.9.3/../../../../arm-none-eabi/lib/armv6-m\libg_nano.a(lib_a-strcmp.o)
                0x1000cba6                strcmp
 .text.strcpy   0x1000cbba       0x10 c:/dave_4-4-2_64bit/dave-ide-4.4.2-64bit/eclipse/arm-gcc-49/bin/../lib/gcc/arm-none-eabi/4.9.3/../../../../arm-none-eabi/lib/armv6-m\libg_nano.a(lib_a-strcpy.o)
                0x1000cbba                strcpy
 .text.strlen   0x1000cbca        0xe c:/dave_4-4-2_64bit/dave-ide-4.4.2-64bit/eclipse/arm-gcc-49/bin/../lib/gcc/arm-none-eabi/4.9.3/../../../../arm-none-eabi/lib/armv6-m\libg_nano.a(lib_a-strlen.o)
                0x1000cbca                strlen
 .text.__ssputs_r
                0x1000cbd8       0xc0 c:/dave_4-4-2_64bit/dave-ide-4.4.2-64bit/eclipse/arm-gcc-49/bin/../lib/gcc/arm-none-eabi/4.9.3/../../../../arm-none-eabi/lib/armv6-m\libg_nano.a(lib_a-nano-svfprintf.o)
                0x1000cbd8                __ssputs_r
 .text._svfprintf_r
                0x1000cc98      0x1ec c:/dave_4-4-2_64bit/dave-ide-4.4.2-64bit/eclipse/arm-gcc-49/bin/../lib/gcc/arm-none-eabi/4.9.3/../../../../arm-none-eabi/lib/armv6-m\libg_nano.a(lib_a-nano-svfprintf.o)
                0x1000cc98                _svfiprintf_r
                0x1000cc98                _svfprintf_r
 .text._printf_common
                0x1000ce84       0xdc c:/dave_4-4-2_64bit/dave-ide-4.4.2-64bit/eclipse/arm-gcc-49/bin/../lib/gcc/arm-none-eabi/4.9.3/../../../../arm-none-eabi/lib/armv6-m\libg_nano.a(lib_a-nano-vfprintf_i.o)
                0x1000ce84                _printf_common
 .text._printf_i
                0x1000cf60      0x230 c:/dave_4-4-2_64bit/dave-ide-4.4.2-64bit/eclipse/arm-gcc-49/bin/../lib/gcc/arm-none-eabi/4.9.3/../../../../arm-none-eabi/lib/armv6-m\libg_nano.a(lib_a-nano-vfprintf_i.o)
                0x1000cf60                _printf_i
 .text.memchr   0x1000d190       0x16 c:/dave_4-4-2_64bit/dave-ide-4.4.2-64bit/eclipse/arm-gcc-49/bin/../lib/gcc/arm-none-eabi/4.9.3/../../../../arm-none-eabi/lib/armv6-m\libg_nano.a(lib_a-memchr.o)
                0x1000d190                memchr
 .text.memmove  0x1000d1a6       0x28 c:/dave_4-4-2_64bit/dave-ide-4.4.2-64bit/eclipse/arm-gcc-49/bin/../lib/gcc/arm-none-eabi/4.9.3/../../../../arm-none-eabi/lib/armv6-m\libg_nano.a(lib_a-memmove.o)
                0x1000d1a6                memmove
 .text._realloc_r
                0x1000d1ce       0x4c c:/dave_4-4-2_64bit/dave-ide-4.4.2-64bit/eclipse/arm-gcc-49/bin/../lib/gcc/arm-none-eabi/4.9.3/../../../../arm-none-eabi/lib/armv6-m\libg_nano.a(lib_a-nano-reallocr.o)
                0x1000d1ce                _realloc_r
 .text._malloc_usable_size_r
                0x1000d21a       0x16 c:/dave_4-4-2_64bit/dave-ide-4.4.2-64bit/eclipse/arm-gcc-49/bin/../lib/gcc/arm-none-eabi/4.9.3/../../../../arm-none-eabi/lib/armv6-m\libg_nano.a(lib_a-nano-msizer.o)
                0x1000d21a                _malloc_usable_size_r
 *(.init)
 *(.fini)
 *crtbegin.o(.ctors)
 *crtbegin?.o(.ctors)
 *(EXCLUDE_FILE(*crtend.o *crtend?.o) .ctors)
 *(SORT(.ctors.*))
 *(.ctors)
 *crtbegin.o(.dtors)
 *crtbegin?.o(.dtors)
 *(EXCLUDE_FILE(*crtend.o *crtend?.o) .dtors)
 *(SORT(.dtors.*))
 *(.dtors)
 *(.rodata .rodata.*)
 .rodata.__FUNCTION__.5961
                0x1000d230       0x1e ./optiga-trust-m-lib/optiga/util/optiga_util.o
 .rodata.__FUNCTION__.6022
                0x1000d24e       0x23 ./optiga-trust-m-lib/optiga/util/optiga_util.o
 .rodata.__FUNCTION__.5972
                0x1000d271       0x16 ./optiga-trust-m-lib/optiga/util/optiga_util.o
 .rodata.__FUNCTION__.6030
                0x1000d287       0x26 ./optiga-trust-m-lib/optiga/util/optiga_util.o
 .rodata.__FUNCTION__.5982
                0x1000d2ad       0x1a ./optiga-trust-m-lib/optiga/util/optiga_util.o
 .rodata.str1.1
                0x1000d2c7       0x1a ./optiga-trust-m-lib/optiga/util/optiga_util.o
 .rodata.__FUNCTION__.6038
                0x1000d2e1       0x23 ./optiga-trust-m-lib/optiga/util/optiga_util.o
 .rodata.__FUNCTION__.5993
                0x1000d304       0x17 ./optiga-trust-m-lib/optiga/util/optiga_util.o
 .rodata.__FUNCTION__.6046
                0x1000d31b       0x19 ./optiga-trust-m-lib/optiga/util/optiga_util.o
 .rodata.__FUNCTION__.6003
                0x1000d334       0x1b ./optiga-trust-m-lib/optiga/util/optiga_util.o
 .rodata.__FUNCTION__.5954
                0x1000d34f       0x1d ./optiga-trust-m-lib/optiga/util/optiga_util.o
 .rodata.__FUNCTION__.6123
                0x1000d36c       0x1b ./optiga-trust-m-lib/optiga/crypt/optiga_crypt.o
 .rodata.__FUNCTION__.6239
                0x1000d387       0x21 ./optiga-trust-m-lib/optiga/crypt/optiga_crypt.o
 .rodata.__FUNCTION__.6189
                0x1000d3a8       0x22 ./optiga-trust-m-lib/optiga/crypt/optiga_crypt.o
 .rodata.__FUNCTION__.6134
                0x1000d3ca       0x22 ./optiga-trust-m-lib/optiga/crypt/optiga_crypt.o
 .rodata.__FUNCTION__.6254
                0x1000d3ec       0x24 ./optiga-trust-m-lib/optiga/crypt/optiga_crypt.o
 .rodata.__FUNCTION__.6143
                0x1000d410       0x18 ./optiga-trust-m-lib/optiga/crypt/optiga_crypt.o
 .rodata.__FUNCTION__.6200
                0x1000d428       0x16 ./optiga-trust-m-lib/optiga/crypt/optiga_crypt.o
 .rodata.__FUNCTION__.6096
                0x1000d43e       0x14 ./optiga-trust-m-lib/optiga/crypt/optiga_crypt.o
 .rodata.str1.1
                0x1000d452       0x15 ./optiga-trust-m-lib/optiga/crypt/optiga_crypt.o
                                 0x1a (size before relaxing)
 .rodata.__FUNCTION__.6153
                0x1000d467       0x1a ./optiga-trust-m-lib/optiga/crypt/optiga_crypt.o
 .rodata.__FUNCTION__.6267
                0x1000d481       0x23 ./optiga-trust-m-lib/optiga/crypt/optiga_crypt.o
 .rodata.__FUNCTION__.6212
                0x1000d4a4       0x18 ./optiga-trust-m-lib/optiga/crypt/optiga_crypt.o
 .rodata.__FUNCTION__.6163
                0x1000d4bc       0x12 ./optiga-trust-m-lib/optiga/crypt/optiga_crypt.o
 .rodata.__FUNCTION__.6104
                0x1000d4ce       0x18 ./optiga-trust-m-lib/optiga/crypt/optiga_crypt.o
 .rodata.__FUNCTION__.6114
                0x1000d4e6       0x19 ./optiga-trust-m-lib/optiga/crypt/optiga_crypt.o
 .rodata.__FUNCTION__.6226
                0x1000d4ff       0x21 ./optiga-trust-m-lib/optiga/crypt/optiga_crypt.o
 .rodata.__FUNCTION__.6276
                0x1000d520       0x2c ./optiga-trust-m-lib/optiga/crypt/optiga_crypt.o
 .rodata.__FUNCTION__.6178
                0x1000d54c       0x1c ./optiga-trust-m-lib/optiga/crypt/optiga_crypt.o
 .rodata.str1.1
                0x1000d568       0x2b ./optiga-trust-m-lib/optiga/comms/ifx_i2c/ifx_i2c_data_link_layer.o
                                 0x30 (size before relaxing)
 .rodata.str1.1
                0x1000d593       0x11 ./optiga-trust-m-lib/optiga/comms/ifx_i2c/ifx_i2c_presentation_layer.o
 .rodata.g_pctr_states_table
                0x1000d5a4       0x10 ./optiga-trust-m-lib/optiga/comms/ifx_i2c/ifx_i2c_transport_layer.o
 .rodata        0x1000d5b4        0x2 ./optiga-trust-m-lib/optiga/common/optiga_lib_logger.o
 .rodata.str1.1
                0x1000d5b6       0x4c ./optiga-trust-m-lib/optiga/common/optiga_lib_logger.o
                                 0x51 (size before relaxing)
 .rodata.__FUNCTION__.6428
                0x1000d602       0x18 ./optiga-trust-m-lib/optiga/cmd/optiga_cmd.o
 .rodata.__FUNCTION__.6487
                0x1000d61a       0x20 ./optiga-trust-m-lib/optiga/cmd/optiga_cmd.o
 .rodata.__FUNCTION__.6243
                0x1000d63a       0x1d ./optiga-trust-m-lib/optiga/cmd/optiga_cmd.o
 .rodata.__FUNCTION__.6383
                0x1000d657       0x16 ./optiga-trust-m-lib/optiga/cmd/optiga_cmd.o
 .rodata.__FUNCTION__.6468
                0x1000d66d       0x15 ./optiga-trust-m-lib/optiga/cmd/optiga_cmd.o
 .rodata.__FUNCTION__.6359
                0x1000d682       0x15 ./optiga-trust-m-lib/optiga/cmd/optiga_cmd.o
 .rodata.__FUNCTION__.6449
                0x1000d697       0x18 ./optiga-trust-m-lib/optiga/cmd/optiga_cmd.o
 .rodata.str1.1
                0x1000d6af      0x9e7 ./optiga-trust-m-lib/optiga/cmd/optiga_cmd.o
                                0x9ec (size before relaxing)
 .rodata.__FUNCTION__.6299
                0x1000e096       0x16 ./optiga-trust-m-lib/optiga/cmd/optiga_cmd.o
 .rodata.__FUNCTION__.6320
                0x1000e0ac       0x15 ./optiga-trust-m-lib/optiga/cmd/optiga_cmd.o
 .rodata.g_optiga_unique_application_identifier
                0x1000e0c1       0x10 ./optiga-trust-m-lib/optiga/cmd/optiga_cmd.o
                0x1000e0c1                g_optiga_unique_application_identifier
 .rodata.__FUNCTION__.6409
                0x1000e0d1       0x17 ./optiga-trust-m-lib/optiga/cmd/optiga_cmd.o
 .rodata.__FUNCTION__.6263
                0x1000e0e8       0x1b ./optiga-trust-m-lib/optiga/cmd/optiga_cmd.o
 .rodata.__FUNCTION__.6281
                0x1000e103       0x1b ./optiga-trust-m-lib/optiga/cmd/optiga_cmd.o
 .rodata.__FUNCTION__.6338
                0x1000e11e       0x17 ./optiga-trust-m-lib/optiga/cmd/optiga_cmd.o
 .rodata.__FUNCTION__.6228
                0x1000e135       0x1c ./optiga-trust-m-lib/optiga/cmd/optiga_cmd.o
 .rodata.FSb    0x1000e151      0x100 ./optiga-trust-m-lib/externals/mbedtls/library/aes.o
 *fill*         0x1000e251        0x3 
 .rodata.RT0    0x1000e254      0x400 ./optiga-trust-m-lib/externals/mbedtls/library/aes.o
 .rodata.RT1    0x1000e654      0x400 ./optiga-trust-m-lib/externals/mbedtls/library/aes.o
 .rodata.RT2    0x1000ea54      0x400 ./optiga-trust-m-lib/externals/mbedtls/library/aes.o
 .rodata.RT3    0x1000ee54      0x400 ./optiga-trust-m-lib/externals/mbedtls/library/aes.o
 .rodata.RCON   0x1000f254       0x28 ./optiga-trust-m-lib/externals/mbedtls/library/aes.o
 .rodata.FT0    0x1000f27c      0x400 ./optiga-trust-m-lib/externals/mbedtls/library/aes.o
 .rodata.FT1    0x1000f67c      0x400 ./optiga-trust-m-lib/externals/mbedtls/library/aes.o
 .rodata.FT2    0x1000fa7c      0x400 ./optiga-trust-m-lib/externals/mbedtls/library/aes.o
 .rodata.FT3    0x1000fe7c      0x400 ./optiga-trust-m-lib/externals/mbedtls/library/aes.o
 .rodata.RSb    0x1001027c      0x100 ./optiga-trust-m-lib/externals/mbedtls/library/aes.o
 .rodata.aes_info
                0x1001037c       0x18 ./optiga-trust-m-lib/externals/mbedtls/library/cipher_wrap.o
 .rodata.aes_192_ccm_info
                0x10010394       0x1c ./optiga-trust-m-lib/externals/mbedtls/library/cipher_wrap.o
 .rodata.mbedtls_cipher_definitions
                0x100103b0       0x38 ./optiga-trust-m-lib/externals/mbedtls/library/cipher_wrap.o
                0x100103b0                mbedtls_cipher_definitions
 .rodata.aes_128_ccm_info
                0x100103e8       0x1c ./optiga-trust-m-lib/externals/mbedtls/library/cipher_wrap.o
 .rodata.str1.1
                0x10010404       0x48 ./optiga-trust-m-lib/externals/mbedtls/library/cipher_wrap.o
 .rodata.ccm_aes_info
                0x1001044c       0x18 ./optiga-trust-m-lib/externals/mbedtls/library/cipher_wrap.o
 .rodata.aes_256_ccm_info
                0x10010464       0x1c ./optiga-trust-m-lib/externals/mbedtls/library/cipher_wrap.o
 .rodata.aes_192_ecb_info
                0x10010480       0x1c ./optiga-trust-m-lib/externals/mbedtls/library/cipher_wrap.o
 .rodata.aes_256_ecb_info