Archive member included because of file (symbol)

c:/dave_4-4-2_64bit/dave-ide-4.4.2-64bit/eclipse/arm-gcc-49/bin/../lib/gcc/arm-none-eabi/4.9.3/armv6-m\libgcc.a(_thumb1_case_uqi.o)
                              ./optiga-trust-m-lib/optiga/comms/ifx_i2c/ifx_i2c_physical_layer.o (__gnu_thumb1_case_uqi)
c:/dave_4-4-2_64bit/dave-ide-4.4.2-64bit/eclipse/arm-gcc-49/bin/../lib/gcc/arm-none-eabi/4.9.3/armv6-m\libgcc.a(_thumb1_case_uhi.o)
                              ./optiga-trust-m-lib/optiga/comms/ifx_i2c/ifx_i2c_data_link_layer.o (__gnu_thumb1_case_uhi)
c:/dave_4-4-2_64bit/dave-ide-4.4.2-64bit/eclipse/arm-gcc-49/bin/../lib/gcc/arm-none-eabi/4.9.3/armv6-m\libgcc.a(_lshrdi3.o)
                              ./Libraries/XMCLib/src/xmc1_scu.o (__aeabi_llsr)
c:/dave_4-4-2_64bit/dave-ide-4.4.2-64bit/eclipse/arm-gcc-49/bin/../lib/gcc/arm-none-eabi/4.9.3/armv6-m\libgcc.a(_ashldi3.o)
                              ./Libraries/XMCLib/src/xmc1_scu.o (__aeabi_llsl)
c:/dave_4-4-2_64bit/dave-ide-4.4.2-64bit/eclipse/arm-gcc-49/bin/../lib/gcc/arm-none-eabi/4.9.3/armv6-m\libgcc.a(_aeabi_uldivmod.o)
                              ./optiga-trust-m-lib/externals/mbedtls/library/bignum.o (__aeabi_uldivmod)
c:/dave_4-4-2_64bit/dave-ide-4.4.2-64bit/eclipse/arm-gcc-49/bin/../lib/gcc/arm-none-eabi/4.9.3/armv6-m\libgcc.a(_muldi3.o)
                              ./optiga-trust-m-lib/externals/mbedtls/library/bignum.o (__aeabi_lmul)
c:/dave_4-4-2_64bit/dave-ide-4.4.2-64bit/eclipse/arm-gcc-49/bin/../lib/gcc/arm-none-eabi/4.9.3/armv6-m\libgcc.a(_fixunssfsi.o)
                              ./Libraries/XMCLib/src/xmc_usic.o (__aeabi_f2uiz)
c:/dave_4-4-2_64bit/dave-ide-4.4.2-64bit/eclipse/arm-gcc-49/bin/../lib/gcc/arm-none-eabi/4.9.3/armv6-m\libgcc.a(bpabi.o)
                              c:/dave_4-4-2_64bit/dave-ide-4.4.2-64bit/eclipse/arm-gcc-49/bin/../lib/gcc/arm-none-eabi/4.9.3/armv6-m\libgcc.a(_aeabi_uldivmod.o) (__gnu_uldivmod_helper)
c:/dave_4-4-2_64bit/dave-ide-4.4.2-64bit/eclipse/arm-gcc-49/bin/../lib/gcc/arm-none-eabi/4.9.3/armv6-m\libgcc.a(divsf3.o)
                              ./Libraries/XMCLib/src/xmc_usic.o (__aeabi_fdiv)
c:/dave_4-4-2_64bit/dave-ide-4.4.2-64bit/eclipse/arm-gcc-49/bin/../lib/gcc/arm-none-eabi/4.9.3/armv6-m\libgcc.a(mulsf3.o)
                              ./Libraries/XMCLib/src/xmc_usic.o (__aeabi_fmul)
c:/dave_4-4-2_64bit/dave-ide-4.4.2-64bit/eclipse/arm-gcc-49/bin/../lib/gcc/arm-none-eabi/4.9.3/armv6-m\libgcc.a(subsf3.o)
                              c:/dave_4-4-2_64bit/dave-ide-4.4.2-64bit/eclipse/arm-gcc-49/bin/../lib/gcc/arm-none-eabi/4.9.3/armv6-m\libgcc.a(_fixunssfsi.o) (__aeabi_fsub)
c:/dave_4-4-2_64bit/dave-ide-4.4.2-64bit/eclipse/arm-gcc-49/bin/../lib/gcc/arm-none-eabi/4.9.3/armv6-m\libgcc.a(fixsfsi.o)
                              c:/dave_4-4-2_64bit/dave-ide-4.4.2-64bit/eclipse/arm-gcc-49/bin/../lib/gcc/arm-none-eabi/4.9.3/armv6-m\libgcc.a(_fixunssfsi.o) (__aeabi_f2iz)
c:/dave_4-4-2_64bit/dave-ide-4.4.2-64bit/eclipse/arm-gcc-49/bin/../lib/gcc/arm-none-eabi/4.9.3/armv6-m\libgcc.a(floatunsisf.o)
                              ./Libraries/XMCLib/src/xmc_usic.o (__aeabi_ui2f)
c:/dave_4-4-2_64bit/dave-ide-4.4.2-64bit/eclipse/arm-gcc-49/bin/../lib/gcc/arm-none-eabi/4.9.3/armv6-m\libgcc.a(_dvmd_tls.o)
                              c:/dave_4-4-2_64bit/dave-ide-4.4.2-64bit/eclipse/arm-gcc-49/bin/../lib/gcc/arm-none-eabi/4.9.3/armv6-m\libgcc.a(_aeabi_uldivmod.o) (__aeabi_ldiv0)
c:/dave_4-4-2_64bit/dave-ide-4.4.2-64bit/eclipse/arm-gcc-49/bin/../lib/gcc/arm-none-eabi/4.9.3/armv6-m\libgcc.a(_arm_cmpsf2.o)
                              c:/dave_4-4-2_64bit/dave-ide-4.4.2-64bit/eclipse/arm-gcc-49/bin/../lib/gcc/arm-none-eabi/4.9.3/armv6-m\libgcc.a(_fixunssfsi.o) (__aeabi_fcmpge)
c:/dave_4-4-2_64bit/dave-ide-4.4.2-64bit/eclipse/arm-gcc-49/bin/../lib/gcc/arm-none-eabi/4.9.3/armv6-m\libgcc.a(_clzsi2.o)
                              c:/dave_4-4-2_64bit/dave-ide-4.4.2-64bit/eclipse/arm-gcc-49/bin/../lib/gcc/arm-none-eabi/4.9.3/armv6-m\libgcc.a(divsf3.o) (__clzsi2)
c:/dave_4-4-2_64bit/dave-ide-4.4.2-64bit/eclipse/arm-gcc-49/bin/../lib/gcc/arm-none-eabi/4.9.3/armv6-m\libgcc.a(_divdi3.o)
                              c:/dave_4-4-2_64bit/dave-ide-4.4.2-64bit/eclipse/arm-gcc-49/bin/../lib/gcc/arm-none-eabi/4.9.3/armv6-m\libgcc.a(bpabi.o) (__divdi3)
c:/dave_4-4-2_64bit/dave-ide-4.4.2-64bit/eclipse/arm-gcc-49/bin/../lib/gcc/arm-none-eabi/4.9.3/armv6-m\libgcc.a(_udivdi3.o)
                              c:/dave_4-4-2_64bit/dave-ide-4.4.2-64bit/eclipse/arm-gcc-49/bin/../lib/gcc/arm-none-eabi/4.9.3/armv6-m\libgcc.a(bpabi.o) (__udivdi3)
c:/dave_4-4-2_64bit/dave-ide-4.4.2-64bit/eclipse/arm-gcc-49/bin/../lib/gcc/arm-none-eabi/4.9.3/armv6-m\libgcc.a(eqsf2.o)
                              c:/dave_4-4-2_64bit/dave-ide-4.4.2-64bit/eclipse/arm-gcc-49/bin/../lib/gcc/arm-none-eabi/4.9.3/armv6-m\libgcc.a(_arm_cmpsf2.o) (__eqsf2)
[...]
Memory Configuration

Name             Origin             Length             Attributes
FLASH            0x10001000         0x00032000         xr
SRAM             0x20000000         0x00004000         !xr
*default*        0x00000000         0xffffffff

Linker script and memory map

LOAD ./optiga-trust-m-lib/xmc-dave/pal.o
LOAD ./optiga-trust-m-lib/xmc-dave/pal_crypt_mbedtls.o
LOAD ./optiga-trust-m-lib/xmc-dave/pal_gpio.o
LOAD ./optiga-trust-m-lib/xmc-dave/pal_i2c.o
LOAD ./optiga-trust-m-lib/xmc-dave/pal_ifx_i2c_config.o
LOAD ./optiga-trust-m-lib/xmc-dave/pal_logger.o
LOAD ./optiga-trust-m-lib/xmc-dave/pal_os_datastore.o
LOAD ./optiga-trust-m-lib/xmc-dave/pal_os_event.o
LOAD ./optiga-trust-m-lib/xmc-dave/pal_os_lock.o
LOAD ./optiga-trust-m-lib/xmc-dave/pal_os_timer.o
LOAD ./optiga-trust-m-lib/optiga/util/optiga_util.o
LOAD ./optiga-trust-m-lib/optiga/crypt/optiga_crypt.o
LOAD ./optiga-trust-m-lib/optiga/comms/ifx_i2c/ifx_i2c.o
LOAD ./optiga-trust-m-lib/optiga/comms/ifx_i2c/ifx_i2c_config.o
LOAD ./optiga-trust-m-lib/optiga/comms/ifx_i2c/ifx_i2c_data_link_layer.o
LOAD ./optiga-trust-m-lib/optiga/comms/ifx_i2c/ifx_i2c_physical_layer.o
LOAD ./optiga-trust-m-lib/optiga/comms/ifx_i2c/ifx_i2c_presentation_layer.o
LOAD ./optiga-trust-m-lib/optiga/comms/ifx_i2c/ifx_i2c_transport_layer.o
LOAD ./optiga-trust-m-lib/optiga/comms/optiga_comms_ifx_i2c.o
LOAD ./optiga-trust-m-lib/optiga/common/optiga_lib_common.o
LOAD ./optiga-trust-m-lib/optiga/common/optiga_lib_logger.o
LOAD ./optiga-trust-m-lib/optiga/cmd/optiga_cmd.o
LOAD ./optiga-trust-m-lib/externals/mbedtls/library/aes.o
LOAD ./optiga-trust-m-lib/externals/mbedtls/library/aesni.o
LOAD ./optiga-trust-m-lib/externals/mbedtls/library/arc4.o
LOAD ./optiga-trust-m-lib/externals/mbedtls/library/aria.o
LOAD ./optiga-trust-m-lib/externals/mbedtls/library/asn1parse.o
LOAD ./optiga-trust-m-lib/externals/mbedtls/library/asn1write.o
LOAD ./optiga-trust-m-lib/externals/mbedtls/library/base64.o
LOAD ./optiga-trust-m-lib/externals/mbedtls/library/bignum.o
LOAD ./optiga-trust-m-lib/externals/mbedtls/library/blowfish.o
LOAD ./optiga-trust-m-lib/externals/mbedtls/library/camellia.o
LOAD ./optiga-trust-m-lib/externals/mbedtls/library/ccm.o
LOAD ./optiga-trust-m-lib/externals/mbedtls/library/certs.o
LOAD ./optiga-trust-m-lib/externals/mbedtls/library/chacha20.o
LOAD ./optiga-trust-m-lib/externals/mbedtls/library/chachapoly.o
LOAD ./optiga-trust-m-lib/externals/mbedtls/library/cipher.o
LOAD ./optiga-trust-m-lib/externals/mbedtls/library/cipher_wrap.o
LOAD ./optiga-trust-m-lib/externals/mbedtls/library/cmac.o
LOAD ./optiga-trust-m-lib/externals/mbedtls/library/ctr_drbg.o
LOAD ./optiga-trust-m-lib/externals/mbedtls/library/debug.o
LOAD ./optiga-trust-m-lib/externals/mbedtls/library/des.o
LOAD ./optiga-trust-m-lib/externals/mbedtls/library/dhm.o
LOAD ./optiga-trust-m-lib/externals/mbedtls/library/ecdh.o
LOAD ./optiga-trust-m-lib/externals/mbedtls/library/ecdsa.o
LOAD ./optiga-trust-m-lib/externals/mbedtls/library/ecjpake.o
LOAD ./optiga-trust-m-lib/externals/mbedtls/library/ecp.o
LOAD ./optiga-trust-m-lib/externals/mbedtls/library/ecp_curves.o
LOAD ./optiga-trust-m-lib/externals/mbedtls/library/entropy.o
LOAD ./optiga-trust-m-lib/externals/mbedtls/library/entropy_poll.o
LOAD ./optiga-trust-m-lib/externals/mbedtls/library/error.o
LOAD ./optiga-trust-m-lib/externals/mbedtls/library/gcm.o
LOAD ./optiga-trust-m-lib/externals/mbedtls/library/havege.o
LOAD ./optiga-trust-m-lib/externals/mbedtls/library/hkdf.o
LOAD ./optiga-trust-m-lib/externals/mbedtls/library/hmac_drbg.o
LOAD ./optiga-trust-m-lib/externals/mbedtls/library/md.o
LOAD ./optiga-trust-m-lib/externals/mbedtls/library/md2.o
LOAD ./optiga-trust-m-lib/externals/mbedtls/library/md4.o
LOAD ./optiga-trust-m-lib/externals/mbedtls/library/md5.o
LOAD ./optiga-trust-m-lib/externals/mbedtls/library/md_wrap.o
LOAD ./optiga-trust-m-lib/externals/mbedtls/library/memory_buffer_alloc.o
LOAD ./optiga-trust-m-lib/externals/mbedtls/library/net_sockets.o
LOAD ./optiga-trust-m-lib/externals/mbedtls/library/nist_kw.o
LOAD ./optiga-trust-m-lib/externals/mbedtls/library/oid.o
LOAD ./optiga-trust-m-lib/externals/mbedtls/library/padlock.o
LOAD ./optiga-trust-m-lib/externals/mbedtls/library/pem.o
LOAD ./optiga-trust-m-lib/externals/mbedtls/library/pk.o
LOAD ./optiga-trust-m-lib/externals/mbedtls/library/pk_wrap.o
LOAD ./optiga-trust-m-lib/externals/mbedtls/library/pkcs11.o
LOAD ./optiga-trust-m-lib/externals/mbedtls/library/pkcs12.o
LOAD ./optiga-trust-m-lib/externals/mbedtls/library/pkcs5.o
LOAD ./optiga-trust-m-lib/externals/mbedtls/library/pkparse.o
LOAD ./optiga-trust-m-lib/externals/mbedtls/library/pkwrite.o
LOAD ./optiga-trust-m-lib/externals/mbedtls/library/platform.o
LOAD ./optiga-trust-m-lib/externals/mbedtls/library/platform_util.o
LOAD ./optiga-trust-m-lib/externals/mbedtls/library/poly1305.o
LOAD ./optiga-trust-m-lib/externals/mbedtls/library/ripemd160.o
LOAD ./optiga-trust-m-lib/externals/mbedtls/library/rsa.o
LOAD ./optiga-trust-m-lib/externals/mbedtls/library/rsa_internal.o
LOAD ./optiga-trust-m-lib/externals/mbedtls/library/sha1.o
LOAD ./optiga-trust-m-lib/externals/mbedtls/library/sha256.o
LOAD ./optiga-trust-m-lib/externals/mbedtls/library/sha512.o
LOAD ./optiga-trust-m-lib/externals/mbedtls/library/ssl_cache.o
LOAD ./optiga-trust-m-lib/externals/mbedtls/library/ssl_ciphersuites.o
LOAD ./optiga-trust-m-lib/externals/mbedtls/library/ssl_cli.o
LOAD ./optiga-trust-m-lib/externals/mbedtls/library/ssl_cookie.o
LOAD ./optiga-trust-m-lib/externals/mbedtls/library/ssl_srv.o
LOAD ./optiga-trust-m-lib/externals/mbedtls/library/ssl_ticket.o
LOAD ./optiga-trust-m-lib/externals/mbedtls/library/ssl_tls.o
LOAD ./optiga-trust-m-lib/externals/mbedtls/library/threading.o
LOAD ./optiga-trust-m-lib/externals/mbedtls/library/timing.o
LOAD ./optiga-trust-m-lib/externals/mbedtls/library/version.o
LOAD ./optiga-trust-m-lib/externals/mbedtls/library/version_features.o
LOAD ./optiga-trust-m-lib/externals/mbedtls/library/x509.o
LOAD ./optiga-trust-m-lib/externals/mbedtls/library/x509_create.o
LOAD ./optiga-trust-m-lib/externals/mbedtls/library/x509_crl.o
LOAD ./optiga-trust-m-lib/externals/mbedtls/library/x509_crt.o
LOAD ./optiga-trust-m-lib/externals/mbedtls/library/x509_csr.o
LOAD ./optiga-trust-m-lib/externals/mbedtls/library/x509write_crt.o
LOAD ./optiga-trust-m-lib/externals/mbedtls/library/x509write_csr.o
LOAD ./optiga-trust-m-lib/externals/mbedtls/library/xtea.o
LOAD ./optiga-trust-m-lib/examples/example_optiga_crypt_ecc_generate_keypair.o
LOAD ./optiga-trust-m-lib/examples/example_optiga_crypt_ecdh.o
LOAD ./optiga-trust-m-lib/examples/example_optiga_crypt_ecdsa_sign.o
LOAD ./optiga-trust-m-lib/examples/example_optiga_crypt_ecdsa_verify.o
LOAD ./optiga-trust-m-lib/examples/example_optiga_crypt_hash.o
LOAD ./optiga-trust-m-lib/examples/example_optiga_crypt_random.o
LOAD ./optiga-trust-m-lib/examples/example_optiga_crypt_rsa_decrypt.o
LOAD ./optiga-trust-m-lib/examples/example_optiga_crypt_rsa_encrypt_message.o
LOAD ./optiga-trust-m-lib/examples/example_optiga_crypt_rsa_encrypt_session.o
LOAD ./optiga-trust-m-lib/examples/example_optiga_crypt_rsa_generate_keypair.o
LOAD ./optiga-trust-m-lib/examples/example_optiga_crypt_rsa_sign.o
LOAD ./optiga-trust-m-lib/examples/example_optiga_crypt_rsa_verify.o
LOAD ./optiga-trust-m-lib/examples/example_optiga_crypt_tls_prf_sha256.o
LOAD ./optiga-trust-m-lib/examples/example_optiga_hibernate_restore.o
LOAD ./optiga-trust-m-lib/examples/example_optiga_util_protected_update.o
LOAD ./optiga-trust-m-lib/examples/example_optiga_util_read_data.o
LOAD ./optiga-trust-m-lib/examples/example_optiga_util_read_uid.o
LOAD ./optiga-trust-m-lib/examples/example_optiga_util_update_count.o
LOAD ./optiga-trust-m-lib/examples/example_optiga_util_write_data.o
LOAD ./optiga-trust-m-lib/examples/example_pair_host_and_optiga_using_pre_shared_secret.o
LOAD ./Startup/startup_XMC1400.o
LOAD ./Startup/system_XMC1400.o
LOAD ./Libraries/XMCLib/src/xmc1_eru.o
LOAD ./Libraries/XMCLib/src/xmc1_flash.o
LOAD ./Libraries/XMCLib/src/xmc1_gpio.o
LOAD ./Libraries/XMCLib/src/xmc1_rtc.o
LOAD ./Libraries/XMCLib/src/xmc1_scu.o
LOAD ./Libraries/XMCLib/src/xmc_acmp.o
LOAD ./Libraries/XMCLib/src/xmc_bccu.o
LOAD ./Libraries/XMCLib/src/xmc_can.o
LOAD ./Libraries/XMCLib/src/xmc_ccu4.o
LOAD ./Libraries/XMCLib/src/xmc_ccu8.o
LOAD ./Libraries/XMCLib/src/xmc_common.o
LOAD ./Libraries/XMCLib/src/xmc_eru.o
LOAD ./Libraries/XMCLib/src/xmc_gpio.o
LOAD ./Libraries/XMCLib/src/xmc_i2c.o
LOAD ./Libraries/XMCLib/src/xmc_i2s.o
LOAD ./Libraries/XMCLib/src/xmc_ledts.o
LOAD ./Libraries/XMCLib/src/xmc_math.o
LOAD ./Libraries/XMCLib/src/xmc_pau.o
LOAD ./Libraries/XMCLib/src/xmc_posif.o
LOAD ./Libraries/XMCLib/src/xmc_prng.o
LOAD ./Libraries/XMCLib/src/xmc_rtc.o
LOAD ./Libraries/XMCLib/src/xmc_spi.o
LOAD ./Libraries/XMCLib/src/xmc_uart.o
LOAD ./Libraries/XMCLib/src/xmc_usic.o
LOAD ./Libraries/XMCLib/src/xmc_vadc.o
LOAD ./Libraries/XMCLib/src/xmc_wdt.o
LOAD ./Libraries/Newlib/syscalls.o
LOAD ./Dave/Generated/UART/uart.o
LOAD ./Dave/Generated/UART/uart_conf.o
LOAD ./Dave/Generated/TIMER/timer.o
LOAD ./Dave/Generated/TIMER/timer_conf.o
LOAD ./Dave/Generated/INTERRUPT/interrupt.o
LOAD ./Dave/Generated/INTERRUPT/interrupt_conf.o
LOAD ./Dave/Generated/I2C_MASTER/i2c_master.o
LOAD ./Dave/Generated/I2C_MASTER/i2c_master_conf.o
LOAD ./Dave/Generated/GLOBAL_CCU4/global_ccu4.o
LOAD ./Dave/Generated/GLOBAL_CCU4/global_ccu4_conf.o
LOAD ./Dave/Generated/DIGITAL_IO/digital_io.o
LOAD ./Dave/Generated/DIGITAL_IO/digital_io_conf.o
LOAD ./Dave/Generated/CPU_CTRL_XMC1/cpu_ctrl_xmc1.o
LOAD ./Dave/Generated/CPU_CTRL_XMC1/cpu_ctrl_xmc1_conf.o
LOAD ./Dave/Generated/CLOCK_XMC1/clock_xmc1.o
LOAD ./Dave/Generated/CLOCK_XMC1/clock_xmc1_conf.o
LOAD ./Dave/Generated/DAVE.o
LOAD ./main.o
LOAD ./optiga_shell.o
LOAD c:/dave_4-4-2_64bit/dave-ide-4.4.2-64bit/eclipse/arm-gcc-49/bin/../lib/gcc/arm-none-eabi/4.9.3/../../../../arm-none-eabi/lib/armv6-m\libm.a
START GROUP
LOAD c:/dave_4-4-2_64bit/dave-ide-4.4.2-64bit/eclipse/arm-gcc-49/bin/../lib/gcc/arm-none-eabi/4.9.3/armv6-m\libgcc.a
LOAD c:/dave_4-4-2_64bit/dave-ide-4.4.2-64bit/eclipse/arm-gcc-49/bin/../lib/gcc/arm-none-eabi/4.9.3/../../../../arm-none-eabi/lib/armv6-m\libg_nano.a
LOAD c:/dave_4-4-2_64bit/dave-ide-4.4.2-64bit/eclipse/arm-gcc-49/bin/../lib/gcc/arm-none-eabi/4.9.3/../../../../arm-none-eabi/lib/armv6-m\libc_nano.a
END GROUP
START GROUP
LOAD c:/dave_4-4-2_64bit/dave-ide-4.4.2-64bit/eclipse/arm-gcc-49/bin/../lib/gcc/arm-none-eabi/4.9.3/armv6-m\libgcc.a
LOAD c:/dave_4-4-2_64bit/dave-ide-4.4.2-64bit/eclipse/arm-gcc-49/bin/../lib/gcc/arm-none-eabi/4.9.3/../../../../arm-none-eabi/lib/armv6-m\libc_nano.a
LOAD c:/dave_4-4-2_64bit/dave-ide-4.4.2-64bit/eclipse/arm-gcc-49/bin/../lib/gcc/arm-none-eabi/4.9.3/../../../../arm-none-eabi/lib/armv6-m\libnosys.a
END GROUP
START GROUP
LOAD c:/dave_4-4-2_64bit/dave-ide-4.4.2-64bit/eclipse/arm-gcc-49/bin/../lib/gcc/arm-none-eabi/4.9.3/armv6-m\libgcc.a
LOAD c:/dave_4-4-2_64bit/dave-ide-4.4.2-64bit/eclipse/arm-gcc-49/bin/../lib/gcc/arm-none-eabi/4.9.3/../../../../arm-none-eabi/lib/armv6-m\libc_nano.a
LOAD c:/dave_4-4-2_64bit/dave-ide-4.4.2-64bit/eclipse/arm-gcc-49/bin/../lib/gcc/arm-none-eabi/4.9.3/../../../../arm-none-eabi/lib/armv6-m\libnosys.a
END GROUP
                0x00001400                stack_size = DEFINED (stack_size)?stack_size:0x1400
                0x00000004                no_init_size = 0x4

.text           0x10001000     0xf7d0
                0x10001000                sText = .
 *(.reset)
 .reset         0x10001000       0xa0 ./Startup/startup_XMC1400.o
                0x10001000                __Vectors
                0x1000101c                Reset_Handler
                0x1000109c                SysTick_Handler
                0x1000109c                IRQ5_Handler
                0x1000109c                PendSV_Handler
                0x1000109c                IRQ16_Handler
                0x1000109c                HardFault_Handler
                0x1000109c                IRQ25_Handler
                0x1000109c                IRQ23_Handler
                0x1000109c                IRQ22_Handler
                0x1000109c                IRQ29_Handler
                0x1000109c                IRQ20_Handler
                0x1000109c                IRQ4_Handler
                0x1000109c                IRQ30_Handler
                0x1000109c                IRQ21_Handler
                0x1000109c                IRQ31_Handler
                0x1000109c                IRQ28_Handler
                0x1000109c                IRQ2_Handler
                0x1000109c                IRQ24_Handler
                0x1000109c                SVC_Handler
                0x1000109c                IRQ1_Handler
                0x1000109c                IRQ19_Handler
                0x1000109c                IRQ6_Handler
                0x1000109c                IRQ15_Handler
                0x1000109c                IRQ18_Handler
                0x1000109c                IRQ8_Handler
                0x1000109c                IRQ3_Handler
                0x1000109c                IRQ27_Handler
                0x1000109c                IRQ26_Handler
                0x1000109c                IRQ17_Handler
 *(.text .text.* .gnu.linkonce.t.*)
 .text.pal_init
                0x100010a0        0x4 ./optiga-trust-m-lib/xmc-dave/pal.o
                0x100010a0                pal_init
 .text.pal_crypt_tls_prf_sha256
                0x100010a4      0x14a ./optiga-trust-m-lib/xmc-dave/pal_crypt_mbedtls.o
                0x100010a4                pal_crypt_tls_prf_sha256
 .text.pal_crypt_encrypt_aes128_ccm
                0x100011ee       0x8e ./optiga-trust-m-lib/xmc-dave/pal_crypt_mbedtls.o
                0x100011ee                pal_crypt_encrypt_aes128_ccm
 .text.pal_crypt_decrypt_aes128_ccm
                0x1000127c       0x82 ./optiga-trust-m-lib/xmc-dave/pal_crypt_mbedtls.o
                0x1000127c                pal_crypt_decrypt_aes128_ccm
 .text.pal_gpio_set_high
                0x100012fe       0x16 ./optiga-trust-m-lib/xmc-dave/pal_gpio.o
                0x100012fe                pal_gpio_set_high
 .text.pal_gpio_set_low
                0x10001314       0x18 ./optiga-trust-m-lib/xmc-dave/pal_gpio.o
                0x10001314                pal_gpio_set_low
 .text.pal_i2c_acquire.isra.2
                0x1000132c       0x20 ./optiga-trust-m-lib/xmc-dave/pal_i2c.o
 .text.invoke_upper_layer_callback
                0x1000134c       0x14 ./optiga-trust-m-lib/xmc-dave/pal_i2c.o
                0x1000134c                invoke_upper_layer_callback
 .text.i2c_master_end_of_transmit_callback
                0x10001360       0x14 ./optiga-trust-m-lib/xmc-dave/pal_i2c.o
                0x10001360                i2c_master_end_of_transmit_callback
 .text.i2c_master_end_of_receive_callback
                0x10001374       0x14 ./optiga-trust-m-lib/xmc-dave/pal_i2c.o
                0x10001374                i2c_master_end_of_receive_callback
 .text.i2c_master_error_detected_callback
                0x10001388       0x54 ./optiga-trust-m-lib/xmc-dave/pal_i2c.o
                0x10001388                i2c_master_error_detected_callback
 .text.i2c_master_nack_received_callback
                0x100013dc        0x8 ./optiga-trust-m-lib/xmc-dave/pal_i2c.o
                0x100013dc                i2c_master_nack_received_callback
 .text.i2c_master_arbitration_lost_callback
                0x100013e4        0x8 ./optiga-trust-m-lib/xmc-dave/pal_i2c.o
                0x100013e4                i2c_master_arbitration_lost_callback
 .text.pal_i2c_init
                0x100013ec       0x10 ./optiga-trust-m-lib/xmc-dave/pal_i2c.o
                0x100013ec                pal_i2c_init
 .text.pal_i2c_deinit
                0x100013fc        0x4 ./optiga-trust-m-lib/xmc-dave/pal_i2c.o
                0x100013fc                pal_i2c_deinit
 .text.pal_i2c_write
                0x10001400       0x54 ./optiga-trust-m-lib/xmc-dave/pal_i2c.o
                0x10001400                pal_i2c_write
 .text.pal_i2c_read
                0x10001454       0x58 ./optiga-trust-m-lib/xmc-dave/pal_i2c.o
                0x10001454                pal_i2c_read
 .text.pal_i2c_set_bitrate
                0x100014ac       0x50 ./optiga-trust-m-lib/xmc-dave/pal_i2c.o
                0x100014ac                pal_i2c_set_bitrate
 .text.cunit_console_uart_end_of_transmit_callback
                0x100014fc        0xc ./optiga-trust-m-lib/xmc-dave/pal_logger.o
                0x100014fc                cunit_console_uart_end_of_transmit_callback
 .text.cunit_console_uart_end_of_receive_callback
                0x10001508        0xc ./optiga-trust-m-lib/xmc-dave/pal_logger.o
                0x10001508                cunit_console_uart_end_of_receive_callback
 .text.pal_logger_init
                0x10001514       0x10 ./optiga-trust-m-lib/xmc-dave/pal_logger.o
                0x10001514                pal_logger_init
 .text.pal_logger_write
                0x10001524       0x28 ./optiga-trust-m-lib/xmc-dave/pal_logger.o
                0x10001524                pal_logger_write
 .text.pal_logger_read
                0x1000154c       0x28 ./optiga-trust-m-lib/xmc-dave/pal_logger.o
                0x1000154c                pal_logger_read
 .text.pal_os_datastore_write
                0x10001574       0x38 ./optiga-trust-m-lib/xmc-dave/pal_os_datastore.o
                0x10001574                pal_os_datastore_write
 .text.pal_os_datastore_read
                0x100015ac       0x50 ./optiga-trust-m-lib/xmc-dave/pal_os_datastore.o
                0x100015ac                pal_os_datastore_read
 .text.pal_os_event_stop
                0x100015fc        0x6 ./optiga-trust-m-lib/xmc-dave/pal_os_event.o
                0x100015fc                pal_os_event_stop
 *fill*         0x10001602        0x2 
 .text.IRQ7_Handler
                0x10001604       0x2c ./optiga-trust-m-lib/xmc-dave/pal_os_event.o
                0x10001604                IRQ7_Handler
 .text.pal_os_event_register_callback_oneshot
                0x10001630       0x20 ./optiga-trust-m-lib/xmc-dave/pal_os_event.o
                0x10001630                pal_os_event_register_callback_oneshot
 .text.pal_os_event_start
                0x10001650       0x16 ./optiga-trust-m-lib/xmc-dave/pal_os_event.o
                0x10001650                pal_os_event_start
 *fill*         0x10001666        0x2 
 .text.pal_os_event_create
                0x10001668       0x20 ./optiga-trust-m-lib/xmc-dave/pal_os_event.o
                0x10001668                pal_os_event_create
 .text.pal_os_lock_enter_critical_section
                0x10001688        0x2 ./optiga-trust-m-lib/xmc-dave/pal_os_lock.o
                0x10001688                pal_os_lock_enter_critical_section
 .text.pal_os_lock_exit_critical_section
                0x1000168a        0x2 ./optiga-trust-m-lib/xmc-dave/pal_os_lock.o
                0x1000168a                pal_os_lock_exit_critical_section
 .text.IRQ0_Handler
                0x1000168c       0x24 ./optiga-trust-m-lib/xmc-dave/pal_os_timer.o
                0x1000168c                IRQ0_Handler
 .text.pal_os_timer_get_time_in_microseconds
                0x100016b0       0x10 ./optiga-trust-m-lib/xmc-dave/pal_os_timer.o
                0x100016b0                pal_os_timer_get_time_in_microseconds
 .text.pal_os_timer_get_time_in_milliseconds
                0x100016c0        0xc ./optiga-trust-m-lib/xmc-dave/pal_os_timer.o
                0x100016c0                pal_os_timer_get_time_in_milliseconds
 .text.pal_os_timer_delay_in_milliseconds
                0x100016cc       0x18 ./optiga-trust-m-lib/xmc-dave/pal_os_timer.o
                0x100016cc                pal_os_timer_delay_in_milliseconds
 .text.optiga_util_generic_event_handler
                0x100016e4       0x10 ./optiga-trust-m-lib/optiga/util/optiga_util.o
 .text.optiga_util_reset_protection_level
                0x100016f4        0xc ./optiga-trust-m-lib/optiga/util/optiga_util.o
 .text.optiga_util_write_data_wrapper
                0x10001700       0xa8 ./optiga-trust-m-lib/optiga/util/optiga_util.o
 .text.optiga_util_set_comms_params
                0x100017a8       0x12 ./optiga-trust-m-lib/optiga/util/optiga_util.o
                0x100017a8                optiga_util_set_comms_params
 *fill*         0x100017ba        0x2 
 .text.optiga_util_create
                0x100017bc       0x50 ./optiga-trust-m-lib/optiga/util/optiga_util.o
                0x100017bc                optiga_util_create
 .text.optiga_util_destroy
                0x1000180c       0x30 ./optiga-trust-m-lib/optiga/util/optiga_util.o
                0x1000180c                optiga_util_destroy
 .text.optiga_util_open_application
                0x1000183c       0x6c ./optiga-trust-m-lib/optiga/util/optiga_util.o
                0x1000183c                optiga_util_open_application
 .text.optiga_util_close_application
                0x100018a8       0x6c ./optiga-trust-m-lib/optiga/util/optiga_util.o
                0x100018a8                optiga_util_close_application
 .text.optiga_util_read_data
                0x10001914       0x94 ./optiga-trust-m-lib/optiga/util/optiga_util.o
                0x10001914                optiga_util_read_data
 .text.optiga_util_read_metadata
                0x100019a8       0x8c ./optiga-trust-m-lib/optiga/util/optiga_util.o
                0x100019a8                optiga_util_read_metadata
 .text.optiga_util_write_data
                0x10001a34       0x24 ./optiga-trust-m-lib/optiga/util/optiga_util.o
                0x10001a34                optiga_util_write_data
 .text.optiga_util_write_metadata
                0x10001a58       0x84 ./optiga-trust-m-lib/optiga/util/optiga_util.o
                0x10001a58                optiga_util_write_metadata
 .text.optiga_util_protected_update_start
                0x10001adc       0x80 ./optiga-trust-m-lib/optiga/util/optiga_util.o
                0x10001adc                optiga_util_protected_update_start
 .text.optiga_util_protected_update_continue
                0x10001b5c       0x44 ./optiga-trust-m-lib/optiga/util/optiga_util.o
                0x10001b5c                optiga_util_protected_update_continue
 .text.optiga_util_protected_update_final
                0x10001ba0       0x40 ./optiga-trust-m-lib/optiga/util/optiga_util.o
                0x10001ba0                optiga_util_protected_update_final
 .text.optiga_util_update_count
                0x10001be0       0x18 ./optiga-trust-m-lib/optiga/util/optiga_util.o
                0x10001be0                optiga_util_update_count
 .text.optiga_crypt_generic_event_handler
                0x10001bf8       0x10 ./optiga-trust-m-lib/optiga/crypt/optiga_crypt.o
 .text.optiga_crypt_reset_protection_level
                0x10001c08        0xc ./optiga-trust-m-lib/optiga/crypt/optiga_crypt.o
 .text.optiga_crypt_get_random
                0x10001c14       0x78 ./optiga-trust-m-lib/optiga/crypt/optiga_crypt.o
 .text.optiga_crypt_generate_keypair
                0x10001c8c       0x9c ./optiga-trust-m-lib/optiga/crypt/optiga_crypt.o
 .text.optiga_crypt_sign.isra.0
                0x10001d28       0xa0 ./optiga-trust-m-lib/optiga/crypt/optiga_crypt.o
 .text.optiga_crypt_verify.isra.1
                0x10001dc8       0xb4 ./optiga-trust-m-lib/optiga/crypt/optiga_crypt.o
 .text.optiga_crypt_rsa_enc_dec.isra.2
                0x10001e7c       0xa4 ./optiga-trust-m-lib/optiga/crypt/optiga_crypt.o
 .text.optiga_crypt_set_comms_params
                0x10001f20       0x12 ./optiga-trust-m-lib/optiga/crypt/optiga_crypt.o
                0x10001f20                optiga_crypt_set_comms_params
 *fill*         0x10001f32        0x2 
 .text.optiga_crypt_create
                0x10001f34       0x50 ./optiga-trust-m-lib/optiga/crypt/optiga_crypt.o
                0x10001f34                optiga_crypt_create
 .text.optiga_crypt_destroy
                0x10001f84       0x30 ./optiga-trust-m-lib/optiga/crypt/optiga_crypt.o
                0x10001f84                optiga_crypt_destroy
 .text.optiga_crypt_random
                0x10001fb4       0x24 ./optiga-trust-m-lib/optiga/crypt/optiga_crypt.o
                0x10001fb4                optiga_crypt_random
 .text.optiga_crypt_hash_start
                0x10001fd8       0x7c ./optiga-trust-m-lib/optiga/crypt/optiga_crypt.o
                0x10001fd8                optiga_crypt_hash_start
 .text.optiga_crypt_hash_update
                0x10002054       0x9c ./optiga-trust-m-lib/optiga/crypt/optiga_crypt.o
                0x10002054                optiga_crypt_hash_update
 .text.optiga_crypt_hash_finalize
                0x100020f0       0x88 ./optiga-trust-m-lib/optiga/crypt/optiga_crypt.o
                0x100020f0                optiga_crypt_hash_finalize
 .text.optiga_crypt_ecc_generate_keypair
                0x10002178       0x16 ./optiga-trust-m-lib/optiga/crypt/optiga_crypt.o
                0x10002178                optiga_crypt_ecc_generate_keypair
 .text.optiga_crypt_ecdsa_sign
                0x1000218e       0x20 ./optiga-trust-m-lib/optiga/crypt/optiga_crypt.o
                0x1000218e                optiga_crypt_ecdsa_sign
 .text.optiga_crypt_ecdsa_verify
                0x100021ae       0x28 ./optiga-trust-m-lib/optiga/crypt/optiga_crypt.o
                0x100021ae                optiga_crypt_ecdsa_verify
 *fill*         0x100021d6        0x2 
 .text.optiga_crypt_ecdh
                0x100021d8       0x98 ./optiga-trust-m-lib/optiga/crypt/optiga_crypt.o
                0x100021d8                optiga_crypt_ecdh
 .text.optiga_crypt_tls_prf_sha256
                0x10002270       0xc0 ./optiga-trust-m-lib/optiga/crypt/optiga_crypt.o
                0x10002270                optiga_crypt_tls_prf_sha256
 .text.optiga_crypt_rsa_generate_keypair
                0x10002330       0x16 ./optiga-trust-m-lib/optiga/crypt/optiga_crypt.o
                0x10002330                optiga_crypt_rsa_generate_keypair
 .text.optiga_crypt_rsa_sign
                0x10002346       0x18 ./optiga-trust-m-lib/optiga/crypt/optiga_crypt.o
                0x10002346                optiga_crypt_rsa_sign
 .text.optiga_crypt_rsa_verify
                0x1000235e       0x1e ./optiga-trust-m-lib/optiga/crypt/optiga_crypt.o
                0x1000235e                optiga_crypt_rsa_verify
 .text.optiga_crypt_rsa_encrypt_message
                0x1000237c       0x48 ./optiga-trust-m-lib/optiga/crypt/optiga_crypt.o
                0x1000237c                optiga_crypt_rsa_encrypt_message
 .text.optiga_crypt_rsa_encrypt_session
                0x100023c4       0x50 ./optiga-trust-m-lib/optiga/crypt/optiga_crypt.o
                0x100023c4                optiga_crypt_rsa_encrypt_session
 .text.optiga_crypt_rsa_decrypt_and_export
                0x10002414       0x54 ./optiga-trust-m-lib/optiga/crypt/optiga_crypt.o
                0x10002414                optiga_crypt_rsa_decrypt_and_export
 .text.optiga_crypt_rsa_decrypt_and_store
                0x10002468       0x38 ./optiga-trust-m-lib/optiga/crypt/optiga_crypt.o
                0x10002468                optiga_crypt_rsa_decrypt_and_store
 .text.optiga_crypt_rsa_generate_pre_master_secret
                0x100024a0       0x30 ./optiga-trust-m-lib/optiga/crypt/optiga_crypt.o
                0x100024a0                optiga_crypt_rsa_generate_pre_master_secret
 .text.ifx_i2c_tl_event_handler
                0x100024d0       0x2c ./optiga-trust-m-lib/optiga/comms/ifx_i2c/ifx_i2c.o
                0x100024d0                ifx_i2c_tl_event_handler
 .text.ifx_i2c_init
                0x100024fc       0x94 ./optiga-trust-m-lib/optiga/comms/ifx_i2c/ifx_i2c.o
 .text.ifx_i2c_prl_close_event_handler
                0x10002590       0x36 ./optiga-trust-m-lib/optiga/comms/ifx_i2c/ifx_i2c.o
                0x10002590                ifx_i2c_prl_close_event_handler
 .text.ifx_i2c_open
                0x100025c6       0x3e ./optiga-trust-m-lib/optiga/comms/ifx_i2c/ifx_i2c.o
                0x100025c6                ifx_i2c_open
 .text.ifx_i2c_transceive
                0x10002604       0x3a ./optiga-trust-m-lib/optiga/comms/ifx_i2c/ifx_i2c.o
                0x10002604                ifx_i2c_transceive
 *fill*         0x1000263e        0x2 
 .text.ifx_i2c_close
                0x10002640       0x48 ./optiga-trust-m-lib/optiga/comms/ifx_i2c/ifx_i2c.o
                0x10002640                ifx_i2c_close
 .text.ifx_i2c_dl_calc_crc
                0x10002688       0x3a ./optiga-trust-m-lib/optiga/comms/ifx_i2c/ifx_i2c_data_link_layer.o
 .text.ifx_i2c_dl_send_frame_internal
                0x100026c2       0x98 ./optiga-trust-m-lib/optiga/comms/ifx_i2c/ifx_i2c_data_link_layer.o
 *fill*         0x1000275a        0x2 
 .text.ifx_i2c_pl_event_handler
                0x1000275c      0x33c ./optiga-trust-m-lib/optiga/comms/ifx_i2c/ifx_i2c_data_link_layer.o
 .text.ifx_i2c_dl_init
                0x10002a98       0x50 ./optiga-trust-m-lib/optiga/comms/ifx_i2c/ifx_i2c_data_link_layer.o
                0x10002a98                ifx_i2c_dl_init
 .text.ifx_i2c_dl_send_frame
                0x10002ae8       0x36 ./optiga-trust-m-lib/optiga/comms/ifx_i2c/ifx_i2c_data_link_layer.o
                0x10002ae8                ifx_i2c_dl_send_frame
 *fill*         0x10002b1e        0x2 
 .text.ifx_i2c_dl_receive_frame
                0x10002b20       0x34 ./optiga-trust-m-lib/optiga/comms/ifx_i2c/ifx_i2c_data_link_layer.o
                0x10002b20                ifx_i2c_dl_receive_frame
 .text.ifx_i2c_pl_read_register
                0x10002b54       0x32 ./optiga-trust-m-lib/optiga/comms/ifx_i2c/ifx_i2c_physical_layer.o
 .text.ifx_i2c_pl_status_poll_callback
                0x10002b86        0xc ./optiga-trust-m-lib/optiga/comms/ifx_i2c/ifx_i2c_physical_layer.o
 .text.ifx_i2c_pl_write_register
                0x10002b92       0x3c ./optiga-trust-m-lib/optiga/comms/ifx_i2c/ifx_i2c_physical_layer.o
 .text.ifx_i2c_pal_poll_callback
                0x10002bce       0x34 ./optiga-trust-m-lib/optiga/comms/ifx_i2c/ifx_i2c_physical_layer.o
 *fill*         0x10002c02        0x2 
 .text.ifx_i2c_pl_set_bit_rate
                0x10002c04       0x44 ./optiga-trust-m-lib/optiga/comms/ifx_i2c/ifx_i2c_physical_layer.o
 .text.ifx_i2c_pl_negotiation_event_handler
                0x10002c48      0x18c ./optiga-trust-m-lib/optiga/comms/ifx_i2c/ifx_i2c_physical_layer.o
 .text.ifx_i2c_pl_frame_event_handler
                0x10002dd4      0x114 ./optiga-trust-m-lib/optiga/comms/ifx_i2c/ifx_i2c_physical_layer.o
 .text.ifx_i2c_pl_soft_reset
                0x10002ee8       0x98 ./optiga-trust-m-lib/optiga/comms/ifx_i2c/ifx_i2c_physical_layer.o
 .text.ifx_i2c_pl_pal_event_handler
                0x10002f80       0x4c ./optiga-trust-m-lib/optiga/comms/ifx_i2c/ifx_i2c_physical_layer.o
 .text.ifx_i2c_pl_guard_time_callback
                0x10002fcc       0x38 ./optiga-trust-m-lib/optiga/comms/ifx_i2c/ifx_i2c_physical_layer.o
 .text.ifx_i2c_pl_init
                0x10003004       0x6c ./optiga-trust-m-lib/optiga/comms/ifx_i2c/ifx_i2c_physical_layer.o
                0x10003004                ifx_i2c_pl_init
 .text.ifx_i2c_pl_send_frame
                0x10003070       0x30 ./optiga-trust-m-lib/optiga/comms/ifx_i2c/ifx_i2c_physical_layer.o
                0x10003070                ifx_i2c_pl_send_frame
 .text.ifx_i2c_pl_receive_frame
                0x100030a0       0x28 ./optiga-trust-m-lib/optiga/comms/ifx_i2c/ifx_i2c_physical_layer.o
                0x100030a0                ifx_i2c_pl_receive_frame
 .text.ifx_i2c_prl_decrypt_msg
                0x100030c8       0xa0 ./optiga-trust-m-lib/optiga/comms/ifx_i2c/ifx_i2c_presentation_layer.o
 .text.ifx_i2c_prl_encrypt_msg
                0x10003168       0x88 ./optiga-trust-m-lib/optiga/comms/ifx_i2c/ifx_i2c_presentation_layer.o
 .text.ifx_i2c_prl_event_handler
                0x100031f0      0xa94 ./optiga-trust-m-lib/optiga/comms/ifx_i2c/ifx_i2c_presentation_layer.o
 .text.ifx_i2c_prl_init
                0x10003c84       0x68 ./optiga-trust-m-lib/optiga/comms/ifx_i2c/ifx_i2c_presentation_layer.o
                0x10003c84                ifx_i2c_prl_init
 .text.ifx_i2c_prl_close
                0x10003cec       0x54 ./optiga-trust-m-lib/optiga/comms/ifx_i2c/ifx_i2c_presentation_layer.o
                0x10003cec                ifx_i2c_prl_close
 .text.ifx_i2c_prl_transceive
                0x10003d40       0xa0 ./optiga-trust-m-lib/optiga/comms/ifx_i2c/ifx_i2c_presentation_layer.o
                0x10003d40                ifx_i2c_prl_transceive
 .text.ifx_i2c_tl_send_next_fragment
                0x10003de0       0x58 ./optiga-trust-m-lib/optiga/comms/ifx_i2c/ifx_i2c_transport_layer.o
 .text.ifx_i2c_dl_event_handler
                0x10003e38      0x28c ./optiga-trust-m-lib/optiga/comms/ifx_i2c/ifx_i2c_transport_layer.o
 .text.ifx_i2c_tl_init
                0x100040c4       0x38 ./optiga-trust-m-lib/optiga/comms/ifx_i2c/ifx_i2c_transport_layer.o
                0x100040c4                ifx_i2c_tl_init
 .text.ifx_i2c_tl_transceive
                0x100040fc       0x60 ./optiga-trust-m-lib/optiga/comms/ifx_i2c/ifx_i2c_transport_layer.o
                0x100040fc                ifx_i2c_tl_transceive
 .text.ifx_i2c_event_handler
                0x1000415c       0x10 ./optiga-trust-m-lib/optiga/comms/optiga_comms_ifx_i2c.o
 .text.optiga_comms_create
                0x1000416c       0x1c ./optiga-trust-m-lib/optiga/comms/optiga_comms_ifx_i2c.o
                0x1000416c                optiga_comms_create
 .text.optiga_comms_set_callback_context
                0x10004188        0x6 ./optiga-trust-m-lib/optiga/comms/optiga_comms_ifx_i2c.o
                0x10004188                optiga_comms_set_callback_context
 *fill*         0x1000418e        0x2 
 .text.optiga_comms_open
                0x10004190       0x48 ./optiga-trust-m-lib/optiga/comms/optiga_comms_ifx_i2c.o
                0x10004190                optiga_comms_open
 .text.optiga_comms_transceive
                0x100041d8       0x50 ./optiga-trust-m-lib/optiga/comms/optiga_comms_ifx_i2c.o
                0x100041d8                optiga_comms_transceive
 .text.optiga_comms_close
                0x10004228       0x3c ./optiga-trust-m-lib/optiga/comms/optiga_comms_ifx_i2c.o
                0x10004228                optiga_comms_close
 .text.optiga_common_get_uint32
                0x10004264       0x18 ./optiga-trust-m-lib/optiga/common/optiga_lib_common.o
                0x10004264                optiga_common_get_uint32
 .text.optiga_common_set_uint16
                0x1000427c        0x8 ./optiga-trust-m-lib/optiga/common/optiga_lib_common.o
                0x1000427c                optiga_common_set_uint16
 .text.optiga_common_set_uint32
                0x10004284       0x10 ./optiga-trust-m-lib/optiga/common/optiga_lib_common.o
                0x10004284                optiga_common_set_uint32
 .text.optiga_common_get_uint16
                0x10004294        0xe ./optiga-trust-m-lib/optiga/common/optiga_lib_common.o
                0x10004294                optiga_common_get_uint16
 .text.optiga_lib_word_to_hex_string
                0x100042a2       0x58 ./optiga-trust-m-lib/optiga/common/optiga_lib_logger.o
 *fill*         0x100042fa        0x2 
 .text.optiga_lib_print_string
                0x100042fc       0x1c ./optiga-trust-m-lib/optiga/common/optiga_lib_logger.o
                0x100042fc                optiga_lib_print_string
 .text.optiga_lib_print_string_with_newline
                0x10004318       0x38 ./optiga-trust-m-lib/optiga/common/optiga_lib_logger.o
                0x10004318                optiga_lib_print_string_with_newline
 .text.optiga_lib_print_message
                0x10004350       0x64 ./optiga-trust-m-lib/optiga/common/optiga_lib_logger.o
                0x10004350                optiga_lib_print_message
 .text.optiga_lib_print_status
                0x100043b4       0xc0 ./optiga-trust-m-lib/optiga/common/optiga_lib_logger.o
                0x100043b4                optiga_lib_print_status
 .text.optiga_lib_print_array_hex_format
                0x10004474      0x124 ./optiga-trust-m-lib/optiga/common/optiga_lib_logger.o
                0x10004474                optiga_lib_print_array_hex_format
 .text.optiga_cmd_prepare_tag_header
                0x10004598       0x1a ./optiga-trust-m-lib/optiga/cmd/optiga_cmd.o
 .text.optiga_cmd_queue_update_slot
                0x100045b2       0x88 ./optiga-trust-m-lib/optiga/cmd/optiga_cmd.o
 *fill*         0x1000463a        0x2 
 .text.optiga_cmd_queue_reset_slot
                0x1000463c       0x58 ./optiga-trust-m-lib/optiga/cmd/optiga_cmd.o
 .text.optiga_cmd_execute_handler
                0x10004694      0x37c ./optiga-trust-m-lib/optiga/cmd/optiga_cmd.o
 .text.optiga_cmd_event_trigger_execute
                0x10004a10        0xa ./optiga-trust-m-lib/optiga/cmd/optiga_cmd.o
 *fill*         0x10004a1a        0x2 
 .text.optiga_cmd_get_data_object_handler
                0x10004a1c      0x110 ./optiga-trust-m-lib/optiga/cmd/optiga_cmd.o
 .text.optiga_cmd_set_data_object_handler
                0x10004b2c       0xc8 ./optiga-trust-m-lib/optiga/cmd/optiga_cmd.o
 .text.optiga_cmd_get_random_handler
                0x10004bf4       0xe8 ./optiga-trust-m-lib/optiga/cmd/optiga_cmd.o
 .text.optiga_cmd_calc_sign_handler
                0x10004cdc       0xc4 ./optiga-trust-m-lib/optiga/cmd/optiga_cmd.o
 .text.optiga_cmd_verify_sign_handler
                0x10004da0      0x144 ./optiga-trust-m-lib/optiga/cmd/optiga_cmd.o
 .text.optiga_cmd_calc_ssec_handler
                0x10004ee4      0x13c ./optiga-trust-m-lib/optiga/cmd/optiga_cmd.o
 .text.optiga_cmd_derive_key_handler
                0x10005020      0x18c ./optiga-trust-m-lib/optiga/cmd/optiga_cmd.o
 .text.optiga_cmd_set_object_protected_handler
                0x100051ac       0xb8 ./optiga-trust-m-lib/optiga/cmd/optiga_cmd.o
 .text.optiga_cmd_gen_keypair_handler
                0x10005264      0x134 ./optiga-trust-m-lib/optiga/cmd/optiga_cmd.o
 .text.optiga_cmd_encrypt_asym_handler
                0x10005398      0x17c ./optiga-trust-m-lib/optiga/cmd/optiga_cmd.o
 .text.optiga_cmd_decrypt_asym_handler
                0x10005514      0x144 ./optiga-trust-m-lib/optiga/cmd/optiga_cmd.o
 .text.optiga_cmd_calc_hash_handler
                0x10005658      0x200 ./optiga-trust-m-lib/optiga/cmd/optiga_cmd.o
 .text.optiga_cmd_close_application_handler
                0x10005858       0x88 ./optiga-trust-m-lib/optiga/cmd/optiga_cmd.o
 .text.optiga_cmd_open_application_handler
                0x100058e0       0xf8 ./optiga-trust-m-lib/optiga/cmd/optiga_cmd.o
 .text.optiga_cmd_queue_scheduler
                0x100059d8      0x200 ./optiga-trust-m-lib/optiga/cmd/optiga_cmd.o
 .text.optiga_cmd_set_shielded_connection_option
                0x10005bd8       0x18 ./optiga-trust-m-lib/optiga/cmd/optiga_cmd.o
                0x10005bd8                optiga_cmd_set_shielded_connection_option
 .text.optiga_cmd_create
                0x10005bf0       0xb4 ./optiga-trust-m-lib/optiga/cmd/optiga_cmd.o
                0x10005bf0                optiga_cmd_create
 .text.optiga_cmd_destroy
                0x10005ca4       0x4c ./optiga-trust-m-lib/optiga/cmd/optiga_cmd.o
                0x10005ca4                optiga_cmd_destroy
 .text.optiga_cmd_open_application
                0x10005cf0       0x20 ./optiga-trust-m-lib/optiga/cmd/optiga_cmd.o
                0x10005cf0                optiga_cmd_open_application
 .text.optiga_cmd_close_application
                0x10005d10       0x20 ./optiga-trust-m-lib/optiga/cmd/optiga_cmd.o
                0x10005d10                optiga_cmd_close_application
 .text.optiga_cmd_get_data_object
                0x10005d30       0x20 ./optiga-trust-m-lib/optiga/cmd/optiga_cmd.o
                0x10005d30                optiga_cmd_get_data_object
 .text.optiga_cmd_set_data_object
                0x10005d50       0x20 ./optiga-trust-m-lib/optiga/cmd/optiga_cmd.o
                0x10005d50                optiga_cmd_set_data_object
 .text.optiga_cmd_get_random
                0x10005d70       0x28 ./optiga-trust-m-lib/optiga/cmd/optiga_cmd.o
                0x10005d70                optiga_cmd_get_random
 .text.optiga_cmd_calc_sign
                0x10005d98       0x38 ./optiga-trust-m-lib/optiga/cmd/optiga_cmd.o
                0x10005d98                optiga_cmd_calc_sign
 .text.optiga_cmd_verify_sign
                0x10005dd0       0x20 ./optiga-trust-m-lib/optiga/cmd/optiga_cmd.o
                0x10005dd0                optiga_cmd_verify_sign
 .text.optiga_cmd_calc_ssec
                0x10005df0       0x40 ./optiga-trust-m-lib/optiga/cmd/optiga_cmd.o
                0x10005df0                optiga_cmd_calc_ssec
 .text.optiga_cmd_derive_key
                0x10005e30       0x44 ./optiga-trust-m-lib/optiga/cmd/optiga_cmd.o
                0x10005e30                optiga_cmd_derive_key
 .text.optiga_cmd_gen_keypair
                0x10005e74       0x34 ./optiga-trust-m-lib/optiga/cmd/optiga_cmd.o
                0x10005e74                optiga_cmd_gen_keypair
 .text.optiga_cmd_encrypt_asym
                0x10005ea8       0x3c ./optiga-trust-m-lib/optiga/cmd/optiga_cmd.o
                0x10005ea8                optiga_cmd_encrypt_asym
 .text.optiga_cmd_decrypt_asym
                0x10005ee4       0x30 ./optiga-trust-m-lib/optiga/cmd/optiga_cmd.o
                0x10005ee4                optiga_cmd_decrypt_asym
 .text.optiga_cmd_calc_hash
                0x10005f14       0x24 ./optiga-trust-m-lib/optiga/cmd/optiga_cmd.o
                0x10005f14                optiga_cmd_calc_hash
 .text.optiga_cmd_set_object_protected
                0x10005f38       0x58 ./optiga-trust-m-lib/optiga/cmd/optiga_cmd.o
                0x10005f38                optiga_cmd_set_object_protected
 .text.mbedtls_aes_init
                0x10005f90        0xe ./optiga-trust-m-lib/externals/mbedtls/library/aes.o
                0x10005f90                mbedtls_aes_init
 .text.mbedtls_aes_free
                0x10005f9e       0x10 ./optiga-trust-m-lib/externals/mbedtls/library/aes.o
                0x10005f9e                mbedtls_aes_free
 *fill*         0x10005fae        0x2 
 .text.mbedtls_aes_setkey_enc
                0x10005fb0      0x1b4 ./optiga-trust-m-lib/externals/mbedtls/library/aes.o
                0x10005fb0                mbedtls_aes_setkey_enc
 .text.mbedtls_aes_setkey_dec
                0x10006164       0xcc ./optiga-trust-m-lib/externals/mbedtls/library/aes.o
                0x10006164                mbedtls_aes_setkey_dec
 .text.mbedtls_internal_aes_encrypt
                0x10006230      0x3f8 ./optiga-trust-m-lib/externals/mbedtls/library/aes.o
                0x10006230                mbedtls_internal_aes_encrypt
 .text.mbedtls_internal_aes_decrypt
                0x10006628      0x418 ./optiga-trust-m-lib/externals/mbedtls/library/aes.o
                0x10006628                mbedtls_internal_aes_decrypt
 .text.mbedtls_aes_crypt_ecb
                0x10006a40       0x1a ./optiga-trust-m-lib/externals/mbedtls/library/aes.o
                0x10006a40                mbedtls_aes_crypt_ecb
 .text.ccm_auth_crypt
                0x10006a5a      0x2be ./optiga-trust-m-lib/externals/mbedtls/library/ccm.o
 .text.mbedtls_ccm_init
                0x10006d18        0xc ./optiga-trust-m-lib/externals/mbedtls/library/ccm.o
                0x10006d18                mbedtls_ccm_init
 .text.mbedtls_ccm_setkey
                0x10006d24       0x42 ./optiga-trust-m-lib/externals/mbedtls/library/ccm.o
                0x10006d24                mbedtls_ccm_setkey
 .text.mbedtls_ccm_free
                0x10006d66       0x16 ./optiga-trust-m-lib/externals/mbedtls/library/ccm.o
                0x10006d66                mbedtls_ccm_free
 .text.mbedtls_ccm_star_encrypt_and_tag
                0x10006d7c       0x30 ./optiga-trust-m-lib/externals/mbedtls/library/ccm.o
                0x10006d7c                mbedtls_ccm_star_encrypt_and_tag
 .text.mbedtls_ccm_encrypt_and_tag
                0x10006dac       0x2e ./optiga-trust-m-lib/externals/mbedtls/library/ccm.o
                0x10006dac                mbedtls_ccm_encrypt_and_tag
 .text.mbedtls_ccm_star_auth_decrypt
                0x10006dda       0x5e ./optiga-trust-m-lib/externals/mbedtls/library/ccm.o
                0x10006dda                mbedtls_ccm_star_auth_decrypt
 .text.mbedtls_ccm_auth_decrypt
                0x10006e38       0x2e ./optiga-trust-m-lib/externals/mbedtls/library/ccm.o
                0x10006e38                mbedtls_ccm_auth_decrypt
 *fill*         0x10006e66        0x2 
 .text.mbedtls_cipher_info_from_values
                0x10006e68       0x2c ./optiga-trust-m-lib/externals/mbedtls/library/cipher.o
                0x10006e68                mbedtls_cipher_info_from_values
 .text.mbedtls_cipher_free
                0x10006e94       0x20 ./optiga-trust-m-lib/externals/mbedtls/library/cipher.o
                0x10006e94                mbedtls_cipher_free
 .text.mbedtls_cipher_setup
                0x10006eb4       0x34 ./optiga-trust-m-lib/externals/mbedtls/library/cipher.o
                0x10006eb4                mbedtls_cipher_setup
 .text.mbedtls_cipher_setkey
                0x10006ee8       0x40 ./optiga-trust-m-lib/externals/mbedtls/library/cipher.o
                0x10006ee8                mbedtls_cipher_setkey
 .text.mbedtls_cipher_update
                0x10006f28       0x6c ./optiga-trust-m-lib/externals/mbedtls/library/cipher.o
                0x10006f28                mbedtls_cipher_update
 .text.ccm_ctx_free
                0x10006f94       0x10 ./optiga-trust-m-lib/externals/mbedtls/library/cipher_wrap.o
 .text.ccm_ctx_alloc
                0x10006fa4       0x16 ./optiga-trust-m-lib/externals/mbedtls/library/cipher_wrap.o
 .text.ccm_aes_setkey_wrap
                0x10006fba       0x10 ./optiga-trust-m-lib/externals/mbedtls/library/cipher_wrap.o
 .text.aes_ctx_free
                0x10006fca       0x10 ./optiga-trust-m-lib/externals/mbedtls/library/cipher_wrap.o
 .text.aes_ctx_alloc
                0x10006fda       0x18 ./optiga-trust-m-lib/externals/mbedtls/library/cipher_wrap.o
 .text.aes_setkey_dec_wrap
                0x10006ff2        0x8 ./optiga-trust-m-lib/externals/mbedtls/library/cipher_wrap.o
 .text.aes_setkey_enc_wrap
                0x10006ffa        0x8 ./optiga-trust-m-lib/externals/mbedtls/library/cipher_wrap.o
 .text.aes_crypt_ecb_wrap
                0x10007002        0x8 ./optiga-trust-m-lib/externals/mbedtls/library/cipher_wrap.o
 *fill*         0x1000700a        0x2 
 .text.mbedtls_md_info_from_type
                0x1000700c       0x20 ./optiga-trust-m-lib/externals/mbedtls/library/md.o
                0x1000700c                mbedtls_md_info_from_type
 .text.mbedtls_md_init
                0x1000702c        0xc ./optiga-trust-m-lib/externals/mbedtls/library/md.o
                0x1000702c                mbedtls_md_init
 .text.mbedtls_md_free
                0x10007038       0x38 ./optiga-trust-m-lib/externals/mbedtls/library/md.o
                0x10007038                mbedtls_md_free
 .text.mbedtls_md_setup
                0x10007070       0x4c ./optiga-trust-m-lib/externals/mbedtls/library/md.o
                0x10007070                mbedtls_md_setup
 .text.mbedtls_md_hmac_starts
                0x100070bc       0xbc ./optiga-trust-m-lib/externals/mbedtls/library/md.o
                0x100070bc                mbedtls_md_hmac_starts
 .text.mbedtls_md_hmac_update
                0x10007178       0x24 ./optiga-trust-m-lib/externals/mbedtls/library/md.o
                0x10007178                mbedtls_md_hmac_update
 .text.mbedtls_md_hmac_finish
                0x1000719c       0x68 ./optiga-trust-m-lib/externals/mbedtls/library/md.o
                0x1000719c                mbedtls_md_hmac_finish
 .text.mbedtls_md_hmac_reset
                0x10007204       0x34 ./optiga-trust-m-lib/externals/mbedtls/library/md.o
                0x10007204                mbedtls_md_hmac_reset
 .text.sha224_process_wrap
                0x10007238        0x8 ./optiga-trust-m-lib/externals/mbedtls/library/md_wrap.o
 .text.sha224_clone_wrap
                0x10007240        0x8 ./optiga-trust-m-lib/externals/mbedtls/library/md_wrap.o
 .text.sha224_ctx_free
                0x10007248       0x10 ./optiga-trust-m-lib/externals/mbedtls/library/md_wrap.o
 .text.sha224_ctx_alloc
                0x10007258       0x16 ./optiga-trust-m-lib/externals/mbedtls/library/md_wrap.o
 .text.sha224_wrap
                0x1000726e        0xa ./optiga-trust-m-lib/externals/mbedtls/library/md_wrap.o
 .text.sha256_wrap
                0x10007278        0xa ./optiga-trust-m-lib/externals/mbedtls/library/md_wrap.o
 .text.sha224_finish_wrap
                0x10007282        0x8 ./optiga-trust-m-lib/externals/mbedtls/library/md_wrap.o
 .text.sha224_update_wrap
                0x1000728a        0x8 ./optiga-trust-m-lib/externals/mbedtls/library/md_wrap.o
 .text.sha224_starts_wrap
                0x10007292        0xa ./optiga-trust-m-lib/externals/mbedtls/library/md_wrap.o
 .text.sha256_starts_wrap
                0x1000729c        0xa ./optiga-trust-m-lib/externals/mbedtls/library/md_wrap.o
 *fill*         0x100072a6        0x2 
 .text.mbedtls_platform_zeroize
                0x100072a8       0x14 ./optiga-trust-m-lib/externals/mbedtls/library/platform_util.o
                0x100072a8                mbedtls_platform_zeroize
 .text.mbedtls_sha256_init
                0x100072bc        0xc ./optiga-trust-m-lib/externals/mbedtls/library/sha256.o
                0x100072bc                mbedtls_sha256_init
 .text.mbedtls_sha256_free
                0x100072c8        0xe ./optiga-trust-m-lib/externals/mbedtls/library/sha256.o
                0x100072c8                mbedtls_sha256_free
 .text.mbedtls_sha256_clone
                0x100072d6        0xa ./optiga-trust-m-lib/externals/mbedtls/library/sha256.o
                0x100072d6                mbedtls_sha256_clone
 .text.mbedtls_sha256_starts_ret
                0x100072e0       0x90 ./optiga-trust-m-lib/externals/mbedtls/library/sha256.o
                0x100072e0                mbedtls_sha256_starts_ret
 .text.mbedtls_internal_sha256_process
                0x10007370      0x920 ./optiga-trust-m-lib/externals/mbedtls/library/sha256.o
                0x10007370                mbedtls_internal_sha256_process
 .text.mbedtls_sha256_update_ret
                0x10007c90       0x80 ./optiga-trust-m-lib/externals/mbedtls/library/sha256.o
                0x10007c90                mbedtls_sha256_update_ret
 .text.mbedtls_sha256_finish_ret
                0x10007d10      0x142 ./optiga-trust-m-lib/externals/mbedtls/library/sha256.o
                0x10007d10                mbedtls_sha256_finish_ret
 .text.mbedtls_sha256_ret
                0x10007e52       0x42 ./optiga-trust-m-lib/externals/mbedtls/library/sha256.o
                0x10007e52                mbedtls_sha256_ret
 .text.optiga_crypt_callback
                0x10007e94        0xc ./optiga-trust-m-lib/examples/example_optiga_crypt_ecc_generate_keypair.o
 .text.example_optiga_crypt_ecc_generate_keypair
                0x10007ea0       0xac ./optiga-trust-m-lib/examples/example_optiga_crypt_ecc_generate_keypair.o
                0x10007ea0                example_optiga_crypt_ecc_generate_keypair
 .text.optiga_crypt_callback
                0x10007f4c        0xc ./optiga-trust-m-lib/examples/example_optiga_crypt_ecdh.o
 .text.example_optiga_crypt_ecdh
                0x10007f58       0xfc ./optiga-trust-m-lib/examples/example_optiga_crypt_ecdh.o
                0x10007f58                example_optiga_crypt_ecdh
 .text.optiga_crypt_callback
                0x10008054        0xc ./optiga-trust-m-lib/examples/example_optiga_crypt_ecdsa_sign.o
 .text.example_optiga_crypt_ecdsa_sign
                0x10008060       0xa8 ./optiga-trust-m-lib/examples/example_optiga_crypt_ecdsa_sign.o
                0x10008060                example_optiga_crypt_ecdsa_sign
 .text.optiga_crypt_callback
                0x10008108        0xc ./optiga-trust-m-lib/examples/example_optiga_crypt_ecdsa_verify.o
 .text.example_optiga_crypt_ecdsa_verify
                0x10008114       0xb0 ./optiga-trust-m-lib/examples/example_optiga_crypt_ecdsa_verify.o
                0x10008114                example_optiga_crypt_ecdsa_verify
 .text.optiga_crypt_callback
                0x100081c4        0xc ./optiga-trust-m-lib/examples/example_optiga_crypt_hash.o
 .text.example_optiga_crypt_hash
                0x100081d0       0xf4 ./optiga-trust-m-lib/examples/example_optiga_crypt_hash.o
                0x100081d0                example_optiga_crypt_hash
 .text.optiga_crypt_callback
                0x100082c4        0xc ./optiga-trust-m-lib/examples/example_optiga_crypt_random.o
 .text.example_optiga_crypt_random
                0x100082d0       0xa0 ./optiga-trust-m-lib/examples/example_optiga_crypt_random.o
                0x100082d0                example_optiga_crypt_random
 .text.optiga_crypt_callback
                0x10008370        0xc ./optiga-trust-m-lib/examples/example_optiga_crypt_rsa_decrypt.o
 .text.example_optiga_crypt_rsa_decrypt_and_export
                0x1000837c      0x150 ./optiga-trust-m-lib/examples/example_optiga_crypt_rsa_decrypt.o
                0x1000837c                example_optiga_crypt_rsa_decrypt_and_export
 .text.example_optiga_crypt_rsa_decrypt_and_store
                0x100084cc      0x16c ./optiga-trust-m-lib/examples/example_optiga_crypt_rsa_decrypt.o
                0x100084cc                example_optiga_crypt_rsa_decrypt_and_store
 .text.optiga_crypt_callback
                0x10008638        0xc ./optiga-trust-m-lib/examples/example_optiga_crypt_rsa_encrypt_message.o
 .text.example_optiga_crypt_rsa_encrypt_message
                0x10008644       0xc0 ./optiga-trust-m-lib/examples/example_optiga_crypt_rsa_encrypt_message.o
                0x10008644                example_optiga_crypt_rsa_encrypt_message
 .text.optiga_crypt_callback
                0x10008704        0xc ./optiga-trust-m-lib/examples/example_optiga_crypt_rsa_encrypt_session.o
 .text.example_optiga_crypt_rsa_encrypt_session
                0x10008710      0x134 ./optiga-trust-m-lib/examples/example_optiga_crypt_rsa_encrypt_session.o
                0x10008710                example_optiga_crypt_rsa_encrypt_session
 .text.optiga_crypt_callback
                0x10008844        0xc ./optiga-trust-m-lib/examples/example_optiga_crypt_rsa_generate_keypair.o
 .text.example_optiga_crypt_rsa_generate_keypair
                0x10008850       0xac ./optiga-trust-m-lib/examples/example_optiga_crypt_rsa_generate_keypair.o
                0x10008850                example_optiga_crypt_rsa_generate_keypair
 .text.optiga_crypt_callback
                0x100088fc        0xc ./optiga-trust-m-lib/examples/example_optiga_crypt_rsa_sign.o
 .text.example_optiga_crypt_rsa_sign
                0x10008908       0xb0 ./optiga-trust-m-lib/examples/example_optiga_crypt_rsa_sign.o
                0x10008908                example_optiga_crypt_rsa_sign
 .text.optiga_crypt_callback
                0x100089b8        0xc ./optiga-trust-m-lib/examples/example_optiga_crypt_rsa_verify.o
 .text.example_optiga_crypt_rsa_verify
                0x100089c4       0xb4 ./optiga-trust-m-lib/examples/example_optiga_crypt_rsa_verify.o
                0x100089c4                example_optiga_crypt_rsa_verify
 .text.optiga_lib_callback
                0x10008a78        0xc ./optiga-trust-m-lib/examples/example_optiga_crypt_tls_prf_sha256.o
 .text.example_optiga_crypt_tls_prf_sha256
                0x10008a84      0x19c ./optiga-trust-m-lib/examples/example_optiga_crypt_tls_prf_sha256.o
                0x10008a84                example_optiga_crypt_tls_prf_sha256
 .text.optiga_lib_callback
                0x10008c20        0xc ./optiga-trust-m-lib/examples/example_optiga_hibernate_restore.o
 .text.example_optiga_util_hibernate_restore
                0x10008c2c      0x224 ./optiga-trust-m-lib/examples/example_optiga_hibernate_restore.o
                0x10008c2c                example_optiga_util_hibernate_restore
 .text.optiga_util_callback
                0x10008e50        0xc ./optiga-trust-m-lib/examples/example_optiga_util_protected_update.o
 .text.example_optiga_util_protected_update
                0x10008e5c      0x14c ./optiga-trust-m-lib/examples/example_optiga_util_protected_update.o
                0x10008e5c                example_optiga_util_protected_update
 .text.optiga_util_callback
                0x10008fa8        0xc ./optiga-trust-m-lib/examples/example_optiga_util_read_data.o
 .text.example_optiga_util_read_data
                0x10008fb4       0xe8 ./optiga-trust-m-lib/examples/example_optiga_util_read_data.o
                0x10008fb4                example_optiga_util_read_data
 .text.optiga_util_callback
                0x1000909c        0xc ./optiga-trust-m-lib/examples/example_optiga_util_update_count.o
 .text.example_optiga_util_update_count
                0x100090a8       0xb8 ./optiga-trust-m-lib/examples/example_optiga_util_update_count.o
                0x100090a8                example_optiga_util_update_count
 .text.optiga_util_callback
                0x10009160        0xc ./optiga-trust-m-lib/examples/example_optiga_util_write_data.o
 .text.example_optiga_util_write_data
                0x1000916c       0xcc ./optiga-trust-m-lib/examples/example_optiga_util_write_data.o
                0x1000916c                example_optiga_util_write_data
 .text.optiga_lib_callback
                0x10009238        0xc ./optiga-trust-m-lib/examples/example_pair_host_and_optiga_using_pre_shared_secret.o
 .text.example_pair_host_and_optiga_using_pre_shared_secret
                0x10009244      0x188 ./optiga-trust-m-lib/examples/example_pair_host_and_optiga_using_pre_shared_secret.o
                0x10009244                example_pair_host_and_optiga_using_pre_shared_secret
 .text.OSCHP_GetFrequency
                0x100093cc        0x8 ./Startup/system_XMC1400.o
                0x100093cc                OSCHP_GetFrequency
 .text.SystemCoreClockUpdate
                0x100093d4       0x74 ./Startup/system_XMC1400.o
                0x100093d4                SystemCoreClockUpdate
 .text.SystemInit
                0x10009448        0xc ./Startup/system_XMC1400.o
                0x10009448                SystemInit
 .text.XMC_GPIO_Init
                0x10009454       0x78 ./Libraries/XMCLib/src/xmc1_gpio.o
                0x10009454                XMC_GPIO_Init
 .text.XMC_SCU_UnlockProtectedBits
                0x100094cc       0x14 ./Libraries/XMCLib/src/xmc1_scu.o
                0x100094cc                XMC_SCU_UnlockProtectedBits
 .text.XMC_SCU_CLOCK_UngatePeripheralClock
                0x100094e0       0x28 ./Libraries/XMCLib/src/xmc1_scu.o
                0x100094e0                XMC_SCU_CLOCK_UngatePeripheralClock
 .text.XMC_SCU_CLOCK_IsPeripheralClockGated
                0x10009508       0x14 ./Libraries/XMCLib/src/xmc1_scu.o
                0x10009508                XMC_SCU_CLOCK_IsPeripheralClockGated
 .text.XMC_SCU_CLOCK_ScaleMCLKFrequency
                0x1000951c       0xac ./Libraries/XMCLib/src/xmc1_scu.o
                0x1000951c                XMC_SCU_CLOCK_ScaleMCLKFrequency
 .text.XMC_SCU_CLOCK_Init
                0x100095c8       0xec ./Libraries/XMCLib/src/xmc1_scu.o
                0x100095c8                XMC_SCU_CLOCK_Init
 .text.XMC_SCU_CLOCK_GetPeripheralClockFrequency
                0x100096b4        0xc ./Libraries/XMCLib/src/xmc1_scu.o
                0x100096b4                XMC_SCU_CLOCK_GetPeripheralClockFrequency
 .text.XMC_SCU_SetInterruptControl
                0x100096c0       0x38 ./Libraries/XMCLib/src/xmc1_scu.o
                0x100096c0                XMC_SCU_SetInterruptControl
 .text.XMC_CCU4_lUngateClock
                0x100096f8       0x24 ./Libraries/XMCLib/src/xmc_ccu4.o
 .text.XMC_CCU4_Init
                0x1000971c       0x24 ./Libraries/XMCLib/src/xmc_ccu4.o
                0x1000971c                XMC_CCU4_Init
 .text.XMC_CCU4_SLICE_CompareInit
                0x10009740       0x2e ./Libraries/XMCLib/src/xmc_ccu4.o
                0x10009740                XMC_CCU4_SLICE_CompareInit
 *fill*         0x1000976e        0x2 
 .text.XMC_CCU4_SLICE_SetPrescaler
                0x10009770       0x14 ./Libraries/XMCLib/src/xmc_ccu4.o
                0x10009770                XMC_CCU4_SLICE_SetPrescaler
 .text.XMC_CCU4_SLICE_SetInterruptNode
                0x10009784       0x30 ./Libraries/XMCLib/src/xmc_ccu4.o
                0x10009784                XMC_CCU4_SLICE_SetInterruptNode
 .text.XMC_GPIO_SetMode
                0x100097b4       0x24 ./Libraries/XMCLib/src/xmc_gpio.o
                0x100097b4                XMC_GPIO_SetMode
 .text.XMC_GPIO_SetHardwareControl
                0x100097d8       0x1a ./Libraries/XMCLib/src/xmc_gpio.o
                0x100097d8                XMC_GPIO_SetHardwareControl
 .text.XMC_I2C_CH_SetSlaveAddress
                0x100097f2       0x24 ./Libraries/XMCLib/src/xmc_i2c.o
                0x100097f2                XMC_I2C_CH_SetSlaveAddress
 *fill*         0x10009816        0x2 
 .text.XMC_I2C_CH_SetBaudrate
                0x10009818       0x44 ./Libraries/XMCLib/src/xmc_i2c.o
                0x10009818                XMC_I2C_CH_SetBaudrate
 .text.XMC_I2C_CH_SetBaudrateEx
                0x1000985c       0x54 ./Libraries/XMCLib/src/xmc_i2c.o
                0x1000985c                XMC_I2C_CH_SetBaudrateEx
 .text.XMC_I2C_CH_Init
                0x100098b0       0x38 ./Libraries/XMCLib/src/xmc_i2c.o
                0x100098b0                XMC_I2C_CH_Init
 .text.XMC_I2C_CH_MasterStart
                0x100098e8       0x44 ./Libraries/XMCLib/src/xmc_i2c.o
                0x100098e8                XMC_I2C_CH_MasterStart
 .text.XMC_I2C_CH_MasterRepeatedStart
                0x1000992c       0x44 ./Libraries/XMCLib/src/xmc_i2c.o
                0x1000992c                XMC_I2C_CH_MasterRepeatedStart
 .text.XMC_I2C_CH_MasterStop
                0x10009970       0x3a ./Libraries/XMCLib/src/xmc_i2c.o
                0x10009970                XMC_I2C_CH_MasterStop
 .text.XMC_I2C_CH_MasterTransmit
                0x100099aa       0x32 ./Libraries/XMCLib/src/xmc_i2c.o
                0x100099aa                XMC_I2C_CH_MasterTransmit
 .text.XMC_I2C_CH_MasterReceiveAck
                0x100099dc       0x3a ./Libraries/XMCLib/src/xmc_i2c.o
                0x100099dc                XMC_I2C_CH_MasterReceiveAck
 .text.XMC_I2C_CH_MasterReceiveNack
                0x10009a16       0x3a ./Libraries/XMCLib/src/xmc_i2c.o
                0x10009a16                XMC_I2C_CH_MasterReceiveNack
 .text.XMC_I2C_CH_GetReceivedData
                0x10009a50       0x18 ./Libraries/XMCLib/src/xmc_i2c.o
                0x10009a50                XMC_I2C_CH_GetReceivedData
 .text.XMC_I2C_CH_EnableEvent
                0x10009a68       0x1c ./Libraries/XMCLib/src/xmc_i2c.o
                0x10009a68                XMC_I2C_CH_EnableEvent
 .text.XMC_I2C_CH_DisableEvent
                0x10009a84       0x1c ./Libraries/XMCLib/src/xmc_i2c.o
                0x10009a84                XMC_I2C_CH_DisableEvent
 .text.__aeabi_uidiv
                0x10009aa0       0x20 ./Libraries/XMCLib/src/xmc_math.o
                0x10009aa0                __aeabi_uidiv
 .text.__aeabi_idiv
                0x10009ac0       0x20 ./Libraries/XMCLib/src/xmc_math.o
                0x10009ac0                __aeabi_idiv
 .text.__aeabi_uidivmod
                0x10009ae0       0x20 ./Libraries/XMCLib/src/xmc_math.o
                0x10009ae0                __aeabi_uidivmod
 .text.XMC_UART_CH_Init
                0x10009b00       0x80 ./Libraries/XMCLib/src/xmc_uart.o
                0x10009b00                XMC_UART_CH_Init
 .text.XMC_UART_CH_Transmit
                0x10009b80       0x2e ./Libraries/XMCLib/src/xmc_uart.o
                0x10009b80                XMC_UART_CH_Transmit
 .text.XMC_UART_CH_GetReceivedData
                0x10009bae       0x18 ./Libraries/XMCLib/src/xmc_uart.o
                0x10009bae                XMC_UART_CH_GetReceivedData
 .text.XMC_USIC_Enable.part.0
                0x10009bc6       0x14 ./Libraries/XMCLib/src/xmc_usic.o
 *fill*         0x10009bda        0x2 
 .text.XMC_USIC_CH_SetBaudrate
                0x10009bdc       0x98 ./Libraries/XMCLib/src/xmc_usic.o
                0x10009bdc                XMC_USIC_CH_SetBaudrate
 .text.XMC_USIC_CH_SetBaudrateEx
                0x10009c74       0xb8 ./Libraries/XMCLib/src/xmc_usic.o
                0x10009c74                XMC_USIC_CH_SetBaudrateEx
 .text.XMC_USIC_CH_TXFIFO_Configure
                0x10009d2c       0x28 ./Libraries/XMCLib/src/xmc_usic.o
                0x10009d2c                XMC_USIC_CH_TXFIFO_Configure
 .text.XMC_USIC_CH_RXFIFO_Configure
                0x10009d54       0x30 ./Libraries/XMCLib/src/xmc_usic.o
                0x10009d54                XMC_USIC_CH_RXFIFO_Configure
 .text.XMC_USIC_CH_RXFIFO_SetSizeTriggerLimit
                0x10009d84       0x28 ./Libraries/XMCLib/src/xmc_usic.o
                0x10009d84                XMC_USIC_CH_RXFIFO_SetSizeTriggerLimit
 .text.XMC_USIC_CH_SetInterruptNodePointer
                0x10009dac       0x12 ./Libraries/XMCLib/src/xmc_usic.o
                0x10009dac                XMC_USIC_CH_SetInterruptNodePointer
 .text.XMC_USIC_CH_TXFIFO_SetInterruptNodePointer
                0x10009dbe       0x14 ./Libraries/XMCLib/src/xmc_usic.o
                0x10009dbe                XMC_USIC_CH_TXFIFO_SetInterruptNodePointer
 .text.XMC_USIC_CH_RXFIFO_SetInterruptNodePointer
                0x10009dd2       0x14 ./Libraries/XMCLib/src/xmc_usic.o
                0x10009dd2                XMC_USIC_CH_RXFIFO_SetInterruptNodePointer
 *fill*         0x10009de6        0x2 
 .text.XMC_USIC_Enable
                0x10009de8       0x34 ./Libraries/XMCLib/src/xmc_usic.o
                0x10009de8                XMC_USIC_Enable
 .text.XMC_USIC_CH_Enable
                0x10009e1c       0x50 ./Libraries/XMCLib/src/xmc_usic.o
                0x10009e1c                XMC_USIC_CH_Enable
 .text._sbrk    0x10009e6c       0x40 ./Libraries/Newlib/syscalls.o
                0x10009e6c                _sbrk
 .text._init    0x10009eac        0x2 ./Libraries/Newlib/syscalls.o
                0x10009eac                _init
 .text.UART_lReconfigureRxFIFO
                0x10009eae       0x1e ./Dave/Generated/UART/uart.o
 .text.UART_Init
                0x10009ecc        0xa ./Dave/Generated/UART/uart.o
                0x10009ecc                UART_Init
 .text.UART_StartTransmitIRQ
                0x10009ed6       0x6e ./Dave/Generated/UART/uart.o
                0x10009ed6                UART_StartTransmitIRQ
 .text.UART_Transmit
                0x10009f44       0x16 ./Dave/Generated/UART/uart.o
                0x10009f44                UART_Transmit
 .text.UART_StartReceiveIRQ
                0x10009f5a       0x6a ./Dave/Generated/UART/uart.o
                0x10009f5a                UART_StartReceiveIRQ
 .text.UART_Receive
                0x10009fc4       0x16 ./Dave/Generated/UART/uart.o
                0x10009fc4                UART_Receive
 *fill*         0x10009fda        0x2 
 .text.UART_lTransmitHandler
                0x10009fdc       0x9c ./Dave/Generated/UART/uart.o
                0x10009fdc                UART_lTransmitHandler
 .text.UART_lReceiveHandler
                0x1000a078       0xac ./Dave/Generated/UART/uart.o
                0x1000a078                UART_lReceiveHandler
 .text.esWiFi_com_init
                0x1000a124       0xec ./Dave/Generated/UART/uart_conf.o
                0x1000a124                esWiFi_com_init
 .text.cunit_logger_init
                0x1000a210       0xe8 ./Dave/Generated/UART/uart_conf.o
                0x1000a210                cunit_logger_init
 .text.IRQ14_Handler
                0x1000a2f8       0x10 ./Dave/Generated/UART/uart_conf.o
                0x1000a2f8                IRQ14_Handler
 .text.IRQ13_Handler
                0x1000a308       0x10 ./Dave/Generated/UART/uart_conf.o
                0x1000a308                IRQ13_Handler
 .text.IRQ11_Handler
                0x1000a318       0x10 ./Dave/Generated/UART/uart_conf.o
                0x1000a318                IRQ11_Handler
 .text.IRQ9_Handler
                0x1000a328       0x10 ./Dave/Generated/UART/uart_conf.o
                0x1000a328                IRQ9_Handler
 .text.TIMER_Start
                0x1000a338       0x1e ./Dave/Generated/TIMER/timer.o
                0x1000a338                TIMER_Start
 .text.TIMER_GetTimerStatus
                0x1000a356       0x16 ./Dave/Generated/TIMER/timer.o
                0x1000a356                TIMER_GetTimerStatus
 .text.TIMER_Stop
                0x1000a36c       0x2a ./Dave/Generated/TIMER/timer.o
                0x1000a36c                TIMER_Stop
 .text.TIMER_ClearEvent
                0x1000a396       0x12 ./Dave/Generated/TIMER/timer.o
                0x1000a396                TIMER_ClearEvent
 .text.TIMER_Clear
                0x1000a3a8       0x1e ./Dave/Generated/TIMER/timer.o
                0x1000a3a8                TIMER_Clear
 .text.TIMER_CCU4_lShadowTransfer
                0x1000a3c6       0x14 ./Dave/Generated/TIMER/timer.o
                0x1000a3c6                TIMER_CCU4_lShadowTransfer
 *fill*         0x1000a3da        0x2 
 .text.TIMER_SetTimeInterval
                0x1000a3dc       0x8c ./Dave/Generated/TIMER/timer.o
                0x1000a3dc                TIMER_SetTimeInterval
 .text.TIMER_CCU4_lInit
                0x1000a468       0x60 ./Dave/Generated/TIMER/timer.o
                0x1000a468                TIMER_CCU4_lInit
 .text.TIMER_Init
                0x1000a4c8       0x1e ./Dave/Generated/TIMER/timer.o
                0x1000a4c8                TIMER_Init
 *fill*         0x1000a4e6        0x2 
 .text.INTERRUPT_Init
                0x1000a4e8       0xa8 ./Dave/Generated/INTERRUPT/interrupt.o
                0x1000a4e8                INTERRUPT_Init
 .text.I2C_MASTER_lReconfigureRxFIFO
                0x1000a590       0x36 ./Dave/Generated/I2C_MASTER/i2c_master.o
 .text.I2C_MASTER_lSendStop_JumpTo_TxCallback
                0x1000a5c6       0x4c ./Dave/Generated/I2C_MASTER/i2c_master.o
 .text.I2C_MASTER_lSendStart_Or_RepeatedStart
                0x1000a612       0x30 ./Dave/Generated/I2C_MASTER/i2c_master.o
 .text.I2C_MASTER_lSendStop_JumpTo_RxCallback
                0x1000a642       0x54 ./Dave/Generated/I2C_MASTER/i2c_master.o
 .text.I2C_MASTER_Init
                0x1000a696       0x14 ./Dave/Generated/I2C_MASTER/i2c_master.o
                0x1000a696                I2C_MASTER_Init
 .text.I2C_MASTER_ClearFlag
                0x1000a6aa        0xa ./Dave/Generated/I2C_MASTER/i2c_master.o
                0x1000a6aa                I2C_MASTER_ClearFlag
 .text.I2C_MASTER_StartTransmitIRQ
                0x1000a6b4       0x82 ./Dave/Generated/I2C_MASTER/i2c_master.o
                0x1000a6b4                I2C_MASTER_StartTransmitIRQ
 .text.I2C_MASTER_Transmit
                0x1000a736       0x22 ./Dave/Generated/I2C_MASTER/i2c_master.o
                0x1000a736                I2C_MASTER_Transmit
 .text.I2C_MASTER_StartReceiveIRQ
                0x1000a758      0x240 ./Dave/Generated/I2C_MASTER/i2c_master.o
                0x1000a758                I2C_MASTER_StartReceiveIRQ
 .text.I2C_MASTER_Receive
                0x1000a998       0x34 ./Dave/Generated/I2C_MASTER/i2c_master.o
                0x1000a998                I2C_MASTER_Receive
 .text.I2C_MASTER_ReceiveHandler
                0x1000a9cc      0x174 ./Dave/Generated/I2C_MASTER/i2c_master.o
                0x1000a9cc                I2C_MASTER_ReceiveHandler
 .text.I2C_MASTER_ProtocolHandler
                0x1000ab40       0x5c ./Dave/Generated/I2C_MASTER/i2c_master.o
                0x1000ab40                I2C_MASTER_ProtocolHandler
 .text.I2C_MASTER_TransmitHandler
                0x1000ab9c      0x180 ./Dave/Generated/I2C_MASTER/i2c_master.o
                0x1000ab9c                I2C_MASTER_TransmitHandler
 .text.I2C_MASTER_AbortTransmit
                0x1000ad1c       0x5c ./Dave/Generated/I2C_MASTER/i2c_master.o
                0x1000ad1c                I2C_MASTER_AbortTransmit
 .text.I2C_MASTER_AbortReceive
                0x1000ad78       0x60 ./Dave/Generated/I2C_MASTER/i2c_master.o
                0x1000ad78                I2C_MASTER_AbortReceive
 .text.i2c_master_0_disable_io
                0x1000add8       0x20 ./Dave/Generated/I2C_MASTER/i2c_master_conf.o
 .text.i2c_master_0_enable_io
                0x1000adf8       0x20 ./Dave/Generated/I2C_MASTER/i2c_master_conf.o
 .text.i2c_master_0_init
                0x1000ae18      0x118 ./Dave/Generated/I2C_MASTER/i2c_master_conf.o
                0x1000ae18                i2c_master_0_init
 .text.IRQ12_Handler
                0x1000af30       0x10 ./Dave/Generated/I2C_MASTER/i2c_master_conf.o
                0x1000af30                IRQ12_Handler
 .text.IRQ10_Handler
                0x1000af40       0x10 ./Dave/Generated/I2C_MASTER/i2c_master_conf.o
                0x1000af40                IRQ10_Handler
 .text.GLOBAL_CCU4_Init
                0x1000af50       0x22 ./Dave/Generated/GLOBAL_CCU4/global_ccu4.o
                0x1000af50                GLOBAL_CCU4_Init
 .text.DIGITAL_IO_Init
                0x1000af72       0x1c ./Dave/Generated/DIGITAL_IO/digital_io.o
                0x1000af72                DIGITAL_IO_Init
 *fill*         0x1000af8e        0x2 
 .text.SystemCoreSetup
                0x1000af90       0x10 ./Dave/Generated/CPU_CTRL_XMC1/cpu_ctrl_xmc1_conf.o
                0x1000af90                SystemCoreSetup
 .text.CLOCK_XMC1_Init
                0x1000afa0        0xe ./Dave/Generated/CLOCK_XMC1/clock_xmc1.o
                0x1000afa0                CLOCK_XMC1_Init
 *fill*         0x1000afae        0x2 
 .text.SystemCoreClockSetup
                0x1000afb0       0x20 ./Dave/Generated/CLOCK_XMC1/clock_xmc1_conf.o
                0x1000afb0                SystemCoreClockSetup
 .text.DAVE_Init
                0x1000afd0       0x9c ./Dave/Generated/DAVE.o
                0x1000afd0                DAVE_Init
 .text.startup.main
                0x1000b06c       0x2c ./main.o
                0x1000b06c                main
 .text.optiga_util_callback
                0x1000b098        0xc ./optiga_shell.o
 .text.optiga_shell_crypt_rsa_decrypt_and_export
                0x1000b0a4       0x5c ./optiga_shell.o
 .text.optiga_shell_crypt_rsa_decrypt_and_store
                0x1000b100       0x68 ./optiga_shell.o
 .text.optiga_shell_crypt_rsa_encrypt_session
                0x1000b168       0x30 ./optiga_shell.o
 .text.optiga_shell_crypt_rsa_encrypt_message
                0x1000b198       0x30 ./optiga_shell.o
 .text.optiga_shell_crypt_rsa_verify
                0x1000b1c8       0x30 ./optiga_shell.o
 .text.optiga_shell_crypt_rsa_sign
                0x1000b1f8       0x30 ./optiga_shell.o
 .text.optiga_shell_crypt_generate_keypair
                0x1000b228       0x30 ./optiga_shell.o
 .text.optiga_shell_crypt_ecdh
                0x1000b258       0x5c ./optiga_shell.o
 .text.optiga_shell_crypt_ecdsa_verify
                0x1000b2b4       0x30 ./optiga_shell.o
 .text.optiga_shell_crypt_ecdsa_sign
                0x1000b2e4       0x30 ./optiga_shell.o
 .text.optiga_shell_crypt_ecc_generate_keypair
                0x1000b314       0x30 ./optiga_shell.o
 .text.optiga_shell_crypt_random
                0x1000b344       0x30 ./optiga_shell.o
 .text.optiga_shell_crypt_tls_prf_sha256
                0x1000b374       0x5c ./optiga_shell.o
 .text.optiga_shell_crypt_hash
                0x1000b3d0       0x30 ./optiga_shell.o
 .text.optiga_shell_util_protected_update
                0x1000b400       0x4c ./optiga_shell.o
 .text.optiga_shell_util_update_count
                0x1000b44c       0x40 ./optiga_shell.o
 .text.optiga_shell_util_hibernate_restore
                0x1000b48c       0xbc ./optiga_shell.o
 .text.optiga_shell_pair_host_optiga
                0x1000b548       0x5c ./optiga_shell.o
 .text.optiga_shell_util_write_data
                0x1000b5a4       0x40 ./optiga_shell.o
 .text.optiga_shell_util_read_data
                0x1000b5e4       0x40 ./optiga_shell.o
 .text.optiga_shell_init
                0x1000b624       0xe0 ./optiga_shell.o
 .text.optiga_shell_selftest
                0x1000b704      0x3e4 ./optiga_shell.o
 .text.optiga_shell_show_usage
                0x1000bae8       0x4c ./optiga_shell.o
 .text.optiga_shell_deinit
                0x1000bb34       0x34 ./optiga_shell.o
 .text.optiga_shell_begin
                0x1000bb68      0x108 ./optiga_shell.o
                0x1000bb68                optiga_shell_begin
 .text.optiga_shell_wait_for_user
                0x1000bc70       0x3c ./optiga_shell.o
                0x1000bc70                optiga_shell_wait_for_user
 .text          0x1000bcac       0x14 c:/dave_4-4-2_64bit/dave-ide-4.4.2-64bit/eclipse/arm-gcc-49/bin/../lib/gcc/arm-none-eabi/4.9.3/armv6-m\libgcc.a(_thumb1_case_uqi.o)
                0x1000bcac                __gnu_thumb1_case_uqi
 .text          0x1000bcc0       0x14 c:/dave_4-4-2_64bit/dave-ide-4.4.2-64bit/eclipse/arm-gcc-49/bin/../lib/gcc/arm-none-eabi/4.9.3/armv6-m\libgcc.a(_thumb1_case_uhi.o)
                0x1000bcc0                __gnu_thumb1_case_uhi
 .text          0x1000bcd4       0x18 c:/dave_4-4-2_64bit/dave-ide-4.4.2-64bit/eclipse/arm-gcc-49/bin/../lib/gcc/arm-none-eabi/4.9.3/armv6-m\libgcc.a(_lshrdi3.o)
                0x1000bcd4                __lshrdi3
                0x1000bcd4                __aeabi_llsr
 .text          0x1000bcec       0x40 c:/dave_4-4-2_64bit/dave-ide-4.4.2-64bit/eclipse/arm-gcc-49/bin/../lib/gcc/arm-none-eabi/4.9.3/armv6-m\libgcc.a(_aeabi_uldivmod.o)
                0x1000bcec                __aeabi_uldivmod
 .text          0x1000bd2c       0x54 c:/dave_4-4-2_64bit/dave-ide-4.4.2-64bit/eclipse/arm-gcc-49/bin/../lib/gcc/arm-none-eabi/4.9.3/armv6-m\libgcc.a(_muldi3.o)
                0x1000bd2c                __muldi3
                0x1000bd2c                __aeabi_lmul
 .text          0x1000bd80       0x6c c:/dave_4-4-2_64bit/dave-ide-4.4.2-64bit/eclipse/arm-gcc-49/bin/../lib/gcc/arm-none-eabi/4.9.3/armv6-m\libgcc.a(bpabi.o)
                0x1000bd80                __gnu_ldivmod_helper
                0x1000bdb8                __gnu_uldivmod_helper
 .text          0x1000bdec        0x4 c:/dave_4-4-2_64bit/dave-ide-4.4.2-64bit/eclipse/arm-gcc-49/bin/../lib/gcc/arm-none-eabi/4.9.3/armv6-m\libgcc.a(_dvmd_tls.o)
                0x1000bdec                __aeabi_idiv0
                0x1000bdec                __aeabi_ldiv0
 .text          0x1000bdf0       0x3c c:/dave_4-4-2_64bit/dave-ide-4.4.2-64bit/eclipse/arm-gcc-49/bin/../lib/gcc/arm-none-eabi/4.9.3/armv6-m\libgcc.a(_clzsi2.o)
                0x1000bdf0                __clzsi2
 .text          0x1000be2c      0x1f0 c:/dave_4-4-2_64bit/dave-ide-4.4.2-64bit/eclipse/arm-gcc-49/bin/../lib/gcc/arm-none-eabi/4.9.3/armv6-m\libgcc.a(_divdi3.o)
                0x1000be2c                __divdi3
 .text          0x1000c01c      0x158 c:/dave_4-4-2_64bit/dave-ide-4.4.2-64bit/eclipse/arm-gcc-49/bin/../lib/gcc/arm-none-eabi/4.9.3/armv6-m\libgcc.a(_udivdi3.o)
                0x1000c01c                __udivdi3
 .text          0x1000c174       0x18 c:/dave_4-4-2_64bit/dave-ide-4.4.2-64bit/eclipse/arm-gcc-49/bin/../lib/gcc/arm-none-eabi/4.9.3/armv6-m\libgcc.a(_clzdi2.o)
                0x1000c174                __clzdi2
 .text.calloc   0x1000c18c       0x18 c:/dave_4-4-2_64bit/dave-ide-4.4.2-64bit/eclipse/arm-gcc-49/bin/../lib/gcc/arm-none-eabi/4.9.3/../../../../arm-none-eabi/lib/armv6-m\libg_nano.a(lib_a-calloc.o)
                0x1000c18c                calloc
 .text.__errno  0x1000c1a4        0xc c:/dave_4-4-2_64bit/dave-ide-4.4.2-64bit/eclipse/arm-gcc-49/bin/../lib/gcc/arm-none-eabi/4.9.3/../../../../arm-none-eabi/lib/armv6-m\libg_nano.a(lib_a-errno.o)
                0x1000c1a4                __errno
 .text.__libc_init_array
                0x1000c1b0       0x4c c:/dave_4-4-2_64bit/dave-ide-4.4.2-64bit/eclipse/arm-gcc-49/bin/../lib/gcc/arm-none-eabi/4.9.3/../../../../arm-none-eabi/lib/armv6-m\libg_nano.a(lib_a-init.o)
                0x1000c1b0                __libc_init_array
 .text.free     0x1000c1fc       0x14 c:/dave_4-4-2_64bit/dave-ide-4.4.2-64bit/eclipse/arm-gcc-49/bin/../lib/gcc/arm-none-eabi/4.9.3/../../../../arm-none-eabi/lib/armv6-m\libg_nano.a(lib_a-malloc.o)
                0x1000c1fc                free
 .text.memcmp   0x1000c210       0x1e c:/dave_4-4-2_64bit/dave-ide-4.4.2-64bit/eclipse/arm-gcc-49/bin/../lib/gcc/arm-none-eabi/4.9.3/../../../../arm-none-eabi/lib/armv6-m\libg_nano.a(lib_a-memcmp.o)
                0x1000c210                memcmp
 .text.memcpy   0x1000c22e       0x12 c:/dave_4-4-2_64bit/dave-ide-4.4.2-64bit/eclipse/arm-gcc-49/bin/../lib/gcc/arm-none-eabi/4.9.3/../../../../arm-none-eabi/lib/armv6-m\libg_nano.a(lib_a-memcpy.o)
                0x1000c22e                memcpy
 .text.memset   0x1000c240       0x10 c:/dave_4-4-2_64bit/dave-ide-4.4.2-64bit/eclipse/arm-gcc-49/bin/../lib/gcc/arm-none-eabi/4.9.3/../../../../arm-none-eabi/lib/armv6-m\libg_nano.a(lib_a-memset.o)
                0x1000c240                memset
 .text._calloc_r
                0x1000c250       0x1c c:/dave_4-4-2_64bit/dave-ide-4.4.2-64bit/eclipse/arm-gcc-49/bin/../lib/gcc/arm-none-eabi/4.9.3/../../../../arm-none-eabi/lib/armv6-m\libg_nano.a(lib_a-nano-callocr.o)
                0x1000c250                _calloc_r
 .text._free_r  0x1000c26c       0x8c c:/dave_4-4-2_64bit/dave-ide-4.4.2-64bit/eclipse/arm-gcc-49/bin/../lib/gcc/arm-none-eabi/4.9.3/../../../../arm-none-eabi/lib/armv6-m\libg_nano.a(lib_a-nano-freer.o)
                0x1000c26c                _free_r
 .text._malloc_r
                0x1000c2f8       0xb0 c:/dave_4-4-2_64bit/dave-ide-4.4.2-64bit/eclipse/arm-gcc-49/bin/../lib/gcc/arm-none-eabi/4.9.3/../../../../arm-none-eabi/lib/armv6-m\libg_nano.a(lib_a-nano-mallocr.o)
                0x1000c2f8                _malloc_r
 .text._sbrk_r  0x1000c3a8       0x24 c:/dave_4-4-2_64bit/dave-ide-4.4.2-64bit/eclipse/arm-gcc-49/bin/../lib/gcc/arm-none-eabi/4.9.3/../../../../arm-none-eabi/lib/armv6-m\libg_nano.a(lib_a-sbrkr.o)
                0x1000c3a8                _sbrk_r
 .text.sprintf  0x1000c3cc       0x44 c:/dave_4-4-2_64bit/dave-ide-4.4.2-64bit/eclipse/arm-gcc-49/bin/../lib/gcc/arm-none-eabi/4.9.3/../../../../arm-none-eabi/lib/armv6-m\libg_nano.a(lib_a-sprintf.o)
                0x1000c3cc                siprintf
                0x1000c3cc                sprintf
 .text.strcat   0x1000c410       0x1a c:/dave_4-4-2_64bit/dave-ide-4.4.2-64bit/eclipse/arm-gcc-49/bin/../lib/gcc/arm-none-eabi/4.9.3/../../../../arm-none-eabi/lib/armv6-m\libg_nano.a(lib_a-strcat.o)
                0x1000c410                strcat
 .text          0x1000c42a       0x14 c:/dave_4-4-2_64bit/dave-ide-4.4.2-64bit/eclipse/arm-gcc-49/bin/../lib/gcc/arm-none-eabi/4.9.3/../../../../arm-none-eabi/lib/armv6-m\libg_nano.a(lib_a-strcmp.o)
                0x1000c42a                strcmp
 .text.strcpy   0x1000c43e       0x10 c:/dave_4-4-2_64bit/dave-ide-4.4.2-64bit/eclipse/arm-gcc-49/bin/../lib/gcc/arm-none-eabi/4.9.3/../../../../arm-none-eabi/lib/armv6-m\libg_nano.a(lib_a-strcpy.o)
                0x1000c43e                strcpy
 .text.strlen   0x1000c44e        0xe c:/dave_4-4-2_64bit/dave-ide-4.4.2-64bit/eclipse/arm-gcc-49/bin/../lib/gcc/arm-none-eabi/4.9.3/../../../../arm-none-eabi/lib/armv6-m\libg_nano.a(lib_a-strlen.o)
                0x1000c44e                strlen
 .text.__ssputs_r
                0x1000c45c       0xc0 c:/dave_4-4-2_64bit/dave-ide-4.4.2-64bit/eclipse/arm-gcc-49/bin/../lib/gcc/arm-none-eabi/4.9.3/../../../../arm-none-eabi/lib/armv6-m\libg_nano.a(lib_a-nano-svfprintf.o)
                0x1000c45c                __ssputs_r
 .text._svfprintf_r
                0x1000c51c      0x1ec c:/dave_4-4-2_64bit/dave-ide-4.4.2-64bit/eclipse/arm-gcc-49/bin/../lib/gcc/arm-none-eabi/4.9.3/../../../../arm-none-eabi/lib/armv6-m\libg_nano.a(lib_a-nano-svfprintf.o)
                0x1000c51c                _svfiprintf_r
                0x1000c51c                _svfprintf_r
 .text._printf_common
                0x1000c708       0xdc c:/dave_4-4-2_64bit/dave-ide-4.4.2-64bit/eclipse/arm-gcc-49/bin/../lib/gcc/arm-none-eabi/4.9.3/../../../../arm-none-eabi/lib/armv6-m\libg_nano.a(lib_a-nano-vfprintf_i.o)
                0x1000c708                _printf_common
 .text._printf_i
                0x1000c7e4      0x230 c:/dave_4-4-2_64bit/dave-ide-4.4.2-64bit/eclipse/arm-gcc-49/bin/../lib/gcc/arm-none-eabi/4.9.3/../../../../arm-none-eabi/lib/armv6-m\libg_nano.a(lib_a-nano-vfprintf_i.o)
                0x1000c7e4                _printf_i
 .text.memchr   0x1000ca14       0x16 c:/dave_4-4-2_64bit/dave-ide-4.4.2-64bit/eclipse/arm-gcc-49/bin/../lib/gcc/arm-none-eabi/4.9.3/../../../../arm-none-eabi/lib/armv6-m\libg_nano.a(lib_a-memchr.o)
                0x1000ca14                memchr
 .text.memmove  0x1000ca2a       0x28 c:/dave_4-4-2_64bit/dave-ide-4.4.2-64bit/eclipse/arm-gcc-49/bin/../lib/gcc/arm-none-eabi/4.9.3/../../../../arm-none-eabi/lib/armv6-m\libg_nano.a(lib_a-memmove.o)
                0x1000ca2a                memmove
 .text._realloc_r
                0x1000ca52       0x4c c:/dave_4-4-2_64bit/dave-ide-4.4.2-64bit/eclipse/arm-gcc-49/bin/../lib/gcc/arm-none-eabi/4.9.3/../../../../arm-none-eabi/lib/armv6-m\libg_nano.a(lib_a-nano-reallocr.o)
                0x1000ca52                _realloc_r
 .text._malloc_usable_size_r
                0x1000ca9e       0x16 c:/dave_4-4-2_64bit/dave-ide-4.4.2-64bit/eclipse/arm-gcc-49/bin/../lib/gcc/arm-none-eabi/4.9.3/../../../../arm-none-eabi/lib/armv6-m\libg_nano.a(lib_a-nano-msizer.o)
                0x1000ca9e                _malloc_usable_size_r
 *(.init)
 *(.fini)
 *crtbegin.o(.ctors)
 *crtbegin?.o(.ctors)
 *(EXCLUDE_FILE(*crtend.o *crtend?.o) .ctors)
 *(SORT(.ctors.*))
 *(.ctors)
 *crtbegin.o(.dtors)
 *crtbegin?.o(.dtors)
 *(EXCLUDE_FILE(*crtend.o *crtend?.o) .dtors)
 *(SORT(.dtors.*))
 *(.dtors)
 *(.rodata .rodata.*)
 .rodata.str1.1
                0x1000cab4       0x11 ./optiga-trust-m-lib/optiga/comms/ifx_i2c/ifx_i2c_presentation_layer.o
 .rodata.g_pctr_states_table
                0x1000cac5       0x10 ./optiga-trust-m-lib/optiga/comms/ifx_i2c/ifx_i2c_transport_layer.o
 .rodata        0x1000cad5        0x2 ./optiga-trust-m-lib/optiga/common/optiga_lib_logger.o
 .rodata.str1.1
                0x1000cad7       0x51 ./optiga-trust-m-lib/optiga/common/optiga_lib_logger.o
 .rodata.g_optiga_unique_application_identifier
                0x1000cb28       0x10 ./optiga-trust-m-lib/optiga/cmd/optiga_cmd.o
                0x1000cb28                g_optiga_unique_application_identifier
 .rodata.FSb    0x1000cb38      0x100 ./optiga-trust-m-lib/externals/mbedtls/library/aes.o
 .rodata.RT0    0x1000cc38      0x400 ./optiga-trust-m-lib/externals/mbedtls/library/aes.o
 .rodata.RT1    0x1000d038      0x400 ./optiga-trust-m-lib/externals/mbedtls/library/aes.o
 .rodata.RT2    0x1000d438      0x400 ./optiga-trust-m-lib/externals/mbedtls/library/aes.o
 .rodata.RT3    0x1000d838      0x400 ./optiga-trust-m-lib/externals/mbedtls/library/aes.o
 .rodata.RCON   0x1000dc38       0x28 ./optiga-trust-m-lib/externals/mbedtls/library/aes.o
 .rodata.FT0    0x1000dc60      0x400 ./optiga-trust-m-lib/externals/mbedtls/library/aes.o
 .rodata.FT1    0x1000e060      0x400 ./optiga-trust-m-lib/externals/mbedtls/library/aes.o
 .rodata.FT2    0x1000e460      0x400 ./optiga-trust-m-lib/externals/mbedtls/library/aes.o
 .rodata.FT3    0x1000e860      0x400 ./optiga-trust-m-lib/externals/mbedtls/library/aes.o
 .rodata.RSb    0x1000ec60      0x100 ./optiga-trust-m-lib/externals/mbedtls/library/aes.o
 .rodata.aes_info
                0x1000ed60       0x18 ./optiga-trust-m-lib/externals/mbedtls/library/cipher_wrap.o
 .rodata.aes_192_ccm_info
                0x1000ed78       0x1c ./optiga-trust-m-lib/externals/mbedtls/library/cipher_wrap.o
 .rodata.mbedtls_cipher_definitions
                0x1000ed94       0x38 ./optiga-trust-m-lib/externals/mbedtls/library/cipher_wrap.o
                0x1000ed94                mbedtls_cipher_definitions
 .rodata.aes_128_ccm_info
                0x1000edcc       0x1c ./optiga-trust-m-lib/externals/mbedtls/library/cipher_wrap.o
 .rodata.str1.1
                0x1000ede8       0x48 ./optiga-trust-m-lib/externals/mbedtls/library/cipher_wrap.o
 .rodata.ccm_aes_info
                0x1000ee30       0x18 ./optiga-trust-m-lib/externals/mbedtls/library/cipher_wrap.o
 .rodata.aes_256_ccm_info
                0x1000ee48       0x1c ./optiga-trust-m-lib/externals/mbedtls/library/cipher_wrap.o
 .rodata.aes_192_ecb_info
                0x1000ee64       0x1c ./optiga-trust-m-lib/externals/mbedtls/library/cipher_wrap.o
 .rodata.aes_256_ecb_info
                0x1000ee80       0x1c ./optiga-trust-m-lib/externals/mbedtls/library/cipher_wrap.o
 .rodata.aes_128_ecb_info
                0x1000ee9c       0x1c ./optiga-trust-m-lib/externals/mbedtls/library/cipher_wrap.o
 .rodata.mbedtls_sha224_info
                0x1000eeb8       0x30 ./optiga-trust-m-lib/externals/mbedtls/library/md_wrap.o
                0x1000eeb8                mbedtls_sha224_info
 .rodata.str1.1
                0x1000eee8        0xe ./optiga-trust-m-lib/externals/mbedtls/library/md_wrap.o
 *fill*         0x1000eef6        0x2 
 .rodata.mbedtls_sha256_info
                0x1000eef8       0x30 ./optiga-trust-m-lib/externals/mbedtls/library/md_wrap.o
                0x1000eef8                mbedtls_sha256_info
 .rodata.K      0x1000ef28      0x100 ./optiga-trust-m-lib/externals/mbedtls/library/sha256.o
 .rodata.str1.1
                0x1000f028       0x1b ./optiga-trust-m-lib/examples/example_optiga_crypt_ecc_generate_keypair.o
                                 0x20 (size before relaxing)
 .rodata.__FUNCTION__.6003
                0x1000f043       0x2a ./optiga-trust-m-lib/examples/example_optiga_crypt_ecc_generate_keypair.o
 .rodata.str1.1
                0x00000000       0x20 ./optiga-trust-m-lib/examples/example_optiga_crypt_ecdh.o
 .rodata.__FUNCTION__.6006
                0x1000f06d       0x1a ./optiga-trust-m-lib/examples/example_optiga_crypt_ecdh.o
 .rodata.str1.1
                0x00000000       0x20 ./optiga-trust-m-lib/examples/example_optiga_crypt_ecdsa_sign.o
 .rodata.__FUNCTION__.6003
                0x1000f087       0x20 ./optiga-trust-m-lib/examples/example_optiga_crypt_ecdsa_sign.o
 *fill*         0x1000f0a7        0x1 
 .rodata        0x1000f0a8        0x8 ./optiga-trust-m-lib/examples/example_optiga_crypt_ecdsa_verify.o
 .rodata.str1.1
                0x00000000       0x20 ./optiga-trust-m-lib/examples/example_optiga_crypt_ecdsa_verify.o
 .rodata.__FUNCTION__.6004
                0x1000f0b0       0x22 ./optiga-trust-m-lib/examples/example_optiga_crypt_ecdsa_verify.o
 .rodata.str1.1
                0x1000f0d2       0x21 ./optiga-trust-m-lib/examples/example_optiga_crypt_hash.o
                                 0x41 (size before relaxing)
 .rodata.__FUNCTION__.6005
                0x1000f0f3       0x1a ./optiga-trust-m-lib/examples/example_optiga_crypt_hash.o
 .rodata.str1.1
                0x1000f10d        0x6 ./optiga-trust-m-lib/examples/example_optiga_crypt_random.o
                                 0x26 (size before relaxing)
 .rodata.__FUNCTION__.6001
                0x1000f113       0x1c ./optiga-trust-m-lib/examples/example_optiga_crypt_random.o
 .rodata        0x1000f12f        0x2 ./optiga-trust-m-lib/examples/example_optiga_crypt_rsa_decrypt.o
 .rodata.__FUNCTION__.6035
                0x1000f131       0x2b ./optiga-trust-m-lib/examples/example_optiga_crypt_rsa_decrypt.o
 .rodata.str1.1
                0x1000f15c       0x2a ./optiga-trust-m-lib/examples/example_optiga_crypt_rsa_decrypt.o
                                 0x4a (size before relaxing)
 .rodata.__FUNCTION__.6011
                0x1000f186       0x2c ./optiga-trust-m-lib/examples/example_optiga_crypt_rsa_decrypt.o
 .rodata.str1.1
                0x00000000       0x20 ./optiga-trust-m-lib/examples/example_optiga_crypt_rsa_encrypt_message.o
 .rodata.__FUNCTION__.6006
                0x1000f1b2       0x29 ./optiga-trust-m-lib/examples/example_optiga_crypt_rsa_encrypt_message.o
 .rodata        0x1000f1db        0x2 ./optiga-trust-m-lib/examples/example_optiga_crypt_rsa_encrypt_session.o
 .rodata.__FUNCTION__.6009
                0x1000f1dd       0x29 ./optiga-trust-m-lib/examples/example_optiga_crypt_rsa_encrypt_session.o
 .rodata.str1.1
                0x00000000       0x20 ./optiga-trust-m-lib/examples/example_optiga_crypt_rsa_encrypt_session.o
 .rodata.str1.1
                0x00000000       0x20 ./optiga-trust-m-lib/examples/example_optiga_crypt_rsa_generate_keypair.o
 .rodata.__FUNCTION__.6003
                0x1000f206       0x2a ./optiga-trust-m-lib/examples/example_optiga_crypt_rsa_generate_keypair.o
 .rodata.str1.1
                0x00000000       0x20 ./optiga-trust-m-lib/examples/example_optiga_crypt_rsa_sign.o