   1              	 .cpu cortex-m0
   2              	 .fpu softvfp
   3              	 .eabi_attribute 20,1
   4              	 .eabi_attribute 21,1
   5              	 .eabi_attribute 23,3
   6              	 .eabi_attribute 24,1
   7              	 .eabi_attribute 25,1
   8              	 .eabi_attribute 26,1
   9              	 .eabi_attribute 30,4
  10              	 .eabi_attribute 34,0
  11              	 .eabi_attribute 18,4
  12              	 .code 16
  13              	 .file "pal.c"
  14              	 .text
  15              	.Ltext0:
  16              	 .cfi_sections .debug_frame
  17              	 .section .text.pal_init,"ax",%progbits
  18              	 .align 1
  19              	 .global pal_init
  20              	 .code 16
  21              	 .thumb_func
  23              	pal_init:
  24              	.LFB276:
  25              	 .file 1 "C:/Workspace/DAVE-4.4.2-64Bit/optiga-trust-m/pal/xmc-dave/pal.c"
   1:C:/Workspace/DAVE-4.4.2-64Bit/optiga-trust-m/pal/xmc-dave\pal.c **** /**
   2:C:/Workspace/DAVE-4.4.2-64Bit/optiga-trust-m/pal/xmc-dave\pal.c **** * \copyright
   3:C:/Workspace/DAVE-4.4.2-64Bit/optiga-trust-m/pal/xmc-dave\pal.c **** * MIT License
   4:C:/Workspace/DAVE-4.4.2-64Bit/optiga-trust-m/pal/xmc-dave\pal.c **** *
   5:C:/Workspace/DAVE-4.4.2-64Bit/optiga-trust-m/pal/xmc-dave\pal.c **** * Copyright (c) 2019 Infineon Technologies AG
   6:C:/Workspace/DAVE-4.4.2-64Bit/optiga-trust-m/pal/xmc-dave\pal.c **** *
   7:C:/Workspace/DAVE-4.4.2-64Bit/optiga-trust-m/pal/xmc-dave\pal.c **** * Permission is hereby granted, free of charge, to any person obtaining a copy
   8:C:/Workspace/DAVE-4.4.2-64Bit/optiga-trust-m/pal/xmc-dave\pal.c **** * of this software and associated documentation files (the "Software"), to deal
   9:C:/Workspace/DAVE-4.4.2-64Bit/optiga-trust-m/pal/xmc-dave\pal.c **** * in the Software without restriction, including without limitation the rights
  10:C:/Workspace/DAVE-4.4.2-64Bit/optiga-trust-m/pal/xmc-dave\pal.c **** * to use, copy, modify, merge, publish, distribute, sublicense, and/or sell
  11:C:/Workspace/DAVE-4.4.2-64Bit/optiga-trust-m/pal/xmc-dave\pal.c **** * copies of the Software, and to permit persons to whom the Software is
  12:C:/Workspace/DAVE-4.4.2-64Bit/optiga-trust-m/pal/xmc-dave\pal.c **** * furnished to do so, subject to the following conditions:
  13:C:/Workspace/DAVE-4.4.2-64Bit/optiga-trust-m/pal/xmc-dave\pal.c **** *
  14:C:/Workspace/DAVE-4.4.2-64Bit/optiga-trust-m/pal/xmc-dave\pal.c **** * The above copyright notice and this permission notice shall be included in all
  15:C:/Workspace/DAVE-4.4.2-64Bit/optiga-trust-m/pal/xmc-dave\pal.c **** * copies or substantial portions of the Software.
  16:C:/Workspace/DAVE-4.4.2-64Bit/optiga-trust-m/pal/xmc-dave\pal.c **** *
  17:C:/Workspace/DAVE-4.4.2-64Bit/optiga-trust-m/pal/xmc-dave\pal.c **** * THE SOFTWARE IS PROVIDED "AS IS", WITHOUT WARRANTY OF ANY KIND, EXPRESS OR
  18:C:/Workspace/DAVE-4.4.2-64Bit/optiga-trust-m/pal/xmc-dave\pal.c **** * IMPLIED, INCLUDING BUT NOT LIMITED TO THE WARRANTIES OF MERCHANTABILITY,
  19:C:/Workspace/DAVE-4.4.2-64Bit/optiga-trust-m/pal/xmc-dave\pal.c **** * FITNESS FOR A PARTICULAR PURPOSE AND NONINFRINGEMENT. IN NO EVENT SHALL THE
  20:C:/Workspace/DAVE-4.4.2-64Bit/optiga-trust-m/pal/xmc-dave\pal.c **** * AUTHORS OR COPYRIGHT HOLDERS BE LIABLE FOR ANY CLAIM, DAMAGES OR OTHER
  21:C:/Workspace/DAVE-4.4.2-64Bit/optiga-trust-m/pal/xmc-dave\pal.c **** * LIABILITY, WHETHER IN AN ACTION OF CONTRACT, TORT OR OTHERWISE, ARISING FROM,
  22:C:/Workspace/DAVE-4.4.2-64Bit/optiga-trust-m/pal/xmc-dave\pal.c **** * OUT OF OR IN CONNECTION WITH THE SOFTWARE OR THE USE OR OTHER DEALINGS IN THE
  23:C:/Workspace/DAVE-4.4.2-64Bit/optiga-trust-m/pal/xmc-dave\pal.c **** * SOFTWARE
  24:C:/Workspace/DAVE-4.4.2-64Bit/optiga-trust-m/pal/xmc-dave\pal.c **** *
  25:C:/Workspace/DAVE-4.4.2-64Bit/optiga-trust-m/pal/xmc-dave\pal.c **** * \endcopyright
  26:C:/Workspace/DAVE-4.4.2-64Bit/optiga-trust-m/pal/xmc-dave\pal.c **** *
  27:C:/Workspace/DAVE-4.4.2-64Bit/optiga-trust-m/pal/xmc-dave\pal.c **** * \author Infineon Technologies AG
  28:C:/Workspace/DAVE-4.4.2-64Bit/optiga-trust-m/pal/xmc-dave\pal.c **** *
  29:C:/Workspace/DAVE-4.4.2-64Bit/optiga-trust-m/pal/xmc-dave\pal.c **** * \file pal.c
  30:C:/Workspace/DAVE-4.4.2-64Bit/optiga-trust-m/pal/xmc-dave\pal.c **** *
  31:C:/Workspace/DAVE-4.4.2-64Bit/optiga-trust-m/pal/xmc-dave\pal.c **** * \brief    This file implements the platform abstraction layer APIs.
  32:C:/Workspace/DAVE-4.4.2-64Bit/optiga-trust-m/pal/xmc-dave\pal.c **** *
  33:C:/Workspace/DAVE-4.4.2-64Bit/optiga-trust-m/pal/xmc-dave\pal.c **** * \ingroup  grPAL
  34:C:/Workspace/DAVE-4.4.2-64Bit/optiga-trust-m/pal/xmc-dave\pal.c **** *
  35:C:/Workspace/DAVE-4.4.2-64Bit/optiga-trust-m/pal/xmc-dave\pal.c **** * @{
  36:C:/Workspace/DAVE-4.4.2-64Bit/optiga-trust-m/pal/xmc-dave\pal.c **** */
  37:C:/Workspace/DAVE-4.4.2-64Bit/optiga-trust-m/pal/xmc-dave\pal.c **** 
  38:C:/Workspace/DAVE-4.4.2-64Bit/optiga-trust-m/pal/xmc-dave\pal.c **** #include <DAVE.h>
  39:C:/Workspace/DAVE-4.4.2-64Bit/optiga-trust-m/pal/xmc-dave\pal.c **** #include "optiga/pal/pal.h"
  40:C:/Workspace/DAVE-4.4.2-64Bit/optiga-trust-m/pal/xmc-dave\pal.c **** 
  41:C:/Workspace/DAVE-4.4.2-64Bit/optiga-trust-m/pal/xmc-dave\pal.c **** 
  42:C:/Workspace/DAVE-4.4.2-64Bit/optiga-trust-m/pal/xmc-dave\pal.c **** pal_status_t pal_init(void)
  43:C:/Workspace/DAVE-4.4.2-64Bit/optiga-trust-m/pal/xmc-dave\pal.c **** {
  26              	 .loc 1 43 0
  27              	 .cfi_startproc
  44:C:/Workspace/DAVE-4.4.2-64Bit/optiga-trust-m/pal/xmc-dave\pal.c ****     return PAL_STATUS_SUCCESS;
  45:C:/Workspace/DAVE-4.4.2-64Bit/optiga-trust-m/pal/xmc-dave\pal.c **** }
  28              	 .loc 1 45 0
  29 0000 0020     	 mov r0,#0
  30              	 
  31 0002 7047     	 bx lr
  32              	 .cfi_endproc
  33              	.LFE276:
  35              	 .section .text.pal_deinit,"ax",%progbits
  36              	 .align 1
  37              	 .global pal_deinit
  38              	 .code 16
  39              	 .thumb_func
  41              	pal_deinit:
  42              	.LFB277:
  46:C:/Workspace/DAVE-4.4.2-64Bit/optiga-trust-m/pal/xmc-dave\pal.c **** 
  47:C:/Workspace/DAVE-4.4.2-64Bit/optiga-trust-m/pal/xmc-dave\pal.c **** 
  48:C:/Workspace/DAVE-4.4.2-64Bit/optiga-trust-m/pal/xmc-dave\pal.c **** pal_status_t pal_deinit(void)
  49:C:/Workspace/DAVE-4.4.2-64Bit/optiga-trust-m/pal/xmc-dave\pal.c **** {
  43              	 .loc 1 49 0
  44              	 .cfi_startproc
  50:C:/Workspace/DAVE-4.4.2-64Bit/optiga-trust-m/pal/xmc-dave\pal.c ****     return PAL_STATUS_SUCCESS;
  51:C:/Workspace/DAVE-4.4.2-64Bit/optiga-trust-m/pal/xmc-dave\pal.c **** }
  45              	 .loc 1 51 0
  46 0000 0020     	 mov r0,#0
  47              	 
  48 0002 7047     	 bx lr
  49              	 .cfi_endproc
  50              	.LFE277:
  52              	 .text
  53              	.Letext0:
  54              	 .file 2 "c:\\dave_4-4-2_64bit\\dave-ide-4.4.2-64bit\\eclipse\\arm-gcc-49\\arm-none-eabi\\include\\machine\\_default_types.h"
  55              	 .file 3 "c:\\dave_4-4-2_64bit\\dave-ide-4.4.2-64bit\\eclipse\\arm-gcc-49\\arm-none-eabi\\include\\stdint.h"
  56              	 .file 4 "C:/Workspace/DAVE-4.4.2-64Bit/optiga-trust-m/optiga/include/optiga/pal/pal.h"
  57              	 .file 5 "C:/Workspace/DAVE-4.4.2-64Bit/xmc1400-getstarted-optiga-trust-m/Libraries/CMSIS/Include/cmsis_gcc.h"
  58              	 .file 6 "C:/Workspace/DAVE-4.4.2-64Bit/xmc1400-getstarted-optiga-trust-m/Libraries/CMSIS/Infineon/XMC1400_series/Include/system_XMC1400.h"
DEFINED SYMBOLS
                            *ABS*:00000000 pal.c
    {standard input}:18     .text.pal_init:00000000 $t
    {standard input}:23     .text.pal_init:00000000 pal_init
    {standard input}:36     .text.pal_deinit:00000000 $t
    {standard input}:41     .text.pal_deinit:00000000 pal_deinit
                     .debug_frame:00000010 $d

NO UNDEFINED SYMBOLS
