18:08:50 **** Incremental Build of configuration Debug for project xmc1400-getstarted-optiga-trust-m ****
"\"C:\\DAVE_4-4-2_64bit\\DAVE-IDE-4.4.2-64Bit\\eclipse\\ARM-GCC-49\\bin\\make\"" --output-sync -j8 all 
'Invoking: ARM-GCC Print Size'
"C:/DAVE_4-4-2_64bit/DAVE-IDE-4.4.2-64Bit/eclipse/ARM-GCC-49/bin/arm-none-eabi-size" --format=berkeley "xmc1400-getstarted-optiga-trust-m.elf"
   text	   data	    bss	    dec	    hex	filename
  54620	   4928	   9692	  69240	  10e78	xmc1400-getstarted-optiga-trust-m.elf
'Finished building: xmc1400-getstarted-optiga-trust-m.siz'


18:08:51 Build Finished (took 1s.272ms)

